Archive member included because of file (symbol)

D:/Users/abmkhan/Ingenico_Workspace/TMSServiceImpl/Bin/GNU_ARM_DEBUG_TETRA/libTMSServiceImpl.a(TMSServiceImpl.o)
                              Obj/GNU_ARM_DEBUG_TETRA/main.o (ingenico::TMSService::TMSServiceImpl::TMSServiceImpl())
D:/Users/abmkhan/Ingenico_Workspace/TMSServiceImpl/Bin/GNU_ARM_DEBUG_TETRA/libTMSServiceImpl.a(TMSServiceImplCustom.o)
                              D:/Users/abmkhan/Ingenico_Workspace/TMSServiceImpl/Bin/GNU_ARM_DEBUG_TETRA/libTMSServiceImpl.a(TMSServiceImpl.o) (ingenico::TMSService::TMSServiceImplCustom::TMSServiceImplCustom())
D:/Users/abmkhan/Ingenico_Workspace/TMSServiceImpl/Bin/GNU_ARM_DEBUG_TETRA/libTMSServiceImpl.a(setParam.o)
                              D:/Users/abmkhan/Ingenico_Workspace/TMSServiceImpl/Bin/GNU_ARM_DEBUG_TETRA/libTMSServiceImpl.a(TMSServiceImpl.o) (ingenico::TMSService::TMSServiceImpl::setParam(std::string const*, std::string const*, unsigned int const*, std::string const*, std::string const*, std::string const*, std::string const*, std::string const*, std::string const*, std::string&))
D:/Users/abmkhan/Ingenico_Workspace/TMSServiceImpl/Bin/GNU_ARM_DEBUG_TETRA/libTMSServiceImpl.a(getDefaultParam.o)
                              D:/Users/abmkhan/Ingenico_Workspace/TMSServiceImpl/Bin/GNU_ARM_DEBUG_TETRA/libTMSServiceImpl.a(TMSServiceImpl.o) (ingenico::TMSService::TMSServiceImpl::getDefaultParam(std::string&, std::string&, unsigned int&, std::string&, std::string&, std::string&, std::string&, std::string&, std::string&))
D:/Users/abmkhan/Ingenico_Workspace/TMSServiceImpl/Bin/GNU_ARM_DEBUG_TETRA/libTMSServiceImpl.a(getParam.o)
                              D:/Users/abmkhan/Ingenico_Workspace/TMSServiceImpl/Bin/GNU_ARM_DEBUG_TETRA/libTMSServiceImpl.a(TMSServiceImpl.o) (ingenico::TMSService::TMSServiceImpl::getParam(std::string&, std::string&, unsigned int&, std::string&, std::string&, std::string&, std::string&, std::string&, std::string&))
D:/Users/abmkhan/Ingenico_Workspace/TMSServiceImpl/Bin/GNU_ARM_DEBUG_TETRA/libTMSServiceImpl.a(download.o)
                              D:/Users/abmkhan/Ingenico_Workspace/TMSServiceImpl/Bin/GNU_ARM_DEBUG_TETRA/libTMSServiceImpl.a(TMSServiceImpl.o) (ingenico::TMSService::TMSServiceImpl::download())
C:/Program Files/TeliumSDK/SDK11.10.1.01/SDKT3/HW_TETRA/gnu_473/lib/Platform/libtmscall.lib(_ZN8ingenico8software7tmscall13TmsParameters11instantiateEv.o)
                              D:/Users/abmkhan/Ingenico_Workspace/TMSServiceImpl/Bin/GNU_ARM_DEBUG_TETRA/libTMSServiceImpl.a(setParam.o) (ingenico::software::tmscall::TmsParameters::instantiate())
C:/Program Files/TeliumSDK/SDK11.10.1.01/SDKT3/HW_TETRA/gnu_473/lib/Platform/libtmscall.lib(_ZN8ingenico8software7tmscall13TmsParameters11set_gprsapnERKSs.o)
                              D:/Users/abmkhan/Ingenico_Workspace/TMSServiceImpl/Bin/GNU_ARM_DEBUG_TETRA/libTMSServiceImpl.a(setParam.o) (ingenico::software::tmscall::TmsParameters::set_gprsapn(std::string const&))
C:/Program Files/TeliumSDK/SDK11.10.1.01/SDKT3/HW_TETRA/gnu_473/lib/Platform/libtmscall.lib(_ZN8ingenico8software7tmscall13TmsParameters11set_tcpportEj.o)
                              D:/Users/abmkhan/Ingenico_Workspace/TMSServiceImpl/Bin/GNU_ARM_DEBUG_TETRA/libTMSServiceImpl.a(setParam.o) (ingenico::software::tmscall::TmsParameters::set_tcpport(unsigned int))
C:/Program Files/TeliumSDK/SDK11.10.1.01/SDKT3/HW_TETRA/gnu_473/lib/Platform/libtmscall.lib(_ZN8ingenico8software7tmscall13TmsParameters12set_ppploginERKSs.o)
                              D:/Users/abmkhan/Ingenico_Workspace/TMSServiceImpl/Bin/GNU_ARM_DEBUG_TETRA/libTMSServiceImpl.a(setParam.o) (ingenico::software::tmscall::TmsParameters::set_ppplogin(std::string const&))
C:/Program Files/TeliumSDK/SDK11.10.1.01/SDKT3/HW_TETRA/gnu_473/lib/Platform/libtmscall.lib(_ZN8ingenico8software7tmscall13TmsParameters14set_sslprofileERKSs.o)
                              D:/Users/abmkhan/Ingenico_Workspace/TMSServiceImpl/Bin/GNU_ARM_DEBUG_TETRA/libTMSServiceImpl.a(setParam.o) (ingenico::software::tmscall::TmsParameters::set_sslprofile(std::string const&))
C:/Program Files/TeliumSDK/SDK11.10.1.01/SDKT3/HW_TETRA/gnu_473/lib/Platform/libtmscall.lib(_ZN8ingenico8software7tmscall13TmsParameters14set_tmsaddressERKSs.o)
                              D:/Users/abmkhan/Ingenico_Workspace/TMSServiceImpl/Bin/GNU_ARM_DEBUG_TETRA/libTMSServiceImpl.a(setParam.o) (ingenico::software::tmscall::TmsParameters::set_tmsaddress(std::string const&))
C:/Program Files/TeliumSDK/SDK11.10.1.01/SDKT3/HW_TETRA/gnu_473/lib/Platform/libtmscall.lib(_ZN8ingenico8software7tmscall13TmsParameters15set_networktypeENS1_11NetworkTypeE.o)
                              D:/Users/abmkhan/Ingenico_Workspace/TMSServiceImpl/Bin/GNU_ARM_DEBUG_TETRA/libTMSServiceImpl.a(setParam.o) (ingenico::software::tmscall::TmsParameters::set_networktype(ingenico::software::tmscall::NetworkType))
[...]
Memory Configuration

Name             Origin             Length             Attributes
*default*        0x00000000         0xffffffff

Linker script and memory map

LOAD D:/Ingenico/IngeDev_8.6.0.10/toolchains/gnuArm47v7a/arm-islero-linux-gnueabi/sysroot/usr/lib/crti.o
LOAD D:/Ingenico/IngeDev_8.6.0.10/toolchains/gnuArm47v7a/arm-islero-linux-gnueabi/sysroot/usr/lib/crt1.o
LOAD D:/Ingenico/IngeDev_8.6.0.10/toolchains/gnuArm47v7a/lib/gcc/arm-islero-linux-gnueabi/4.7.3/crtbegin.o
LOAD C:/Program Files/TeliumSDK/SDK11.10.1.01/SDKT3/HW_TETRA/gnu_473/startfiles/stapp_legacyentrypoint.o
LOAD Obj/GNU_ARM_DEBUG_TETRA/main.o
START GROUP
LOAD D:/Users/abmkhan/Ingenico_Workspace/TMSServiceImpl/Bin/GNU_ARM_DEBUG_TETRA/libTMSServiceImpl.a
LOAD D:/Users/abmkhan/ingeweb_workspace/TMSService/Bin/GNU_ARM_DEBUG_TETRA/libTMSServi.so
LOAD C:/Program Files/TeliumSDK/SDK11.10.1.01/SDKT3/HW_TETRA/gnu_473/lib/Platform/LIBGRAPHICLIB.LIB
LOAD C:/Program Files/TeliumSDK/SDK11.10.1.01/SDKT3/HW_TETRA/gnu_473/lib/Platform/LIBBATTERY.T3L
LOAD C:/Program Files/TeliumSDK/SDK11.10.1.01/SDKT3/HW_TETRA/gnu_473/lib/Platform/LIBBLIGHT.T3L
LOAD C:/Program Files/TeliumSDK/SDK11.10.1.01/SDKT3/HW_TETRA/gnu_473/lib/Platform/LIBBUZZER.T3L
LOAD C:/Program Files/TeliumSDK/SDK11.10.1.01/SDKT3/HW_TETRA/gnu_473/lib/Platform/LIBCAPTURE.T3L
LOAD C:/Program Files/TeliumSDK/SDK11.10.1.01/SDKT3/HW_TETRA/gnu_473/lib/Platform/LIBPPADTEXT.T3L
LOAD C:/Program Files/TeliumSDK/SDK11.10.1.01/SDKT3/HW_TETRA/gnu_473/lib/Platform/LIBGPS.T3L
LOAD C:/Program Files/TeliumSDK/SDK11.10.1.01/SDKT3/HW_TETRA/gnu_473/lib/Platform/LIBDESKTOP.T3L
LOAD C:/Program Files/TeliumSDK/SDK11.10.1.01/SDKT3/HW_TETRA/gnu_473/lib/Platform/libethernet.lib
LOAD C:/Program Files/TeliumSDK/SDK11.10.1.01/SDKT3/HW_TETRA/gnu_473/lib/Platform/LIBEXPLORER.T3L
LOAD C:/Program Files/TeliumSDK/SDK11.10.1.01/SDKT3/HW_TETRA/gnu_473/lib/Platform/libgprs.lib
LOAD C:/Program Files/TeliumSDK/SDK11.10.1.01/SDKT3/HW_TETRA/gnu_473/lib/Platform/libspmci.lib
LOAD C:/Program Files/TeliumSDK/SDK11.10.1.01/SDKT3/HW_TETRA/gnu_473/lib/Platform/libwifi.lib
LOAD C:/Program Files/TeliumSDK/SDK11.10.1.01/SDKT3/HW_TETRA/gnu_473/lib/Platform/LIBGRAPHICS.T3L
LOAD C:/Program Files/TeliumSDK/SDK11.10.1.01/SDKT3/HW_TETRA/gnu_473/lib/Platform/LIBACCELERO.T3L
LOAD C:/Program Files/TeliumSDK/SDK11.10.1.01/SDKT3/HW_TETRA/gnu_473/lib/Platform/LIBHEADER.T3L
LOAD C:/Program Files/TeliumSDK/SDK11.10.1.01/SDKT3/HW_TETRA/gnu_473/lib/Platform/LIBINACTIVI.T3L
LOAD C:/Program Files/TeliumSDK/SDK11.10.1.01/SDKT3/HW_TETRA/gnu_473/lib/Platform/liblinklayer.lib
LOAD C:/Program Files/TeliumSDK/SDK11.10.1.01/SDKT3/HW_TETRA/gnu_473/lib/Platform/libtmscall.lib
LOAD C:/Program Files/TeliumSDK/SDK11.10.1.01/SDKT3/HW_TETRA/gnu_473/lib/Platform/libtmsdownload.lib
LOAD C:/Program Files/TeliumSDK/SDK11.10.1.01/SDKT3/HW_TETRA/gnu_473/lib/Platform/libmodem.lib
LOAD C:/Program Files/TeliumSDK/SDK11.10.1.01/SDKT3/HW_TETRA/gnu_473/lib/Platform/LIBMONITOR.T3L
LOAD C:/Program Files/TeliumSDK/SDK11.10.1.01/SDKT3/HW_TETRA/gnu_473/lib/Platform/LIBOS.T3L
LOAD C:/Program Files/TeliumSDK/SDK11.10.1.01/SDKT3/HW_TETRA/gnu_473/lib/Platform/libpackip.lib
LOAD C:/Program Files/TeliumSDK/SDK11.10.1.01/SDKT3/HW_TETRA/gnu_473/lib/Platform/libprinter.lib
LOAD C:/Program Files/TeliumSDK/SDK11.10.1.01/SDKT3/HW_TETRA/gnu_473/lib/Platform/LIBPROTOBUF.T3L
LOAD C:/Program Files/TeliumSDK/SDK11.10.1.01/SDKT3/HW_TETRA/gnu_473/lib/Platform/LIBSCRSAVER.T3L
LOAD C:/Program Files/TeliumSDK/SDK11.10.1.01/SDKT3/HW_TETRA/gnu_473/lib/Platform/LIBSERVICE.T3L
LOAD C:/Program Files/TeliumSDK/SDK11.10.1.01/SDKT3/HW_TETRA/gnu_473/lib/Platform/libSecurity.lib
LOAD C:/Program Files/TeliumSDK/SDK11.10.1.01/SDKT3/HW_TETRA/gnu_473/lib/Platform/LIBSETTING.T3L
LOAD C:/Program Files/TeliumSDK/SDK11.10.1.01/SDKT3/HW_TETRA/gnu_473/lib/Platform/libsoftmgt.lib
LOAD C:/Program Files/TeliumSDK/SDK11.10.1.01/SDKT3/HW_TETRA/gnu_473/lib/Platform/LIBSVCDIRPX.T3L
LOAD C:/Program Files/TeliumSDK/SDK11.10.1.01/SDKT3/HW_TETRA/gnu_473/lib/Platform/LIBSVCDIRSK.T3L
LOAD C:/Program Files/TeliumSDK/SDK11.10.1.01/SDKT3/HW_TETRA/gnu_473/lib/Platform/libTrEngine.T3L
LOAD C:/Program Files/TeliumSDK/SDK11.10.1.01/SDKT3/HW_TETRA/gnu_473/lib/Platform/LIBVIRT_KB.T3L
LOAD C:/Program Files/TeliumSDK/SDK11.10.1.01/SDKT3/HW_TETRA/gnu_473/lib/Platform/LIBOSLAYER.LIB
LOAD C:/Program Files/TeliumSDK/SDK11.10.1.01/SDKT3/HW_TETRA/gnu_473/lib/Platform/libtlvtree.lib
LOAD C:/Program Files/TeliumSDK/SDK11.10.1.01/SDKT3/HW_TETRA/gnu_473/lib/Platform/SQLITELIB.a
LOAD C:/Program Files/TeliumSDK/SDK11.10.1.01/SDKT3/HW_TETRA/gnu_473/lib/Platform/LibBridge.T3L
LOAD C:/Program Files/TeliumSDK/SDK11.10.1.01/SDKT3/HW_TETRA/gnu_473/lib/Platform/libbluetooth.lib
LOAD C:/Program Files/TeliumSDK/SDK11.10.1.01/SDKT3/HW_TETRA/gnu_473/lib/Platform/DAL_Lib.a
LOAD C:/Program Files/TeliumSDK/SDK11.10.1.01/SDKT3/HW_TETRA/gnu_473/lib/Platform\libchip.a
LOAD C:/Program Files/TeliumSDK/SDK11.10.1.01/SDKT3/HW_TETRA/gnu_473/lib/Platform\libcless.a
LOAD C:/Program Files/TeliumSDK/SDK11.10.1.01/SDKT3/HW_TETRA/gnu_473/lib/Platform\libgtl.a
LOAD C:/Program Files/TeliumSDK/SDK11.10.1.01/SDKT3/HW_TETRA/gnu_473/lib/Platform\libled.a
LOAD C:/Program Files/TeliumSDK/SDK11.10.1.01/SDKT3/HW_TETRA/gnu_473/lib/Platform\libPpad.a
LOAD C:/Program Files/TeliumSDK/SDK11.10.1.01/SDKT3/HW_TETRA/gnu_473/lib/Platform\libswipe.a
LOAD C:/Program Files/TeliumSDK/SDK11.10.1.01/SDKT3/HW_TETRA/gnu_473/lib/Platform\libtransac.a
LOAD C:/Program Files/TeliumSDK/SDK11.10.1.01/SDKT3/HW_TETRA/gnu_473/lib/OS/libtelinux.so
LOAD d:\ingenico\ingedev_8.6.0.10\toolchains\gnuarm47v7a\bin\../arm-islero-linux-gnueabi/sysroot/usr/lib/libc.so
START GROUP
LOAD d:\ingenico\ingedev_8.6.0.10\toolchains\gnuarm47v7a\bin\../arm-islero-linux-gnueabi/sysroot/lib/libc.so.6
LOAD d:\ingenico\ingedev_8.6.0.10\toolchains\gnuarm47v7a\bin\../arm-islero-linux-gnueabi/sysroot/usr/lib/libc_nonshared.a
LOAD d:\ingenico\ingedev_8.6.0.10\toolchains\gnuarm47v7a\bin\../arm-islero-linux-gnueabi/sysroot/lib/ld-linux.so.3
END GROUP
START GROUP
LOAD d:\ingenico\ingedev_8.6.0.10\toolchains\gnuarm47v7a\bin\../arm-islero-linux-gnueabi/sysroot/lib/libc.so.6
LOAD d:\ingenico\ingedev_8.6.0.10\toolchains\gnuarm47v7a\bin\../arm-islero-linux-gnueabi/sysroot/usr/lib/libc_nonshared.a
LOAD d:\ingenico\ingedev_8.6.0.10\toolchains\gnuarm47v7a\bin\../arm-islero-linux-gnueabi/sysroot/lib/ld-linux.so.3
END GROUP
LOAD D:/Ingenico/IngeDev_8.6.0.10/toolchains/gnuArm47v7a/lib/gcc/arm-islero-linux-gnueabi/4.7.3\libgcc.a
LOAD D:/Ingenico/IngeDev_8.6.0.10/toolchains/gnuArm47v7a/arm-islero-linux-gnueabi/lib/libgcc_s.so
START GROUP
LOAD D:/Ingenico/IngeDev_8.6.0.10/toolchains/gnuArm47v7a/arm-islero-linux-gnueabi/lib\libgcc_s.so.1
LOAD D:/Ingenico/IngeDev_8.6.0.10/toolchains/gnuArm47v7a/lib/gcc/arm-islero-linux-gnueabi/4.7.3\libgcc.a
END GROUP
START GROUP
LOAD D:/Ingenico/IngeDev_8.6.0.10/toolchains/gnuArm47v7a/arm-islero-linux-gnueabi/lib\libgcc_s.so.1
LOAD D:/Ingenico/IngeDev_8.6.0.10/toolchains/gnuArm47v7a/lib/gcc/arm-islero-linux-gnueabi/4.7.3\libgcc.a
END GROUP
LOAD D:/Ingenico/IngeDev_8.6.0.10/toolchains/gnuArm47v7a/arm-islero-linux-gnueabi/lib/libstdc++.so
END GROUP
LOAD D:/Ingenico/IngeDev_8.6.0.10/toolchains/gnuArm47v7a/lib/gcc/arm-islero-linux-gnueabi/4.7.3/crtend.o
LOAD D:/Ingenico/IngeDev_8.6.0.10/toolchains/gnuArm47v7a/arm-islero-linux-gnueabi/sysroot/usr/lib/crtn.o
LOAD C:/Program Files/TeliumSDK/SDK11.10.1.01/SDKT3/HW_TETRA/gnu_473/startfiles/stapp_legacyexitpoint.o
                0x00008000                PROVIDE (__executable_start, 0x8000)
                0x00008134                . = (0x8000 + SIZEOF_HEADERS)

.interp         0x00008134       0x13
 *(.interp)
 .interp        0x00008134       0x13 D:/Ingenico/IngeDev_8.6.0.10/toolchains/gnuArm47v7a/arm-islero-linux-gnueabi/sysroot/usr/lib/crti.o

.note.ABI-tag   0x00008148       0x20
 .note.ABI-tag  0x00008148       0x20 D:/Ingenico/IngeDev_8.6.0.10/toolchains/gnuArm47v7a/arm-islero-linux-gnueabi/sysroot/usr/lib/crt1.o

.note.gnu.build-id
 *(.note.gnu.build-id)

.hash           0x00008168      0x4d0
 *(.hash)
 .hash          0x00008168      0x4d0 D:/Ingenico/IngeDev_8.6.0.10/toolchains/gnuArm47v7a/arm-islero-linux-gnueabi/sysroot/usr/lib/crti.o

.gnu.hash
 *(.gnu.hash)

.dynsym         0x00008638      0xaf0
 *(.dynsym)
 .dynsym        0x00008638      0xaf0 D:/Ingenico/IngeDev_8.6.0.10/toolchains/gnuArm47v7a/arm-islero-linux-gnueabi/sysroot/usr/lib/crti.o

.dynstr         0x00009128     0x1e2b
 *(.dynstr)
 .dynstr        0x00009128     0x1e2b D:/Ingenico/IngeDev_8.6.0.10/toolchains/gnuArm47v7a/arm-islero-linux-gnueabi/sysroot/usr/lib/crti.o

.gnu.version    0x0000af54      0x15e
 *(.gnu.version)
 .gnu.version   0x0000af54      0x15e D:/Ingenico/IngeDev_8.6.0.10/toolchains/gnuArm47v7a/arm-islero-linux-gnueabi/sysroot/usr/lib/crti.o

.gnu.version_d  0x0000b0b4        0x0
 *(.gnu.version_d)
 .gnu.version_d
                0x00000000        0x0 D:/Ingenico/IngeDev_8.6.0.10/toolchains/gnuArm47v7a/arm-islero-linux-gnueabi/sysroot/usr/lib/crti.o

.gnu.version_r  0x0000b0b4       0xc0
 *(.gnu.version_r)
 .gnu.version_r
                0x0000b0b4       0xc0 D:/Ingenico/IngeDev_8.6.0.10/toolchains/gnuArm47v7a/arm-islero-linux-gnueabi/sysroot/usr/lib/crti.o

.rel.dyn        0x0000b174       0x70
 *(.rel.init)
 *(.rel.text .rel.text.* .rel.gnu.linkonce.t.*)
 *(.rel.fini)
 *(.rel.rodata .rel.rodata.* .rel.gnu.linkonce.r.*)
 *(.rel.data.rel.ro* .rel.gnu.linkonce.d.rel.ro.*)
 *(.rel.data .rel.data.* .rel.gnu.linkonce.d.*)
 *(.rel.tdata .rel.tdata.* .rel.gnu.linkonce.td.*)
 *(.rel.tbss .rel.tbss.* .rel.gnu.linkonce.tb.*)
 *(.rel.ctors)
 *(.rel.dtors)
 *(.rel.got)
 .rel.got       0x0000b174       0x50 D:/Ingenico/IngeDev_8.6.0.10/toolchains/gnuArm47v7a/arm-islero-linux-gnueabi/sysroot/usr/lib/crti.o
 *(.rel.bss .rel.bss.* .rel.gnu.linkonce.b.*)
 .rel.bss       0x0000b1c4       0x20 D:/Ingenico/IngeDev_8.6.0.10/toolchains/gnuArm47v7a/arm-islero-linux-gnueabi/sysroot/usr/lib/crti.o
                0x0000b1e4                PROVIDE (__rel_iplt_start, .)
 *(.rel.iplt)
                0x0000b1e4                PROVIDE (__rel_iplt_end, .)
                0x0000b1e4                PROVIDE (__rela_iplt_start, .)
                0x0000b1e4                PROVIDE (__rela_iplt_end, .)

.rela.dyn       0x0000b1e4        0x0
 *(.rela.init)
 *(.rela.text .rela.text.* .rela.gnu.linkonce.t.*)
 *(.rela.fini)
 *(.rela.rodata .rela.rodata.* .rela.gnu.linkonce.r.*)
 *(.rela.data .rela.data.* .rela.gnu.linkonce.d.*)
 *(.rela.tdata .rela.tdata.* .rela.gnu.linkonce.td.*)
 *(.rela.tbss .rela.tbss.* .rela.gnu.linkonce.tb.*)
 *(.rela.ctors)
 *(.rela.dtors)
 *(.rela.got)
 *(.rela.bss .rela.bss.* .rela.gnu.linkonce.b.*)
                0x0000b1e4                PROVIDE (__rel_iplt_start, .)
                0x0000b1e4                PROVIDE (__rel_iplt_end, .)
                0x0000b1e4                PROVIDE (__rela_iplt_start, .)
 *(.rela.iplt)
                0x0000b1e4                PROVIDE (__rela_iplt_end, .)

.rel.plt        0x0000b1e4      0x4a8
 *(.rel.plt)
 .rel.plt       0x0000b1e4      0x4a8 D:/Ingenico/IngeDev_8.6.0.10/toolchains/gnuArm47v7a/arm-islero-linux-gnueabi/sysroot/usr/lib/crti.o

.rela.plt
 *(.rela.plt)

.init           0x0000b68c        0xc
 *(.init)
 .init          0x0000b68c        0x8 D:/Ingenico/IngeDev_8.6.0.10/toolchains/gnuArm47v7a/arm-islero-linux-gnueabi/sysroot/usr/lib/crti.o
                0x0000b68c                _init
 .init          0x0000b694        0x4 D:/Ingenico/IngeDev_8.6.0.10/toolchains/gnuArm47v7a/arm-islero-linux-gnueabi/sysroot/usr/lib/crtn.o

.plt            0x0000b698      0x71c
 *(.plt)
 .plt           0x0000b698      0x71c D:/Ingenico/IngeDev_8.6.0.10/toolchains/gnuArm47v7a/arm-islero-linux-gnueabi/sysroot/usr/lib/crti.o
                0x0000b6ac                Odm_AppGetCurrentAppliIdentifier
                0x0000b6b8                operator new(unsigned int)@@GLIBCXX_3.4
                0x0000b6c4                ingenico::graphics::GraphicLib::GraphicLib(std::string const&, std::string const&)
                0x0000b6d0                ingenico::service::Interfacable::zfuInterfacable09()
                0x0000b6dc                ingenico::service::Interfacable::zfuInterfacable27()
                0x0000b6e8                ingenico::service::Service::dispatch(unsigned long)
                0x0000b6f4                getpid@@GLIBC_2.4
                0x0000b700                ingenico::service::Proxyable::disconnect()
                0x0000b70c                ingenico::service::Interfacable::zfuInterfacable06()
                0x0000b718                ingenico::service::Interfacable::zfuInterfacable24()
                0x0000b724                std::string::compare(char const*) const@@GLIBCXX_3.4
                0x0000b730                ingenico::service::Interfacable::zfuInterfacable03()
                0x0000b73c                ingenico::TMSService::GetDefaultParamResponse::set_ppplogin(std::string const&)
                0x0000b748                ingenico::service::Interfacable::zfuInterfacable21()
                0x0000b754                ingenico::TMSService::SetParamResponse::instantiate()
                0x0000b760                ingenico::TMSService::GetParamResponse::set_tmsaddress(std::string const&)
                0x0000b76c                ingenico::TMSService::GetParamResponse::set_ppplogin(std::string const&)
                0x0000b778                ingenico::TMSService::SetParamRequest::has_networktype() const
                0x0000b784                ingenico::TMSService::SetParamRequest::tcpport() const
                0x0000b790                ingenico::service::Interfacable::zfuInterfacable00()
                0x0000b79c                ingenico::TMSService::SetParamRequest::sslprofile() const
                0x0000b7a8                ingenico::service::Interfacable::unbind(ingenico::service::MessageBindable*)
                0x0000b7b4                ingenico::service::Interfacable::zfuInterfacable11()
                0x0000b7c0                ingenico::TMSService::SetParamRequest::networktype() const
                0x0000b7cc                ingenico::TMSService::SetParamRequest::tmsaddress() const
                0x0000b7d8                ingenico::TMSService::GetParamResponse::set_tcpport(unsigned int)
                0x0000b7e4                ingenico::service::Service::addProxy(ingenico::service::Proxyable&)
                0x0000b7f0                ingenico::TMSService::SetParamRequest::phonenumber() const
                0x0000b7fc                ingenico::service::Service::addInterface(ingenico::service::Interfacable&)
                0x0000b808                ingenico::service::Directory::Directory()
                0x0000b814                ingenico::service::Interfacable::zfuInterfacable13()
                0x0000b820                iniparser_getint
                0x0000b82c                ingenico::service::Interfacable::zfuInterfacable28()
                0x0000b838                ingenico::TMSService::SetParamRequest::has_ppplogin() const
                0x0000b844                ingenico::TMSService::GetDefaultParamResponse::set_gprsapn(std::string const&)
                0x0000b850                Odm_ApplicationGetCurrent
                0x0000b85c                ingenico::service::Interfacable::zfuInterfacable17()
                0x0000b868                ingenico::TMSService::SetParamRequest::instantiate()
                0x0000b874                ingenico::TMSService::GetDefaultParamResponse::set_tcpport(unsigned int)
                0x0000b880                ingenico::TMSService::GetParamResponse::instantiate()
                0x0000b88c                std::basic_string<char, std::char_traits<char>, std::allocator<char> >::basic_string(std::string const&)@@GLIBCXX_3.4
                0x0000b898                ingenico::TMSService::SetParamRequest::has_tcpport() const
                0x0000b8a4                ingenico::service::Interfacable::bind(ingenico::service::MessageBindable*)
                0x0000b8b0                Odm_AppGetAppliTypeFromAppId
                0x0000b8bc                ingenico::service::Permissions::Permissions(std::string const&)
                0x0000b8c8                ingenico::service::Manifest::add_servicedescriptor(char const*)
                0x0000b8d4                ingenico::TMSService::DownloadResponse::instantiate()
                0x0000b8e0                Sap_trace_debug
                0x0000b8ec                ingenico::service::Interfacable::raise(ingenico::service::Link&)
                0x0000b8f8                ingenico::service::Interfacable::Interfacable(ingenico::service::Link::LinkType, ingenico::service::Service*)
                0x0000b904                snprintf@@GLIBC_2.4
                0x0000b910                ingenico::TMSService::GetParamResponse::set_ppppassword(std::string const&)
                0x0000b91c                ingenico::service::Interfacable::zfuInterfacable16()
                0x0000b928                ingenico::service::Interfacable::zfuInterfacable05()
                0x0000b934                ingenico::service::Interfacable::zfuInterfacable23()
                0x0000b940                abort@@GLIBC_2.4
                0x0000b94c                pause@@GLIBC_2.4
                0x0000b958                ingenico::TMSService::DownloadRequest::instantiate()
                0x0000b964                ingenico::service::Link::decode(google::protobuf::Message&)
                0x0000b970                ingenico::service::Proxyable::isConnected()
                0x0000b97c                std::string::operator=(std::string const&)@@GLIBCXX_3.4
                0x0000b988                ingenico::service::Service::Service(ingenico::service::Manifest&, ingenico::os::Poller*)
                0x0000b998                kill@@GLIBC_2.4
                0x0000b9a4                std::basic_string<char, std::char_traits<char>, std::allocator<char> >::basic_string()@@GLIBCXX_3.4
                0x0000b9b0                COREDBG_StackOverFlowSet
                0x0000b9bc                operator delete(void*)@@GLIBCXX_3.4
                0x0000b9c8                ingenico::service::Manifest::set_description(char const*)
                0x0000b9d4                ingenico::TMSService::SetParamRequest::ppppassword() const
                0x0000b9e0                iniparser_freedict
                0x0000b9ec                ingenico::TMSService::GetDefaultParamResponse::set_phonenumber(std::string const&)
                0x0000b9f8                ingenico::TMSService::SetParamRequest::has_ppppassword() const
                0x0000ba04                ingenico::TMSService::SetParamRequest::has_gprsapn() const
                0x0000ba10                ingenico::service::Interfacable::zfuInterfacable10()
                0x0000ba1c                ingenico::TMSService::GetDefaultParamResponse::set_networktype(std::string const&)
                0x0000ba28                ingenico::service::Directory::~Directory()
                0x0000ba34                std::allocator<char>::~allocator()@@GLIBCXX_3.4
                0x0000ba40                ingenico::service::Interfacable::zfuInterfacable18()
                0x0000ba4c                ingenico::TMSService::GetParamResponse::set_phonenumber(std::string const&)
                0x0000ba58                OSL_Logger_Log
                0x0000ba64                __cxa_end_cleanup@@CXXABI_1.3
                0x0000ba70                __dynamic_cast@@CXXABI_1.3
                0x0000ba7c                std::basic_string<char, std::char_traits<char>, std::allocator<char> >::basic_string(char const*, std::allocator<char> const&)@@GLIBCXX_3.4
                0x0000ba88                ingenico::service::Interfacable::bind(unsigned long long, ingenico::os::Error (*)(ingenico::service::Link&), std::string const&)
                0x0000ba94                access@@GLIBC_2.4
                0x0000baa0                ingenico::service::Interfacable::zfuInterfacable15()
                0x0000baac                ingenico::service::Manifest::instantiate()
                0x0000bab8                ingenico::TMSService::SetParamRequest::contractnumber() const
                0x0000bac4                ingenico::TMSService::GetParamResponse::set_contractnumber(std::string const&)
                0x0000bad0                ingenico::service::Interfacable::zfuInterfacable12()
                0x0000badc                ingenico::service::Link::send(google::protobuf::Message&)
                0x0000bae8                ingenico::TMSService::GetDefaultParamResponse::set_sslprofile(std::string const&)
                0x0000baf4                __cxa_call_unexpected@@CXXABI_1.3
                0x0000bb00                ingenico::TMSService::GetDefaultParamResponse::instantiate()
                0x0000bb0c                Stapp_LegacyInstall
                0x0000bb18                pthread_cancel@@GLIBC_2.4
                0x0000bb24                ingenico::TMSService::GetDefaultParamResponse::set_ppppassword(std::string const&)
                0x0000bb30                __aeabi_atexit@@GLIBC_2.4
                0x0000bb3c                ingenico::service::Permissions::~Permissions()
                0x0000bb48                ingenico::TMSService::GetDefaultParamResponse::set_tmsaddress(std::string const&)
                0x0000bb54                ingenico::TMSService::SetParamRequest::ppplogin() const
                0x0000bb60                ingenico::service::Interfacable::zfuInterfacable02()
                0x0000bb6c                ingenico::service::Interfacable::zfuInterfacable20()
                0x0000bb78                std::string::c_str() const@@GLIBCXX_3.4
                0x0000bb84                ingenico::service::Interfacable::unbind(unsigned long long, ingenico::os::Error (*)(ingenico::service::Link&))
                0x0000bb90                ingenico::service::Interfacable::zfuInterfacable04()
                0x0000bb9c                ingenico::service::Interfacable::zfuInterfacable22()
                0x0000bba8                ingenico::service::Interfacable::zfuInterfacable19()
                0x0000bbb4                std::string::operator=(char const*)@@GLIBCXX_3.4
                0x0000bbc0                ingenico::service::Interfacable::zfuInterfacable08()
                0x0000bbcc                ingenico::service::Interfacable::zfuInterfacable26()
                0x0000bbd8                ingenico::TMSService::GetParamRequest::instantiate()
                0x0000bbe4                ingenico::TMSService::GetParamResponse::set_sslprofile(std::string const&)
                0x0000bbf0                ingenico::TMSService::SetParamRequest::has_tmsaddress() const
                0x0000bbfc                ingenico::TMSService::SetParamRequest::has_phonenumber() const
                0x0000bc08                ingenico::TMSService::SetParamResponse::set_setparam(std::string const&)
                0x0000bc14                Sys_GetMode
                0x0000bc24                Stapp_LegacyInstall_end
                0x0000bc30                ingenico::service::Service::Service(ingenico::os::Poller*)
                0x0000bc3c                std::basic_string<char, std::char_traits<char>, std::allocator<char> >::~basic_string()@@GLIBCXX_3.4
                0x0000bc48                OSL_InitFuncAndBranch
                0x0000bc54                ingenico::service::Directory::add(ingenico::service::Manifest const&)
                0x0000bc60                ingenico::service::Manifest::set_serviceclass(char const*)
                0x0000bc6c                ingenico::TMSService::GetDefaultParamResponse::set_contractnumber(std::string const&)
                0x0000bc78                std::basic_ostringstream<char, std::char_traits<char>, std::allocator<char> >::basic_ostringstream(std::_Ios_Openmode)@@GLIBCXX_3.4
                0x0000bc84                __gxx_personality_v0@@CXXABI_1.3
                0x0000bc90                ingenico::TMSService::SetParamRequest::has_contractnumber() const
                0x0000bca0                Stapp_LegacyUninstall
                0x0000bcac                ingenico::service::Service::~Service()
                0x0000bcb8                ingenico::TMSService::GetParamResponse::set_networktype(std::string const&)
                0x0000bcc4                ingenico::service::Service::attachProxy(ingenico::service::Proxyable&, std::string const&, unsigned int)
                0x0000bcd0                ingenico::service::Interfacable::zfuInterfacable07()
                0x0000bcdc                ingenico::service::Interfacable::zfuInterfacable25()
                0x0000bce8                ingenico::service::Interfacable::zfuInterfacable14()
                0x0000bcf4                ingenico::TMSService::SetParamRequest::gprsapn() const
                0x0000bd00                std::allocator<char>::allocator()@@GLIBCXX_3.4
                0x0000bd0c                ingenico::service::Interfacable::zfuInterfacable29()
                0x0000bd18                ingenico::TMSService::SetParamRequest::has_sslprofile() const
                0x0000bd24                getenv@@GLIBC_2.4
                0x0000bd30                __libc_start_main@@GLIBC_2.4
                0x0000bd3c                ingenico::service::Interfacable::~Interfacable()
                0x0000bd48                ingenico::TMSService::GetParamResponse::set_gprsapn(std::string const&)
                0x0000bd54                iniparser_load
                0x0000bd6c                __cxa_pure_virtual@@CXXABI_1.3
                0x0000bd78                ingenico::service::Directory::connect(std::string const&, unsigned int)
                0x0000bd84                std::basic_ostringstream<char, std::char_traits<char>, std::allocator<char> >::~basic_ostringstream()@@GLIBCXX_3.4
                0x0000bd90                ingenico::TMSService::GetDefaultParamRequest::instantiate()
                0x0000bd9c                ingenico::emulation::BridgeTplus::BridgeTplus()
                0x0000bda8                ingenico::service::Interfacable::zfuInterfacable01()

.iplt
 *(.iplt)

.text           0x0000bdb4     0x5154
 *(.text.unlikely .text.*_unlikely)
 *(.text.exit .text.exit.*)
 .text.exit     0x0000bdb4      0x120 C:/Program Files/TeliumSDK/SDK11.10.1.01/SDKT3/HW_TETRA/gnu_473/startfiles/stapp_legacyexitpoint.o
                0x0000bdb4                telinux_after_main_last
                0x0000be10                telinux_gmon_dump_prepare
 *(.text.startup .text.startup.*)
 .text.startup  0x0000bed4       0xd4 C:/Program Files/TeliumSDK/SDK11.10.1.01/SDKT3/HW_TETRA/gnu_473/startfiles/stapp_legacyentrypoint.o
                0x0000bef4                telinux_before_main_first
                0x0000bf74                telinux_before_main_last
 *(.text.hot .text.hot.*)
 *(.text .stub .text.* .gnu.linkonce.t.*)
 .text          0x0000bfa8       0x24 D:/Ingenico/IngeDev_8.6.0.10/toolchains/gnuArm47v7a/arm-islero-linux-gnueabi/sysroot/usr/lib/crti.o
 .text          0x0000bfcc       0x3c D:/Ingenico/IngeDev_8.6.0.10/toolchains/gnuArm47v7a/arm-islero-linux-gnueabi/sysroot/usr/lib/crt1.o
                0x0000bfcc                _start
 .text          0x0000c008       0xd8 D:/Ingenico/IngeDev_8.6.0.10/toolchains/gnuArm47v7a/lib/gcc/arm-islero-linux-gnueabi/4.7.3/crtbegin.o
 .text          0x0000c0e0       0x60 C:/Program Files/TeliumSDK/SDK11.10.1.01/SDKT3/HW_TETRA/gnu_473/startfiles/stapp_legacyentrypoint.o
                0x0000c0e0                entry
                0x0000c108                __stack_chk_fail
 .text          0x0000c140      0x22c Obj/GNU_ARM_DEBUG_TETRA/main.o
                0x0000c140                main
 .text._ZNSt8auto_ptrIN8ingenico7service8ManifestEED2Ev
                0x0000c36c       0x50 Obj/GNU_ARM_DEBUG_TETRA/main.o
                0x0000c36c                std::auto_ptr<ingenico::service::Manifest>::~auto_ptr()
                0x0000c36c                std::auto_ptr<ingenico::service::Manifest>::~auto_ptr()
 .text._ZNSt8auto_ptrIN8ingenico7service8ManifestEEcvSt12auto_ptr_refIT_EIS2_EEv
                0x0000c3bc       0x48 Obj/GNU_ARM_DEBUG_TETRA/main.o
                0x0000c3bc                _ZNSt8auto_ptrIN8ingenico7service8ManifestEEcvSt12auto_ptr_refIT_EIS2_EEv
 .text._ZNSt8auto_ptrIN8ingenico7service8ManifestEEC2ESt12auto_ptr_refIS2_E
                0x0000c404       0x3c Obj/GNU_ARM_DEBUG_TETRA/main.o
                0x0000c404                std::auto_ptr<ingenico::service::Manifest>::auto_ptr(std::auto_ptr_ref<ingenico::service::Manifest>)
                0x0000c404                std::auto_ptr<ingenico::service::Manifest>::auto_ptr(std::auto_ptr_ref<ingenico::service::Manifest>)
 .text._ZNKSt8auto_ptrIN8ingenico7service8ManifestEEptEv
                0x0000c440       0x38 Obj/GNU_ARM_DEBUG_TETRA/main.o
                0x0000c440                std::auto_ptr<ingenico::service::Manifest>::operator->() const
 .text._ZNKSt8auto_ptrIN8ingenico7service8ManifestEEdeEv
                0x0000c478       0x38 Obj/GNU_ARM_DEBUG_TETRA/main.o
                0x0000c478                std::auto_ptr<ingenico::service::Manifest>::operator*() const
 .text._ZNSt8auto_ptrIN8ingenico7service8ManifestEE7releaseEv
                0x0000c4b0       0x40 Obj/GNU_ARM_DEBUG_TETRA/main.o
                0x0000c4b0                std::auto_ptr<ingenico::service::Manifest>::release()
 .text._ZNSt12auto_ptr_refIN8ingenico7service8ManifestEEC2EPS2_
                0x0000c4f0       0x3c Obj/GNU_ARM_DEBUG_TETRA/main.o
                0x0000c4f0                std::auto_ptr_ref<ingenico::service::Manifest>::auto_ptr_ref(ingenico::service::Manifest*)
                0x0000c4f0                std::auto_ptr_ref<ingenico::service::Manifest>::auto_ptr_ref(ingenico::service::Manifest*)
 .text          0x0000c52c     0x1318 D:/Users/abmkhan/Ingenico_Workspace/TMSServiceImpl/Bin/GNU_ARM_DEBUG_TETRA/libTMSServiceImpl.a(TMSServiceImpl.o)
                0x0000c52c                ingenico::TMSService::TMSServiceImpl::TMSServiceImpl()
                0x0000c52c                ingenico::TMSService::TMSServiceImpl::TMSServiceImpl()
                0x0000c6c4                ingenico::TMSService::TMSServiceImpl::TMSServiceImpl(ingenico::service::Interfacable*)
                0x0000c6c4                ingenico::TMSService::TMSServiceImpl::TMSServiceImpl(ingenico::service::Interfacable*)
                0x0000c86c                ingenico::TMSService::TMSServiceImpl::TMSServiceImpl(ingenico::TMSService::TMSServiceImpl const&)
                0x0000c86c                ingenico::TMSService::TMSServiceImpl::TMSServiceImpl(ingenico::TMSService::TMSServiceImpl const&)
                0x0000c8e8                ingenico::TMSService::TMSServiceImpl::operator=(ingenico::TMSService::TMSServiceImpl const&)
                0x0000c924                ingenico::TMSService::TMSServiceImpl::~TMSServiceImpl()
                0x0000c924                ingenico::TMSService::TMSServiceImpl::~TMSServiceImpl()
                0x0000cabc                ingenico::TMSService::TMSServiceImpl::~TMSServiceImpl()
                0x0000cb00                ingenico::TMSService::TMSServiceImpl::getCustomImpl() const
                0x0000cb3c                ingenico::TMSService::TMSServiceImpl::internalSetParam(ingenico::service::Link&)
                0x0000d038                ingenico::TMSService::TMSServiceImpl::internalGetParam(ingenico::service::Link&)
                0x0000d380                ingenico::TMSService::TMSServiceImpl::internalGetDefaultParam(ingenico::service::Link&)
                0x0000d6c8                ingenico::TMSService::TMSServiceImpl::internalDownload(ingenico::service::Link&)
                0x0000d808                ingenico::TMSService::TMSServiceImpl::getLink()
 .text._ZN8ingenico7service15MessageBindableD2Ev
                0x0000d844       0x58 D:/Users/abmkhan/Ingenico_Workspace/TMSServiceImpl/Bin/GNU_ARM_DEBUG_TETRA/libTMSServiceImpl.a(TMSServiceImpl.o)
                0x0000d844                ingenico::service::MessageBindable::~MessageBindable()
                0x0000d844                ingenico::service::MessageBindable::~MessageBindable()
 .text._ZN8ingenico7service15MessageBindableD0Ev
                0x0000d89c       0x44 D:/Users/abmkhan/Ingenico_Workspace/TMSServiceImpl/Bin/GNU_ARM_DEBUG_TETRA/libTMSServiceImpl.a(TMSServiceImpl.o)
                0x0000d89c                ingenico::service::MessageBindable::~MessageBindable()
 .text._ZN8ingenico7service15MessageBindableC2Ev
                0x0000d8e0       0x48 D:/Users/abmkhan/Ingenico_Workspace/TMSServiceImpl/Bin/GNU_ARM_DEBUG_TETRA/libTMSServiceImpl.a(TMSServiceImpl.o)
                0x0000d8e0                ingenico::service::MessageBindable::MessageBindable()
                0x0000d8e0                ingenico::service::MessageBindable::MessageBindable()
 .text._ZN8ingenico7service12Interfacable4bindINS_10TMSService14TMSServiceImplEEEvyPT_MS5_FNS_2os5ErrorERNS0_4LinkEERKSs
                0x0000d928       0xb4 D:/Users/abmkhan/Ingenico_Workspace/TMSServiceImpl/Bin/GNU_ARM_DEBUG_TETRA/libTMSServiceImpl.a(TMSServiceImpl.o)
                0x0000d928                void ingenico::service::Interfacable::bind<ingenico::TMSService::TMSServiceImpl>(unsigned long long, ingenico::TMSService::TMSServiceImpl*, ingenico::os::Error (ingenico::TMSService::TMSServiceImpl::*)(ingenico::service::Link&), std::string const&)
 .text._ZN8ingenico7service12Interfacable6unbindINS_10TMSService14TMSServiceImplEEEvyPT_MS5_FNS_2os5ErrorERNS0_4LinkEE
                0x0000d9dc      0x104 D:/Users/abmkhan/Ingenico_Workspace/TMSServiceImpl/Bin/GNU_ARM_DEBUG_TETRA/libTMSServiceImpl.a(TMSServiceImpl.o)
                0x0000d9dc                void ingenico::service::Interfacable::unbind<ingenico::TMSService::TMSServiceImpl>(unsigned long long, ingenico::TMSService::TMSServiceImpl*, ingenico::os::Error (ingenico::TMSService::TMSServiceImpl::*)(ingenico::service::Link&))
 .text._ZNSt8auto_ptrIN8ingenico10TMSService15SetParamRequestEED2Ev
                0x0000dae0       0x54 D:/Users/abmkhan/Ingenico_Workspace/TMSServiceImpl/Bin/GNU_ARM_DEBUG_TETRA/libTMSServiceImpl.a(TMSServiceImpl.o)
                0x0000dae0                std::auto_ptr<ingenico::TMSService::SetParamRequest>::~auto_ptr()
                0x0000dae0                std::auto_ptr<ingenico::TMSService::SetParamRequest>::~auto_ptr()
 .text._ZNSt8auto_ptrIN8ingenico10TMSService15SetParamRequestEEcvSt12auto_ptr_refIT_EIS2_EEv
                0x0000db34       0x64 D:/Users/abmkhan/Ingenico_Workspace/TMSServiceImpl/Bin/GNU_ARM_DEBUG_TETRA/libTMSServiceImpl.a(TMSServiceImpl.o)
                0x0000db34                _ZNSt8auto_ptrIN8ingenico10TMSService15SetParamRequestEEcvSt12auto_ptr_refIT_EIS2_EEv
 .text._ZNSt8auto_ptrIN8ingenico10TMSService15SetParamRequestEEC2ESt12auto_ptr_refIS2_E
                0x0000db98       0x40 D:/Users/abmkhan/Ingenico_Workspace/TMSServiceImpl/Bin/GNU_ARM_DEBUG_TETRA/libTMSServiceImpl.a(TMSServiceImpl.o)
                0x0000db98                std::auto_ptr<ingenico::TMSService::SetParamRequest>::auto_ptr(std::auto_ptr_ref<ingenico::TMSService::SetParamRequest>)
                0x0000db98                std::auto_ptr<ingenico::TMSService::SetParamRequest>::auto_ptr(std::auto_ptr_ref<ingenico::TMSService::SetParamRequest>)
 .text._ZNSt8auto_ptrIN8ingenico10TMSService16SetParamResponseEED2Ev
                0x0000dbd8       0x54 D:/Users/abmkhan/Ingenico_Workspace/TMSServiceImpl/Bin/GNU_ARM_DEBUG_TETRA/libTMSServiceImpl.a(TMSServiceImpl.o)
                0x0000dbd8                std::auto_ptr<ingenico::TMSService::SetParamResponse>::~auto_ptr()
                0x0000dbd8                std::auto_ptr<ingenico::TMSService::SetParamResponse>::~auto_ptr()
 .text._ZNSt8auto_ptrIN8ingenico10TMSService16SetParamResponseEEcvSt12auto_ptr_refIT_EIS2_EEv
                0x0000dc2c       0x64 D:/Users/abmkhan/Ingenico_Workspace/TMSServiceImpl/Bin/GNU_ARM_DEBUG_TETRA/libTMSServiceImpl.a(TMSServiceImpl.o)
                0x0000dc2c                _ZNSt8auto_ptrIN8ingenico10TMSService16SetParamResponseEEcvSt12auto_ptr_refIT_EIS2_EEv
 .text._ZNSt8auto_ptrIN8ingenico10TMSService16SetParamResponseEEC2ESt12auto_ptr_refIS2_E
                0x0000dc90       0x40 D:/Users/abmkhan/Ingenico_Workspace/TMSServiceImpl/Bin/GNU_ARM_DEBUG_TETRA/libTMSServiceImpl.a(TMSServiceImpl.o)
                0x0000dc90                std::auto_ptr<ingenico::TMSService::SetParamResponse>::auto_ptr(std::auto_ptr_ref<ingenico::TMSService::SetParamResponse>)
                0x0000dc90                std::auto_ptr<ingenico::TMSService::SetParamResponse>::auto_ptr(std::auto_ptr_ref<ingenico::TMSService::SetParamResponse>)
 .text._ZNKSt8auto_ptrIN8ingenico10TMSService15SetParamRequestEEdeEv
                0x0000dcd0       0x3c D:/Users/abmkhan/Ingenico_Workspace/TMSServiceImpl/Bin/GNU_ARM_DEBUG_TETRA/libTMSServiceImpl.a(TMSServiceImpl.o)
                0x0000dcd0                std::auto_ptr<ingenico::TMSService::SetParamRequest>::operator*() const
 .text._ZNKSt8auto_ptrIN8ingenico10TMSService15SetParamRequestEEptEv
                0x0000dd0c       0x3c D:/Users/abmkhan/Ingenico_Workspace/TMSServiceImpl/Bin/GNU_ARM_DEBUG_TETRA/libTMSServiceImpl.a(TMSServiceImpl.o)
                0x0000dd0c                std::auto_ptr<ingenico::TMSService::SetParamRequest>::operator->() const
 .text._ZNKSt8auto_ptrIN8ingenico10TMSService16SetParamResponseEEptEv
                0x0000dd48       0x3c D:/Users/abmkhan/Ingenico_Workspace/TMSServiceImpl/Bin/GNU_ARM_DEBUG_TETRA/libTMSServiceImpl.a(TMSServiceImpl.o)
                0x0000dd48                std::auto_ptr<ingenico::TMSService::SetParamResponse>::operator->() const
 .text._ZNKSt8auto_ptrIN8ingenico10TMSService16SetParamResponseEEdeEv
                0x0000dd84       0x3c D:/Users/abmkhan/Ingenico_Workspace/TMSServiceImpl/Bin/GNU_ARM_DEBUG_TETRA/libTMSServiceImpl.a(TMSServiceImpl.o)
                0x0000dd84                std::auto_ptr<ingenico::TMSService::SetParamResponse>::operator*() const
 .text._ZNSt8auto_ptrIN8ingenico10TMSService15GetParamRequestEED2Ev
                0x0000ddc0       0x54 D:/Users/abmkhan/Ingenico_Workspace/TMSServiceImpl/Bin/GNU_ARM_DEBUG_TETRA/libTMSServiceImpl.a(TMSServiceImpl.o)
                0x0000ddc0                std::auto_ptr<ingenico::TMSService::GetParamRequest>::~auto_ptr()
                0x0000ddc0                std::auto_ptr<ingenico::TMSService::GetParamRequest>::~auto_ptr()
 .text._ZNSt8auto_ptrIN8ingenico10TMSService15GetParamRequestEEcvSt12auto_ptr_refIT_EIS2_EEv
                0x0000de14       0x64 D:/Users/abmkhan/Ingenico_Workspace/TMSServiceImpl/Bin/GNU_ARM_DEBUG_TETRA/libTMSServiceImpl.a(TMSServiceImpl.o)
                0x0000de14                _ZNSt8auto_ptrIN8ingenico10TMSService15GetParamRequestEEcvSt12auto_ptr_refIT_EIS2_EEv
 .text._ZNSt8auto_ptrIN8ingenico10TMSService15GetParamRequestEEC2ESt12auto_ptr_refIS2_E
                0x0000de78       0x40 D:/Users/abmkhan/Ingenico_Workspace/TMSServiceImpl/Bin/GNU_ARM_DEBUG_TETRA/libTMSServiceImpl.a(TMSServiceImpl.o)
                0x0000de78                std::auto_ptr<ingenico::TMSService::GetParamRequest>::auto_ptr(std::auto_ptr_ref<ingenico::TMSService::GetParamRequest>)
                0x0000de78                std::auto_ptr<ingenico::TMSService::GetParamRequest>::auto_ptr(std::auto_ptr_ref<ingenico::TMSService::GetParamRequest>)
 .text._ZNSt8auto_ptrIN8ingenico10TMSService16GetParamResponseEED2Ev
                0x0000deb8       0x54 D:/Users/abmkhan/Ingenico_Workspace/TMSServiceImpl/Bin/GNU_ARM_DEBUG_TETRA/libTMSServiceImpl.a(TMSServiceImpl.o)
                0x0000deb8                std::auto_ptr<ingenico::TMSService::GetParamResponse>::~auto_ptr()
                0x0000deb8                std::auto_ptr<ingenico::TMSService::GetParamResponse>::~auto_ptr()
 .text._ZNSt8auto_ptrIN8ingenico10TMSService16GetParamResponseEEcvSt12auto_ptr_refIT_EIS2_EEv
                0x0000df0c       0x64 D:/Users/abmkhan/Ingenico_Workspace/TMSServiceImpl/Bin/GNU_ARM_DEBUG_TETRA/libTMSServiceImpl.a(TMSServiceImpl.o)
                0x0000df0c                _ZNSt8auto_ptrIN8ingenico10TMSService16GetParamResponseEEcvSt12auto_ptr_refIT_EIS2_EEv
 .text._ZNSt8auto_ptrIN8ingenico10TMSService16GetParamResponseEEC2ESt12auto_ptr_refIS2_E
                0x0000df70       0x40 D:/Users/abmkhan/Ingenico_Workspace/TMSServiceImpl/Bin/GNU_ARM_DEBUG_TETRA/libTMSServiceImpl.a(TMSServiceImpl.o)
                0x0000df70                std::auto_ptr<ingenico::TMSService::GetParamResponse>::auto_ptr(std::auto_ptr_ref<ingenico::TMSService::GetParamResponse>)
                0x0000df70                std::auto_ptr<ingenico::TMSService::GetParamResponse>::auto_ptr(std::auto_ptr_ref<ingenico::TMSService::GetParamResponse>)
 .text._ZNKSt8auto_ptrIN8ingenico10TMSService15GetParamRequestEEdeEv
                0x0000dfb0       0x3c D:/Users/abmkhan/Ingenico_Workspace/TMSServiceImpl/Bin/GNU_ARM_DEBUG_TETRA/libTMSServiceImpl.a(TMSServiceImpl.o)
                0x0000dfb0                std::auto_ptr<ingenico::TMSService::GetParamRequest>::operator*() const
 .text._ZNKSt8auto_ptrIN8ingenico10TMSService16GetParamResponseEEptEv
                0x0000dfec       0x3c D:/Users/abmkhan/Ingenico_Workspace/TMSServiceImpl/Bin/GNU_ARM_DEBUG_TETRA/libTMSServiceImpl.a(TMSServiceImpl.o)
                0x0000dfec                std::auto_ptr<ingenico::TMSService::GetParamResponse>::operator->() const
 .text._ZNKSt8auto_ptrIN8ingenico10TMSService16GetParamResponseEEdeEv
                0x0000e028       0x3c D:/Users/abmkhan/Ingenico_Workspace/TMSServiceImpl/Bin/GNU_ARM_DEBUG_TETRA/libTMSServiceImpl.a(TMSServiceImpl.o)
                0x0000e028                std::auto_ptr<ingenico::TMSService::GetParamResponse>::operator*() const
 .text._ZNSt8auto_ptrIN8ingenico10TMSService22GetDefaultParamRequestEED2Ev
                0x0000e064       0x54 D:/Users/abmkhan/Ingenico_Workspace/TMSServiceImpl/Bin/GNU_ARM_DEBUG_TETRA/libTMSServiceImpl.a(TMSServiceImpl.o)
                0x0000e064                std::auto_ptr<ingenico::TMSService::GetDefaultParamRequest>::~auto_ptr()
                0x0000e064                std::auto_ptr<ingenico::TMSService::GetDefaultParamRequest>::~auto_ptr()
 .text._ZNSt8auto_ptrIN8ingenico10TMSService22GetDefaultParamRequestEEcvSt12auto_ptr_refIT_EIS2_EEv
                0x0000e0b8       0x64 D:/Users/abmkhan/Ingenico_Workspace/TMSServiceImpl/Bin/GNU_ARM_DEBUG_TETRA/libTMSServiceImpl.a(TMSServiceImpl.o)
                0x0000e0b8                _ZNSt8auto_ptrIN8ingenico10TMSService22GetDefaultParamRequestEEcvSt12auto_ptr_refIT_EIS2_EEv
 .text._ZNSt8auto_ptrIN8ingenico10TMSService22GetDefaultParamRequestEEC2ESt12auto_ptr_refIS2_E
                0x0000e11c       0x40 D:/Users/abmkhan/Ingenico_Workspace/TMSServiceImpl/Bin/GNU_ARM_DEBUG_TETRA/libTMSServiceImpl.a(TMSServiceImpl.o)
                0x0000e11c                std::auto_ptr<ingenico::TMSService::GetDefaultParamRequest>::auto_ptr(std::auto_ptr_ref<ingenico::TMSService::GetDefaultParamRequest>)
                0x0000e11c                std::auto_ptr<ingenico::TMSService::GetDefaultParamRequest>::auto_ptr(std::auto_ptr_ref<ingenico::TMSService::GetDefaultParamRequest>)
 .text._ZNSt8auto_ptrIN8ingenico10TMSService23GetDefaultParamResponseEED2Ev
                0x0000e15c       0x54 D:/Users/abmkhan/Ingenico_Workspace/TMSServiceImpl/Bin/GNU_ARM_DEBUG_TETRA/libTMSServiceImpl.a(TMSServiceImpl.o)
                0x0000e15c                std::auto_ptr<ingenico::TMSService::GetDefaultParamResponse>::~auto_ptr()
                0x0000e15c                std::auto_ptr<ingenico::TMSService::GetDefaultParamResponse>::~auto_ptr()
 .text._ZNSt8auto_ptrIN8ingenico10TMSService23GetDefaultParamResponseEEcvSt12auto_ptr_refIT_EIS2_EEv
                0x0000e1b0       0x64 D:/Users/abmkhan/Ingenico_Workspace/TMSServiceImpl/Bin/GNU_ARM_DEBUG_TETRA/libTMSServiceImpl.a(TMSServiceImpl.o)
                0x0000e1b0                _ZNSt8auto_ptrIN8ingenico10TMSService23GetDefaultParamResponseEEcvSt12auto_ptr_refIT_EIS2_EEv
 .text._ZNSt8auto_ptrIN8ingenico10TMSService23GetDefaultParamResponseEEC2ESt12auto_ptr_refIS2_E
                0x0000e214       0x40 D:/Users/abmkhan/Ingenico_Workspace/TMSServiceImpl/Bin/GNU_ARM_DEBUG_TETRA/libTMSServiceImpl.a(TMSServiceImpl.o)
                0x0000e214                std::auto_ptr<ingenico::TMSService::GetDefaultParamResponse>::auto_ptr(std::auto_ptr_ref<ingenico::TMSService::GetDefaultParamResponse>)
                0x0000e214                std::auto_ptr<ingenico::TMSService::GetDefaultParamResponse>::auto_ptr(std::auto_ptr_ref<ingenico::TMSService::GetDefaultParamResponse>)
 .text._ZNKSt8auto_ptrIN8ingenico10TMSService22GetDefaultParamRequestEEdeEv
                0x0000e254       0x3c D:/Users/abmkhan/Ingenico_Workspace/TMSServiceImpl/Bin/GNU_ARM_DEBUG_TETRA/libTMSServiceImpl.a(TMSServiceImpl.o)
                0x0000e254                std::auto_ptr<ingenico::TMSService::GetDefaultParamRequest>::operator*() const
 .text._ZNKSt8auto_ptrIN8ingenico10TMSService23GetDefaultParamResponseEEptEv
                0x0000e290       0x3c D:/Users/abmkhan/Ingenico_Workspace/TMSServiceImpl/Bin/GNU_ARM_DEBUG_TETRA/libTMSServiceImpl.a(TMSServiceImpl.o)
                0x0000e290                std::auto_ptr<ingenico::TMSService::GetDefaultParamResponse>::operator->() const
 .text._ZNKSt8auto_ptrIN8ingenico10TMSService23GetDefaultParamResponseEEdeEv
                0x0000e2cc       0x3c D:/Users/abmkhan/Ingenico_Workspace/TMSServiceImpl/Bin/GNU_ARM_DEBUG_TETRA/libTMSServiceImpl.a(TMSServiceImpl.o)
                0x0000e2cc                std::auto_ptr<ingenico::TMSService::GetDefaultParamResponse>::operator*() const
 .text._ZNSt8auto_ptrIN8ingenico10TMSService15DownloadRequestEED2Ev
                0x0000e308       0x54 D:/Users/abmkhan/Ingenico_Workspace/TMSServiceImpl/Bin/GNU_ARM_DEBUG_TETRA/libTMSServiceImpl.a(TMSServiceImpl.o)
                0x0000e308                std::auto_ptr<ingenico::TMSService::DownloadRequest>::~auto_ptr()
                0x0000e308                std::auto_ptr<ingenico::TMSService::DownloadRequest>::~auto_ptr()
 .text._ZNSt8auto_ptrIN8ingenico10TMSService15DownloadRequestEEcvSt12auto_ptr_refIT_EIS2_EEv
                0x0000e35c       0x64 D:/Users/abmkhan/Ingenico_Workspace/TMSServiceImpl/Bin/GNU_ARM_DEBUG_TETRA/libTMSServiceImpl.a(TMSServiceImpl.o)
                0x0000e35c                _ZNSt8auto_ptrIN8ingenico10TMSService15DownloadRequestEEcvSt12auto_ptr_refIT_EIS2_EEv
 .text._ZNSt8auto_ptrIN8ingenico10TMSService15DownloadRequestEEC2ESt12auto_ptr_refIS2_E
                0x0000e3c0       0x40 D:/Users/abmkhan/Ingenico_Workspace/TMSServiceImpl/Bin/GNU_ARM_DEBUG_TETRA/libTMSServiceImpl.a(TMSServiceImpl.o)
                0x0000e3c0                std::auto_ptr<ingenico::TMSService::DownloadRequest>::auto_ptr(std::auto_ptr_ref<ingenico::TMSService::DownloadRequest>)
                0x0000e3c0                std::auto_ptr<ingenico::TMSService::DownloadRequest>::auto_ptr(std::auto_ptr_ref<ingenico::TMSService::DownloadRequest>)
 .text._ZNSt8auto_ptrIN8ingenico10TMSService16DownloadResponseEED2Ev
                0x0000e400       0x54 D:/Users/abmkhan/Ingenico_Workspace/TMSServiceImpl/Bin/GNU_ARM_DEBUG_TETRA/libTMSServiceImpl.a(TMSServiceImpl.o)
                0x0000e400                std::auto_ptr<ingenico::TMSService::DownloadResponse>::~auto_ptr()
                0x0000e400                std::auto_ptr<ingenico::TMSService::DownloadResponse>::~auto_ptr()
 .text._ZNSt8auto_ptrIN8ingenico10TMSService16DownloadResponseEEcvSt12auto_ptr_refIT_EIS2_EEv
                0x0000e454       0x64 D:/Users/abmkhan/Ingenico_Workspace/TMSServiceImpl/Bin/GNU_ARM_DEBUG_TETRA/libTMSServiceImpl.a(TMSServiceImpl.o)
                0x0000e454                _ZNSt8auto_ptrIN8ingenico10TMSService16DownloadResponseEEcvSt12auto_ptr_refIT_EIS2_EEv
 .text._ZNSt8auto_ptrIN8ingenico10TMSService16DownloadResponseEEC2ESt12auto_ptr_refIS2_E
                0x0000e4b8       0x40 D:/Users/abmkhan/Ingenico_Workspace/TMSServiceImpl/Bin/GNU_ARM_DEBUG_TETRA/libTMSServiceImpl.a(TMSServiceImpl.o)
                0x0000e4b8                std::auto_ptr<ingenico::TMSService::DownloadResponse>::auto_ptr(std::auto_ptr_ref<ingenico::TMSService::DownloadResponse>)
                0x0000e4b8                std::auto_ptr<ingenico::TMSService::DownloadResponse>::auto_ptr(std::auto_ptr_ref<ingenico::TMSService::DownloadResponse>)
 .text._ZNKSt8auto_ptrIN8ingenico10TMSService15DownloadRequestEEdeEv
                0x0000e4f8       0x3c D:/Users/abmkhan/Ingenico_Workspace/TMSServiceImpl/Bin/GNU_ARM_DEBUG_TETRA/libTMSServiceImpl.a(TMSServiceImpl.o)
                0x0000e4f8                std::auto_ptr<ingenico::TMSService::DownloadRequest>::operator*() const
 .text._ZNKSt8auto_ptrIN8ingenico10TMSService16DownloadResponseEEdeEv
                0x0000e534       0x3c D:/Users/abmkhan/Ingenico_Workspace/TMSServiceImpl/Bin/GNU_ARM_DEBUG_TETRA/libTMSServiceImpl.a(TMSServiceImpl.o)
                0x0000e534                std::auto_ptr<ingenico::TMSService::DownloadResponse>::operator*() const
 .text._ZN8ingenico7service17MessageMethodBindINS_10TMSService14TMSServiceImplEEC2EyPS3_MS3_FNS_2os5ErrorERNS0_4LinkEERKSs
                0x0000e570       0xa4 D:/Users/abmkhan/Ingenico_Workspace/TMSServiceImpl/Bin/GNU_ARM_DEBUG_TETRA/libTMSServiceImpl.a(TMSServiceImpl.o)
                0x0000e570                ingenico::service::MessageMethodBind<ingenico::TMSService::TMSServiceImpl>::MessageMethodBind(unsigned long long, ingenico::TMSService::TMSServiceImpl*, ingenico::os::Error (ingenico::TMSService::TMSServiceImpl::*)(ingenico::service::Link&), std::string const&)
                0x0000e570                ingenico::service::MessageMethodBind<ingenico::TMSService::TMSServiceImpl>::MessageMethodBind(unsigned long long, ingenico::TMSService::TMSServiceImpl*, ingenico::os::Error (ingenico::TMSService::TMSServiceImpl::*)(ingenico::service::Link&), std::string const&)
 .text._ZNSt8auto_ptrIN8ingenico10TMSService15SetParamRequestEE7releaseEv
                0x0000e614       0x44 D:/Users/abmkhan/Ingenico_Workspace/TMSServiceImpl/Bin/GNU_ARM_DEBUG_TETRA/libTMSServiceImpl.a(TMSServiceImpl.o)
                0x0000e614                std::auto_ptr<ingenico::TMSService::SetParamRequest>::release()
 .text._ZNSt12auto_ptr_refIN8ingenico10TMSService15SetParamRequestEEC2EPS2_
                0x0000e658       0x40 D:/Users/abmkhan/Ingenico_Workspace/TMSServiceImpl/Bin/GNU_ARM_DEBUG_TETRA/libTMSServiceImpl.a(TMSServiceImpl.o)
                0x0000e658                std::auto_ptr_ref<ingenico::TMSService::SetParamRequest>::auto_ptr_ref(ingenico::TMSService::SetParamRequest*)
                0x0000e658                std::auto_ptr_ref<ingenico::TMSService::SetParamRequest>::auto_ptr_ref(ingenico::TMSService::SetParamRequest*)
 .text._ZNSt8auto_ptrIN8ingenico10TMSService16SetParamResponseEE7releaseEv
                0x0000e698       0x44 D:/Users/abmkhan/Ingenico_Workspace/TMSServiceImpl/Bin/GNU_ARM_DEBUG_TETRA/libTMSServiceImpl.a(TMSServiceImpl.o)
                0x0000e698                std::auto_ptr<ingenico::TMSService::SetParamResponse>::release()
 .text._ZNSt12auto_ptr_refIN8ingenico10TMSService16SetParamResponseEEC2EPS2_
                0x0000e6dc       0x40 D:/Users/abmkhan/Ingenico_Workspace/TMSServiceImpl/Bin/GNU_ARM_DEBUG_TETRA/libTMSServiceImpl.a(TMSServiceImpl.o)
                0x0000e6dc                std::auto_ptr_ref<ingenico::TMSService::SetParamResponse>::auto_ptr_ref(ingenico::TMSService::SetParamResponse*)
                0x0000e6dc                std::auto_ptr_ref<ingenico::TMSService::SetParamResponse>::auto_ptr_ref(ingenico::TMSService::SetParamResponse*)
 .text._ZNSt8auto_ptrIN8ingenico10TMSService15GetParamRequestEE7releaseEv
                0x0000e71c       0x44 D:/Users/abmkhan/Ingenico_Workspace/TMSServiceImpl/Bin/GNU_ARM_DEBUG_TETRA/libTMSServiceImpl.a(TMSServiceImpl.o)
                0x0000e71c                std::auto_ptr<ingenico::TMSService::GetParamRequest>::release()
 .text._ZNSt12auto_ptr_refIN8ingenico10TMSService15GetParamRequestEEC2EPS2_
                0x0000e760       0x40 D:/Users/abmkhan/Ingenico_Workspace/TMSServiceImpl/Bin/GNU_ARM_DEBUG_TETRA/libTMSServiceImpl.a(TMSServiceImpl.o)
                0x0000e760                std::auto_ptr_ref<ingenico::TMSService::GetParamRequest>::auto_ptr_ref(ingenico::TMSService::GetParamRequest*)
                0x0000e760                std::auto_ptr_ref<ingenico::TMSService::GetParamRequest>::auto_ptr_ref(ingenico::TMSService::GetParamRequest*)
 .text._ZNSt8auto_ptrIN8ingenico10TMSService16GetParamResponseEE7releaseEv
                0x0000e7a0       0x44 D:/Users/abmkhan/Ingenico_Workspace/TMSServiceImpl/Bin/GNU_ARM_DEBUG_TETRA/libTMSServiceImpl.a(TMSServiceImpl.o)
                0x0000e7a0                std::auto_ptr<ingenico::TMSService::GetParamResponse>::release()
 .text._ZNSt12auto_ptr_refIN8ingenico10TMSService16GetParamResponseEEC2EPS2_
                0x0000e7e4       0x40 D:/Users/abmkhan/Ingenico_Workspace/TMSServiceImpl/Bin/GNU_ARM_DEBUG_TETRA/libTMSServiceImpl.a(TMSServiceImpl.o)
                0x0000e7e4                std::auto_ptr_ref<ingenico::TMSService::GetParamResponse>::auto_ptr_ref(ingenico::TMSService::GetParamResponse*)
                0x0000e7e4                std::auto_ptr_ref<ingenico::TMSService::GetParamResponse>::auto_ptr_ref(ingenico::TMSService::GetParamResponse*)
 .text._ZNSt8auto_ptrIN8ingenico10TMSService22GetDefaultParamRequestEE7releaseEv
                0x0000e824       0x44 D:/Users/abmkhan/Ingenico_Workspace/TMSServiceImpl/Bin/GNU_ARM_DEBUG_TETRA/libTMSServiceImpl.a(TMSServiceImpl.o)
                0x0000e824                std::auto_ptr<ingenico::TMSService::GetDefaultParamRequest>::release()
 .text._ZNSt12auto_ptr_refIN8ingenico10TMSService22GetDefaultParamRequestEEC2EPS2_
                0x0000e868       0x40 D:/Users/abmkhan/Ingenico_Workspace/TMSServiceImpl/Bin/GNU_ARM_DEBUG_TETRA/libTMSServiceImpl.a(TMSServiceImpl.o)
                0x0000e868                std::auto_ptr_ref<ingenico::TMSService::GetDefaultParamRequest>::auto_ptr_ref(ingenico::TMSService::GetDefaultParamRequest*)
                0x0000e868                std::auto_ptr_ref<ingenico::TMSService::GetDefaultParamRequest>::auto_ptr_ref(ingenico::TMSService::GetDefaultParamRequest*)
 .text._ZNSt8auto_ptrIN8ingenico10TMSService23GetDefaultParamResponseEE7releaseEv
                0x0000e8a8       0x44 D:/Users/abmkhan/Ingenico_Workspace/TMSServiceImpl/Bin/GNU_ARM_DEBUG_TETRA/libTMSServiceImpl.a(TMSServiceImpl.o)
                0x0000e8a8                std::auto_ptr<ingenico::TMSService::GetDefaultParamResponse>::release()
 .text._ZNSt12auto_ptr_refIN8ingenico10TMSService23GetDefaultParamResponseEEC2EPS2_
                0x0000e8ec       0x40 D:/Users/abmkhan/Ingenico_Workspace/TMSServiceImpl/Bin/GNU_ARM_DEBUG_TETRA/libTMSServiceImpl.a(TMSServiceImpl.o)
                0x0000e8ec                std::auto_ptr_ref<ingenico::TMSService::GetDefaultParamResponse>::auto_ptr_ref(ingenico::TMSService::GetDefaultParamResponse*)
                0x0000e8ec                std::auto_ptr_ref<ingenico::TMSService::GetDefaultParamResponse>::auto_ptr_ref(ingenico::TMSService::GetDefaultParamResponse*)
 .text._ZNSt8auto_ptrIN8ingenico10TMSService15DownloadRequestEE7releaseEv
                0x0000e92c       0x44 D:/Users/abmkhan/Ingenico_Workspace/TMSServiceImpl/Bin/GNU_ARM_DEBUG_TETRA/libTMSServiceImpl.a(TMSServiceImpl.o)
                0x0000e92c                std::auto_ptr<ingenico::TMSService::DownloadRequest>::release()
 .text._ZNSt12auto_ptr_refIN8ingenico10TMSService15DownloadRequestEEC2EPS2_
                0x0000e970       0x40 D:/Users/abmkhan/Ingenico_Workspace/TMSServiceImpl/Bin/GNU_ARM_DEBUG_TETRA/libTMSServiceImpl.a(TMSServiceImpl.o)
                0x0000e970                std::auto_ptr_ref<ingenico::TMSService::DownloadRequest>::auto_ptr_ref(ingenico::TMSService::DownloadRequest*)
                0x0000e970                std::auto_ptr_ref<ingenico::TMSService::DownloadRequest>::auto_ptr_ref(ingenico::TMSService::DownloadRequest*)
 .text._ZNSt8auto_ptrIN8ingenico10TMSService16DownloadResponseEE7releaseEv
                0x0000e9b0       0x44 D:/Users/abmkhan/Ingenico_Workspace/TMSServiceImpl/Bin/GNU_ARM_DEBUG_TETRA/libTMSServiceImpl.a(TMSServiceImpl.o)
                0x0000e9b0                std::auto_ptr<ingenico::TMSService::DownloadResponse>::release()
 .text._ZNSt12auto_ptr_refIN8ingenico10TMSService16DownloadResponseEEC2EPS2_
                0x0000e9f4       0x40 D:/Users/abmkhan/Ingenico_Workspace/TMSServiceImpl/Bin/GNU_ARM_DEBUG_TETRA/libTMSServiceImpl.a(TMSServiceImpl.o)
                0x0000e9f4                std::auto_ptr_ref<ingenico::TMSService::DownloadResponse>::auto_ptr_ref(ingenico::TMSService::DownloadResponse*)
                0x0000e9f4                std::auto_ptr_ref<ingenico::TMSService::DownloadResponse>::auto_ptr_ref(ingenico::TMSService::DownloadResponse*)
 .text._ZN8ingenico7service17MessageMethodBindINS_10TMSService14TMSServiceImplEE5raiseERNS0_4LinkE
                0x0000ea34       0x74 D:/Users/abmkhan/Ingenico_Workspace/TMSServiceImpl/Bin/GNU_ARM_DEBUG_TETRA/libTMSServiceImpl.a(TMSServiceImpl.o)
                0x0000ea34                ingenico::service::MessageMethodBind<ingenico::TMSService::TMSServiceImpl>::raise(ingenico::service::Link&)
 .text._ZN8ingenico7service17MessageMethodBindINS_10TMSService14TMSServiceImplEEeqERKNS0_15MessageBindableE
                0x0000eaa8       0xc8 D:/Users/abmkhan/Ingenico_Workspace/TMSServiceImpl/Bin/GNU_ARM_DEBUG_TETRA/libTMSServiceImpl.a(TMSServiceImpl.o)
                0x0000eaa8                ingenico::service::MessageMethodBind<ingenico::TMSService::TMSServiceImpl>::operator==(ingenico::service::MessageBindable const&)
 .text._ZNK8ingenico7service17MessageMethodBindINS_10TMSService14TMSServiceImplEE7getTypeEv
                0x0000eb70       0x3c D:/Users/abmkhan/Ingenico_Workspace/TMSServiceImpl/Bin/GNU_ARM_DEBUG_TETRA/libTMSServiceImpl.a(TMSServiceImpl.o)
                0x0000eb70                ingenico::service::MessageMethodBind<ingenico::TMSService::TMSServiceImpl>::getType() const
 .text._ZNK8ingenico7service17MessageMethodBindINS_10TMSService14TMSServiceImplEE14getPermissionsEv
                0x0000ebac       0x3c D:/Users/abmkhan/Ingenico_Workspace/TMSServiceImpl/Bin/GNU_ARM_DEBUG_TETRA/libTMSServiceImpl.a(TMSServiceImpl.o)
                0x0000ebac                ingenico::service::MessageMethodBind<ingenico::TMSService::TMSServiceImpl>::getPermissions() const
 .text._ZN8ingenico7service17MessageMethodBindINS_10TMSService14TMSServiceImplEED2Ev
                0x0000ebe8       0x78 D:/Users/abmkhan/Ingenico_Workspace/TMSServiceImpl/Bin/GNU_ARM_DEBUG_TETRA/libTMSServiceImpl.a(TMSServiceImpl.o)
                0x0000ebe8                ingenico::service::MessageMethodBind<ingenico::TMSService::TMSServiceImpl>::~MessageMethodBind()
                0x0000ebe8                ingenico::service::MessageMethodBind<ingenico::TMSService::TMSServiceImpl>::~MessageMethodBind()
 .text._ZN8ingenico7service17MessageMethodBindINS_10TMSService14TMSServiceImplEED0Ev
                0x0000ec60       0x44 D:/Users/abmkhan/Ingenico_Workspace/TMSServiceImpl/Bin/GNU_ARM_DEBUG_TETRA/libTMSServiceImpl.a(TMSServiceImpl.o)
                0x0000ec60                ingenico::service::MessageMethodBind<ingenico::TMSService::TMSServiceImpl>::~MessageMethodBind()
 .text          0x0000eca4      0x1d0 D:/Users/abmkhan/Ingenico_Workspace/TMSServiceImpl/Bin/GNU_ARM_DEBUG_TETRA/libTMSServiceImpl.a(TMSServiceImplCustom.o)
                0x0000eca4                ingenico::TMSService::TMSServiceImplCustom::TMSServiceImplCustom()
                0x0000eca4                ingenico::TMSService::TMSServiceImplCustom::TMSServiceImplCustom()
                0x0000ecec                ingenico::TMSService::TMSServiceImplCustom::~TMSServiceImplCustom()
                0x0000ecec                ingenico::TMSService::TMSServiceImplCustom::~TMSServiceImplCustom()
                0x0000ed44                ingenico::TMSService::TMSServiceImplCustom::~TMSServiceImplCustom()
                0x0000ed88                ingenico::TMSService::TMSServiceImplCustom::TMSServiceImplCustom(ingenico::TMSService::TMSServiceImplCustom const&)
                0x0000ed88                ingenico::TMSService::TMSServiceImplCustom::TMSServiceImplCustom(ingenico::TMSService::TMSServiceImplCustom const&)
                0x0000edd0                ingenico::TMSService::TMSServiceImplCustom::operator=(ingenico::TMSService::TMSServiceImplCustom const&)
                0x0000ee0c                ingenico::TMSService::TMSServiceImplCustom::initialize()
                0x0000ee40                ingenico::TMSService::TMSServiceImplCustom::finalize()
 .text          0x0000ee74      0x350 D:/Users/abmkhan/Ingenico_Workspace/TMSServiceImpl/Bin/GNU_ARM_DEBUG_TETRA/libTMSServiceImpl.a(setParam.o)
                0x0000ef90                ingenico::TMSService::TMSServiceImpl::setParam(std::string const*, std::string const*, unsigned int const*, std::string const*, std::string const*, std::string const*, std::string const*, std::string const*, std::string const*, std::string&)
 .text._ZSteqIcSt11char_traitsIcESaIcEEbRKSbIT_T0_T1_EPKS3_
                0x0000f1c4       0x4c D:/Users/abmkhan/Ingenico_Workspace/TMSServiceImpl/Bin/GNU_ARM_DEBUG_TETRA/libTMSServiceImpl.a(setParam.o)
                0x0000f1c4                bool std::operator==<char, std::char_traits<char>, std::allocator<char> >(std::basic_string<char, std::char_traits<char>, std::allocator<char> > const&, char const*)
 .text._ZNSt8auto_ptrIN8ingenico8software7tmscall13TmsParametersEED2Ev
                0x0000f210       0x54 D:/Users/abmkhan/Ingenico_Workspace/TMSServiceImpl/Bin/GNU_ARM_DEBUG_TETRA/libTMSServiceImpl.a(setParam.o)
                0x0000f210                std::auto_ptr<ingenico::software::tmscall::TmsParameters>::~auto_ptr()
                0x0000f210                std::auto_ptr<ingenico::software::tmscall::TmsParameters>::~auto_ptr()
 .text._ZNSt8auto_ptrIN8ingenico8software7tmscall13TmsParametersEEcvSt12auto_ptr_refIT_EIS3_EEv
                0x0000f264       0x64 D:/Users/abmkhan/Ingenico_Workspace/TMSServiceImpl/Bin/GNU_ARM_DEBUG_TETRA/libTMSServiceImpl.a(setParam.o)
                0x0000f264                _ZNSt8auto_ptrIN8ingenico8software7tmscall13TmsParametersEEcvSt12auto_ptr_refIT_EIS3_EEv
 .text._ZNSt8auto_ptrIN8ingenico8software7tmscall13TmsParametersEEC2ESt12auto_ptr_refIS3_E
                0x0000f2c8       0x40 D:/Users/abmkhan/Ingenico_Workspace/TMSServiceImpl/Bin/GNU_ARM_DEBUG_TETRA/libTMSServiceImpl.a(setParam.o)
                0x0000f2c8                std::auto_ptr<ingenico::software::tmscall::TmsParameters>::auto_ptr(std::auto_ptr_ref<ingenico::software::tmscall::TmsParameters>)
                0x0000f2c8                std::auto_ptr<ingenico::software::tmscall::TmsParameters>::auto_ptr(std::auto_ptr_ref<ingenico::software::tmscall::TmsParameters>)
 .text._ZNKSt8auto_ptrIN8ingenico8software7tmscall13TmsParametersEEptEv
                0x0000f308       0x3c D:/Users/abmkhan/Ingenico_Workspace/TMSServiceImpl/Bin/GNU_ARM_DEBUG_TETRA/libTMSServiceImpl.a(setParam.o)
                0x0000f308                std::auto_ptr<ingenico::software::tmscall::TmsParameters>::operator->() const
 .text._ZNKSt8auto_ptrIN8ingenico8software7tmscall13TmsParametersEEdeEv
                0x0000f344       0x3c D:/Users/abmkhan/Ingenico_Workspace/TMSServiceImpl/Bin/GNU_ARM_DEBUG_TETRA/libTMSServiceImpl.a(setParam.o)
                0x0000f344                std::auto_ptr<ingenico::software::tmscall::TmsParameters>::operator*() const
 .text._ZNSt8auto_ptrIN8ingenico8software7tmscall13TmsParametersEE7releaseEv
                0x0000f380       0x44 D:/Users/abmkhan/Ingenico_Workspace/TMSServiceImpl/Bin/GNU_ARM_DEBUG_TETRA/libTMSServiceImpl.a(setParam.o)
                0x0000f380                std::auto_ptr<ingenico::software::tmscall::TmsParameters>::release()
 .text._ZNSt12auto_ptr_refIN8ingenico8software7tmscall13TmsParametersEEC2EPS3_
                0x0000f3c4       0x40 D:/Users/abmkhan/Ingenico_Workspace/TMSServiceImpl/Bin/GNU_ARM_DEBUG_TETRA/libTMSServiceImpl.a(setParam.o)
                0x0000f3c4                std::auto_ptr_ref<ingenico::software::tmscall::TmsParameters>::auto_ptr_ref(ingenico::software::tmscall::TmsParameters*)
                0x0000f3c4                std::auto_ptr_ref<ingenico::software::tmscall::TmsParameters>::auto_ptr_ref(ingenico::software::tmscall::TmsParameters*)
 .text          0x0000f404      0x3c4 D:/Users/abmkhan/Ingenico_Workspace/TMSServiceImpl/Bin/GNU_ARM_DEBUG_TETRA/libTMSServiceImpl.a(getDefaultParam.o)
                0x0000f540                ingenico::TMSService::TMSServiceImpl::getDefaultParam(std::string&, std::string&, unsigned int&, std::string&, std::string&, std::string&, std::string&, std::string&, std::string&)
 .text          0x0000f7c8      0x3c4 D:/Users/abmkhan/Ingenico_Workspace/TMSServiceImpl/Bin/GNU_ARM_DEBUG_TETRA/libTMSServiceImpl.a(getParam.o)
                0x0000f904                ingenico::TMSService::TMSServiceImpl::getParam(std::string&, std::string&, unsigned int&, std::string&, std::string&, std::string&, std::string&, std::string&, std::string&)
 .text          0x0000fb8c      0x710 D:/Users/abmkhan/Ingenico_Workspace/TMSServiceImpl/Bin/GNU_ARM_DEBUG_TETRA/libTMSServiceImpl.a(download.o)
                0x0000fb8c                DownloadCall::DownloadCall(std::string const&)
                0x0000fb8c                DownloadCall::DownloadCall(std::string const&)
                0x0000fbe0                DownloadCall::~DownloadCall()
                0x0000fbe0                DownloadCall::~DownloadCall()
                0x0000fc40                DownloadCall::~DownloadCall()
                0x0000fc84                DownloadCall::call(ingenico::software::tms::TmsDownloadParameters&)
                0x0000fe74                ingenico::TMSService::TMSServiceImpl::download()
 .text._ZNSt8auto_ptrIN8ingenico8software3tms15TmsDownloadInfoEED2Ev
                0x0001029c       0x54 D:/Users/abmkhan/Ingenico_Workspace/TMSServiceImpl/Bin/GNU_ARM_DEBUG_TETRA/libTMSServiceImpl.a(download.o)
                0x0001029c                std::auto_ptr<ingenico::software::tms::TmsDownloadInfo>::~auto_ptr()
                0x0001029c                std::auto_ptr<ingenico::software::tms::TmsDownloadInfo>::~auto_ptr()
 .text._ZNSt8auto_ptrIN8ingenico8software3tms15TmsDownloadInfoEEcvSt12auto_ptr_refIT_EIS3_EEv
                0x000102f0       0x64 D:/Users/abmkhan/Ingenico_Workspace/TMSServiceImpl/Bin/GNU_ARM_DEBUG_TETRA/libTMSServiceImpl.a(download.o)
                0x000102f0                _ZNSt8auto_ptrIN8ingenico8software3tms15TmsDownloadInfoEEcvSt12auto_ptr_refIT_EIS3_EEv
 .text._ZNSt8auto_ptrIN8ingenico8software3tms15TmsDownloadInfoEEC2ESt12auto_ptr_refIS3_E
                0x00010354       0x40 D:/Users/abmkhan/Ingenico_Workspace/TMSServiceImpl/Bin/GNU_ARM_DEBUG_TETRA/libTMSServiceImpl.a(download.o)
                0x00010354                std::auto_ptr<ingenico::software::tms::TmsDownloadInfo>::auto_ptr(std::auto_ptr_ref<ingenico::software::tms::TmsDownloadInfo>)
                0x00010354                std::auto_ptr<ingenico::software::tms::TmsDownloadInfo>::auto_ptr(std::auto_ptr_ref<ingenico::software::tms::TmsDownloadInfo>)
 .text._ZNKSt8auto_ptrIN8ingenico8software3tms15TmsDownloadInfoEEdeEv
                0x00010394       0x3c D:/Users/abmkhan/Ingenico_Workspace/TMSServiceImpl/Bin/GNU_ARM_DEBUG_TETRA/libTMSServiceImpl.a(download.o)
                0x00010394                std::auto_ptr<ingenico::software::tms::TmsDownloadInfo>::operator*() const
 .text._ZNKSt8auto_ptrIN8ingenico8software3tms15TmsDownloadInfoEEptEv
                0x000103d0       0x3c D:/Users/abmkhan/Ingenico_Workspace/TMSServiceImpl/Bin/GNU_ARM_DEBUG_TETRA/libTMSServiceImpl.a(download.o)
                0x000103d0                std::auto_ptr<ingenico::software::tms::TmsDownloadInfo>::operator->() const
 .text._ZNSt8auto_ptrIN8ingenico8software3tms21TmsDownloadParametersEED2Ev
                0x0001040c       0x54 D:/Users/abmkhan/Ingenico_Workspace/TMSServiceImpl/Bin/GNU_ARM_DEBUG_TETRA/libTMSServiceImpl.a(download.o)
                0x0001040c                std::auto_ptr<ingenico::software::tms::TmsDownloadParameters>::~auto_ptr()
                0x0001040c                std::auto_ptr<ingenico::software::tms::TmsDownloadParameters>::~auto_ptr()
 .text._ZNSt8auto_ptrIN8ingenico8software3tms21TmsDownloadParametersEEcvSt12auto_ptr_refIT_EIS3_EEv
                0x00010460       0x64 D:/Users/abmkhan/Ingenico_Workspace/TMSServiceImpl/Bin/GNU_ARM_DEBUG_TETRA/libTMSServiceImpl.a(download.o)
                0x00010460                _ZNSt8auto_ptrIN8ingenico8software3tms21TmsDownloadParametersEEcvSt12auto_ptr_refIT_EIS3_EEv
 .text._ZNSt8auto_ptrIN8ingenico8software3tms21TmsDownloadParametersEEC2ESt12auto_ptr_refIS3_E
                0x000104c4       0x40 D:/Users/abmkhan/Ingenico_Workspace/TMSServiceImpl/Bin/GNU_ARM_DEBUG_TETRA/libTMSServiceImpl.a(download.o)
                0x000104c4                std::auto_ptr<ingenico::software::tms::TmsDownloadParameters>::auto_ptr(std::auto_ptr_ref<ingenico::software::tms::TmsDownloadParameters>)
                0x000104c4                std::auto_ptr<ingenico::software::tms::TmsDownloadParameters>::auto_ptr(std::auto_ptr_ref<ingenico::software::tms::TmsDownloadParameters>)
 .text._ZNKSt8auto_ptrIN8ingenico8software3tms21TmsDownloadParametersEEdeEv
                0x00010504       0x3c D:/Users/abmkhan/Ingenico_Workspace/TMSServiceImpl/Bin/GNU_ARM_DEBUG_TETRA/libTMSServiceImpl.a(download.o)
                0x00010504                std::auto_ptr<ingenico::software::tms::TmsDownloadParameters>::operator*() const
 .text._ZNKSt8auto_ptrIN8ingenico8software3tms21TmsDownloadParametersEEptEv
                0x00010540       0x3c D:/Users/abmkhan/Ingenico_Workspace/TMSServiceImpl/Bin/GNU_ARM_DEBUG_TETRA/libTMSServiceImpl.a(download.o)
                0x00010540                std::auto_ptr<ingenico::software::tms::TmsDownloadParameters>::operator->() const
 .text._ZNSt8auto_ptrIN8ingenico8software3tms15TmsDownloadInfoEE7releaseEv
                0x0001057c       0x44 D:/Users/abmkhan/Ingenico_Workspace/TMSServiceImpl/Bin/GNU_ARM_DEBUG_TETRA/libTMSServiceImpl.a(download.o)
                0x0001057c                std::auto_ptr<ingenico::software::tms::TmsDownloadInfo>::release()
 .text._ZNSt12auto_ptr_refIN8ingenico8software3tms15TmsDownloadInfoEEC2EPS3_
                0x000105c0       0x40 D:/Users/abmkhan/Ingenico_Workspace/TMSServiceImpl/Bin/GNU_ARM_DEBUG_TETRA/libTMSServiceImpl.a(download.o)
                0x000105c0                std::auto_ptr_ref<ingenico::software::tms::TmsDownloadInfo>::auto_ptr_ref(ingenico::software::tms::TmsDownloadInfo*)
                0x000105c0                std::auto_ptr_ref<ingenico::software::tms::TmsDownloadInfo>::auto_ptr_ref(ingenico::software::tms::TmsDownloadInfo*)
 .text._ZNSt8auto_ptrIN8ingenico8software3tms21TmsDownloadParametersEE7releaseEv
                0x00010600       0x44 D:/Users/abmkhan/Ingenico_Workspace/TMSServiceImpl/Bin/GNU_ARM_DEBUG_TETRA/libTMSServiceImpl.a(download.o)
                0x00010600                std::auto_ptr<ingenico::software::tms::TmsDownloadParameters>::release()
 .text._ZNSt12auto_ptr_refIN8ingenico8software3tms21TmsDownloadParametersEEC2EPS3_
                0x00010644       0x40 D:/Users/abmkhan/Ingenico_Workspace/TMSServiceImpl/Bin/GNU_ARM_DEBUG_TETRA/libTMSServiceImpl.a(download.o)
                0x00010644                std::auto_ptr_ref<ingenico::software::tms::TmsDownloadParameters>::auto_ptr_ref(ingenico::software::tms::TmsDownloadParameters*)
                0x00010644                std::auto_ptr_ref<ingenico::software::tms::TmsDownloadParameters>::auto_ptr_ref(ingenico::software::tms::TmsDownloadParameters*)
 .text          0x00010684       0x24 C:/Program Files/TeliumSDK/SDK11.10.1.01/SDKT3/HW_TETRA/gnu_473/lib/Platform/libtmscall.lib(_ZN8ingenico8software7tmscall13TmsParameters11instantiateEv.o)
                0x0001068e                ingenico::software::tmscall::TmsParameters::instantiate()
 .text          0x000106a8       0x24 C:/Program Files/TeliumSDK/SDK11.10.1.01/SDKT3/HW_TETRA/gnu_473/lib/Platform/libtmscall.lib(_ZN8ingenico8software7tmscall13TmsParameters11set_gprsapnERKSs.o)
                0x000106b2                ingenico::software::tmscall::TmsParameters::set_gprsapn(std::string const&)
 .text          0x000106cc       0x24 C:/Program Files/TeliumSDK/SDK11.10.1.01/SDKT3/HW_TETRA/gnu_473/lib/Platform/libtmscall.lib(_ZN8ingenico8software7tmscall13TmsParameters11set_tcpportEj.o)
                0x000106d6                ingenico::software::tmscall::TmsParameters::set_tcpport(unsigned int)
 .text          0x000106f0       0x24 C:/Program Files/TeliumSDK/SDK11.10.1.01/SDKT3/HW_TETRA/gnu_473/lib/Platform/libtmscall.lib(_ZN8ingenico8software7tmscall13TmsParameters12set_ppploginERKSs.o)
                0x000106fa                ingenico::software::tmscall::TmsParameters::set_ppplogin(std::string const&)
 .text          0x00010714       0x24 C:/Program Files/TeliumSDK/SDK11.10.1.01/SDKT3/HW_TETRA/gnu_473/lib/Platform/libtmscall.lib(_ZN8ingenico8software7tmscall13TmsParameters14set_sslprofileERKSs.o)
                0x0001071e                ingenico::software::tmscall::TmsParameters::set_sslprofile(std::string const&)
 .text          0x00010738       0x24 C:/Program Files/TeliumSDK/SDK11.10.1.01/SDKT3/HW_TETRA/gnu_473/lib/Platform/libtmscall.lib(_ZN8ingenico8software7tmscall13TmsParameters14set_tmsaddressERKSs.o)
                0x00010742                ingenico::software::tmscall::TmsParameters::set_tmsaddress(std::string const&)
 .text          0x0001075c       0x24 C:/Program Files/TeliumSDK/SDK11.10.1.01/SDKT3/HW_TETRA/gnu_473/lib/Platform/libtmscall.lib(_ZN8ingenico8software7tmscall13TmsParameters15set_networktypeENS1_11NetworkTypeE.o)
                0x00010766                ingenico::software::tmscall::TmsParameters::set_networktype(ingenico::software::tmscall::NetworkType)
 .text          0x00010780       0x24 C:/Program Files/TeliumSDK/SDK11.10.1.01/SDKT3/HW_TETRA/gnu_473/lib/Platform/libtmscall.lib(_ZN8ingenico8software7tmscall13TmsParameters15set_phonenumberERKSs.o)
                0x0001078a                ingenico::software::tmscall::TmsParameters::set_phonenumber(std::string const&)
 .text          0x000107a4       0x24 C:/Program Files/TeliumSDK/SDK11.10.1.01/SDKT3/HW_TETRA/gnu_473/lib/Platform/libtmscall.lib(_ZN8ingenico8software7tmscall13TmsParameters15set_ppppasswordERKSs.o)
                0x000107ae                ingenico::software::tmscall::TmsParameters::set_ppppassword(std::string const&)
 .text          0x000107c8       0x24 C:/Program Files/TeliumSDK/SDK11.10.1.01/SDKT3/HW_TETRA/gnu_473/lib/Platform/libtmscall.lib(_ZN8ingenico8software7tmscall13TmsParameters18set_contractnumberERKSs.o)
                0x000107d2                ingenico::software::tmscall::TmsParameters::set_contractnumber(std::string const&)
 .text          0x000107ec       0x24 C:/Program Files/TeliumSDK/SDK11.10.1.01/SDKT3/HW_TETRA/gnu_473/lib/Platform/libtmscall.lib(_ZN8ingenico8software7tmscall7TmsCall13getParametersERNS1_13TmsParametersE.o)
                0x000107f6                ingenico::software::tmscall::TmsCall::getParameters(ingenico::software::tmscall::TmsParameters&)
 .text          0x00010810       0x24 C:/Program Files/TeliumSDK/SDK11.10.1.01/SDKT3/HW_TETRA/gnu_473/lib/Platform/libtmscall.lib(_ZN8ingenico8software7tmscall7TmsCall13setParametersERKNS1_13TmsParametersE.o)
                0x0001081a                ingenico::software::tmscall::TmsCall::setParameters(ingenico::software::tmscall::TmsParameters const&)
 .text          0x00010834       0x24 C:/Program Files/TeliumSDK/SDK11.10.1.01/SDKT3/HW_TETRA/gnu_473/lib/Platform/libtmscall.lib(_ZN8ingenico8software7tmscall7TmsCall20getDefaultParametersERNS1_13TmsParametersE.o)
                0x0001083e                ingenico::software::tmscall::TmsCall::getDefaultParameters(ingenico::software::tmscall::TmsParameters&)
 .text          0x00010858       0x24 C:/Program Files/TeliumSDK/SDK11.10.1.01/SDKT3/HW_TETRA/gnu_473/lib/Platform/libtmscall.lib(_ZN8ingenico8software7tmscall7TmsCall20setDefaultParametersERKNS1_13TmsParametersE.o)
                0x00010862                ingenico::software::tmscall::TmsCall::setDefaultParameters(ingenico::software::tmscall::TmsParameters const&)
 .text          0x0001087c       0x24 C:/Program Files/TeliumSDK/SDK11.10.1.01/SDKT3/HW_TETRA/gnu_473/lib/Platform/libtmscall.lib(_ZN8ingenico8software7tmscall7TmsCallC1Ev.o)
                0x00010886                ingenico::software::tmscall::TmsCall::TmsCall()
 .text          0x000108a0       0x24 C:/Program Files/TeliumSDK/SDK11.10.1.01/SDKT3/HW_TETRA/gnu_473/lib/Platform/libtmscall.lib(_ZN8ingenico8software7tmscall7TmsCallD1Ev.o)
                0x000108aa                ingenico::software::tmscall::TmsCall::~TmsCall()
 .text          0x000108c4       0x24 C:/Program Files/TeliumSDK/SDK11.10.1.01/SDKT3/HW_TETRA/gnu_473/lib/Platform/libtmscall.lib(_ZNK8ingenico8software7tmscall13TmsParameters10sslprofileEv.o)
                0x000108ce                ingenico::software::tmscall::TmsParameters::sslprofile() const
 .text          0x000108e8       0x24 C:/Program Files/TeliumSDK/SDK11.10.1.01/SDKT3/HW_TETRA/gnu_473/lib/Platform/libtmscall.lib(_ZNK8ingenico8software7tmscall13TmsParameters10tmsaddressEv.o)
                0x000108f2                ingenico::software::tmscall::TmsParameters::tmsaddress() const
 .text          0x0001090c       0x24 C:/Program Files/TeliumSDK/SDK11.10.1.01/SDKT3/HW_TETRA/gnu_473/lib/Platform/libtmscall.lib(_ZNK8ingenico8software7tmscall13TmsParameters11networktypeEv.o)
                0x00010916                ingenico::software::tmscall::TmsParameters::networktype() const
 .text          0x00010930       0x24 C:/Program Files/TeliumSDK/SDK11.10.1.01/SDKT3/HW_TETRA/gnu_473/lib/Platform/libtmscall.lib(_ZNK8ingenico8software7tmscall13TmsParameters11phonenumberEv.o)
                0x0001093a                ingenico::software::tmscall::TmsParameters::phonenumber() const
 .text          0x00010954       0x24 C:/Program Files/TeliumSDK/SDK11.10.1.01/SDKT3/HW_TETRA/gnu_473/lib/Platform/libtmscall.lib(_ZNK8ingenico8software7tmscall13TmsParameters11ppppasswordEv.o)
                0x0001095e                ingenico::software::tmscall::TmsParameters::ppppassword() const
 .text          0x00010978       0x24 C:/Program Files/TeliumSDK/SDK11.10.1.01/SDKT3/HW_TETRA/gnu_473/lib/Platform/libtmscall.lib(_ZNK8ingenico8software7tmscall13TmsParameters14contractnumberEv.o)
                0x00010982                ingenico::software::tmscall::TmsParameters::contractnumber() const
 .text          0x0001099c       0x24 C:/Program Files/TeliumSDK/SDK11.10.1.01/SDKT3/HW_TETRA/gnu_473/lib/Platform/libtmscall.lib(_ZNK8ingenico8software7tmscall13TmsParameters7gprsapnEv.o)
                0x000109a6                ingenico::software::tmscall::TmsParameters::gprsapn() const
 .text          0x000109c0       0x24 C:/Program Files/TeliumSDK/SDK11.10.1.01/SDKT3/HW_TETRA/gnu_473/lib/Platform/libtmscall.lib(_ZNK8ingenico8software7tmscall13TmsParameters7tcpportEv.o)
                0x000109ca                ingenico::software::tmscall::TmsParameters::tcpport() const
 .text          0x000109e4       0x24 C:/Program Files/TeliumSDK/SDK11.10.1.01/SDKT3/HW_TETRA/gnu_473/lib/Platform/libtmscall.lib(_ZNK8ingenico8software7tmscall13TmsParameters8ppploginEv.o)
                0x000109ee                ingenico::software::tmscall::TmsParameters::ppplogin() const
 .text          0x00010a08       0x10 C:/Program Files/TeliumSDK/SDK11.10.1.01/SDKT3/HW_TETRA/gnu_473/lib/Platform/libtmscall.lib(LIBTMSCALL_asm_link.o)
                0x00010a08                LIBTMSCALL_InitFuncAndBranch
 .text          0x00010a18       0x98 C:/Program Files/TeliumSDK/SDK11.10.1.01/SDKT3/HW_TETRA/gnu_473/lib/Platform/libtmscall.lib(LIBTMSCALL_link.o)
                0x00010a18                LIBTMSCALL_GetProcAddressWithoutExit
                0x00010a78                LIBTMSCALL_GetProcAddress
                0x00010aa0                LIBTMSCALL_IsPresent
 .text          0x00010ab0       0x24 C:/Program Files/TeliumSDK/SDK11.10.1.01/SDKT3/HW_TETRA/gnu_473/lib/Platform/libtmsdownload.lib(_ZN8ingenico8software3tms11TmsDownload15getDownloadInfoERNS1_15TmsDownloadInfoE.o)
                0x00010aba                ingenico::software::tms::TmsDownload::getDownloadInfo(ingenico::software::tms::TmsDownloadInfo&)
 .text          0x00010ad4       0x24 C:/Program Files/TeliumSDK/SDK11.10.1.01/SDKT3/HW_TETRA/gnu_473/lib/Platform/libtmsdownload.lib(_ZN8ingenico8software3tms11TmsDownload20setLinkLayerTranportERNS1_21TmsDownloadParametersEPi.o)
                0x00010ade                ingenico::software::tms::TmsDownload::setLinkLayerTranport(ingenico::software::tms::TmsDownloadParameters&, int*)
 .text          0x00010af8       0x24 C:/Program Files/TeliumSDK/SDK11.10.1.01/SDKT3/HW_TETRA/gnu_473/lib/Platform/libtmsdownload.lib(_ZN8ingenico8software3tms11TmsDownload4callERNS1_21TmsDownloadParametersE.o)
                0x00010b02                ingenico::software::tms::TmsDownload::call(ingenico::software::tms::TmsDownloadParameters&)
 .text          0x00010b1c       0x24 C:/Program Files/TeliumSDK/SDK11.10.1.01/SDKT3/HW_TETRA/gnu_473/lib/Platform/libtmsdownload.lib(_ZN8ingenico8software3tms11TmsDownload7installEb.o)
                0x00010b26                ingenico::software::tms::TmsDownload::install(bool)
 .text          0x00010b40       0x24 C:/Program Files/TeliumSDK/SDK11.10.1.01/SDKT3/HW_TETRA/gnu_473/lib/Platform/libtmsdownload.lib(_ZN8ingenico8software3tms11TmsDownloadC1Ev.o)
                0x00010b4a                ingenico::software::tms::TmsDownload::TmsDownload()
 .text          0x00010b64       0x24 C:/Program Files/TeliumSDK/SDK11.10.1.01/SDKT3/HW_TETRA/gnu_473/lib/Platform/libtmsdownload.lib(_ZN8ingenico8software3tms11TmsDownloadD1Ev.o)
                0x00010b6e                ingenico::software::tms::TmsDownload::~TmsDownload()
 .text          0x00010b88       0x24 C:/Program Files/TeliumSDK/SDK11.10.1.01/SDKT3/HW_TETRA/gnu_473/lib/Platform/libtmsdownload.lib(_ZN8ingenico8software3tms15TmsDownloadInfo11instantiateEv.o)
                0x00010b92                ingenico::software::tms::TmsDownloadInfo::instantiate()
 .text          0x00010bac       0x24 C:/Program Files/TeliumSDK/SDK11.10.1.01/SDKT3/HW_TETRA/gnu_473/lib/Platform/libtmsdownload.lib(_ZN8ingenico8software3tms21TmsDownloadParameters11instantiateEv.o)
                0x00010bb6                ingenico::software::tms::TmsDownloadParameters::instantiate()
 .text          0x00010bd0       0x24 C:/Program Files/TeliumSDK/SDK11.10.1.01/SDKT3/HW_TETRA/gnu_473/lib/Platform/libtmsdownload.lib(_ZN8ingenico8software3tms21TmsDownloadParameters18set_contractnumberERKSs.o)
                0x00010bda                ingenico::software::tms::TmsDownloadParameters::set_contractnumber(std::string const&)
 .text          0x00010bf4       0x24 C:/Program Files/TeliumSDK/SDK11.10.1.01/SDKT3/HW_TETRA/gnu_473/lib/Platform/libtmsdownload.lib(_ZNK8ingenico8software3tms15TmsDownloadInfo12rebootneededEv.o)
                0x00010bfe                ingenico::software::tms::TmsDownloadInfo::rebootneeded() const
 .text          0x00010c18       0x24 C:/Program Files/TeliumSDK/SDK11.10.1.01/SDKT3/HW_TETRA/gnu_473/lib/Platform/libtmsdownload.lib(_ZNK8ingenico8software3tms15TmsDownloadInfo14downloadstatusEv.o)
                0x00010c22                ingenico::software::tms::TmsDownloadInfo::downloadstatus() const
 .text          0x00010c3c       0x10 C:/Program Files/TeliumSDK/SDK11.10.1.01/SDKT3/HW_TETRA/gnu_473/lib/Platform/libtmsdownload.lib(LIBTMSDL_asm_link.o)
                0x00010c3c                LIBTMSDL_InitFuncAndBranch
 .text          0x00010c4c       0x98 C:/Program Files/TeliumSDK/SDK11.10.1.01/SDKT3/HW_TETRA/gnu_473/lib/Platform/libtmsdownload.lib(LIBTMSDL_link.o)
                0x00010c4c                LIBTMSDL_GetProcAddressWithoutExit
                0x00010cac                LIBTMSDL_GetProcAddress
                0x00010cd4                LIBTMSDL_IsPresent
 .text          0x00010ce4       0x20 C:/Program Files/TeliumSDK/SDK11.10.1.01/SDKT3/HW_TETRA/gnu_473/lib/Platform/LIBOSLAYER.LIB(OSL_Dll_GetSymbolByName.o)
                0x00010cee                OSL_Dll_GetSymbolByName
 .text          0x00010d04       0x20 C:/Program Files/TeliumSDK/SDK11.10.1.01/SDKT3/HW_TETRA/gnu_473/lib/Platform/LIBOSLAYER.LIB(OSL_Dll_IsPresent.o)
                0x00010d0e                OSL_Dll_IsPresent
 .text          0x00010d24       0x20 C:/Program Files/TeliumSDK/SDK11.10.1.01/SDKT3/HW_TETRA/gnu_473/lib/Platform/LIBOSLAYER.LIB(OSL_Dll_Open.o)
                0x00010d2e                OSL_Dll_Open
 .text          0x00010d44       0x24 C:/Program Files/TeliumSDK/SDK11.10.1.01/SDKT3/HW_TETRA/gnu_473/lib/Platform/libtlvtree.lib(TlvTree_AddChild.o)
                0x00010d4e                TlvTree_AddChild
 .text          0x00010d68       0x24 C:/Program Files/TeliumSDK/SDK11.10.1.01/SDKT3/HW_TETRA/gnu_473/lib/Platform/libtlvtree.lib(TlvTree_AddChildInteger.o)
                0x00010d72                TlvTree_AddChildInteger
 .text          0x00010d8c       0x24 C:/Program Files/TeliumSDK/SDK11.10.1.01/SDKT3/HW_TETRA/gnu_473/lib/Platform/libtlvtree.lib(TlvTree_AddChildString.o)
                0x00010d96                TlvTree_AddChildString
 .text          0x00010db0       0x24 C:/Program Files/TeliumSDK/SDK11.10.1.01/SDKT3/HW_TETRA/gnu_473/lib/Platform/libtlvtree.lib(TlvTree_New.o)
                0x00010dba                TlvTree_New
 .text          0x00010dd4       0x24 C:/Program Files/TeliumSDK/SDK11.10.1.01/SDKT3/HW_TETRA/gnu_473/lib/Platform/libtlvtree.lib(TlvTree_Release.o)
                0x00010dde                TlvTree_Release
 .text          0x00010df8       0x10 C:/Program Files/TeliumSDK/SDK11.10.1.01/SDKT3/HW_TETRA/gnu_473/lib/Platform/libtlvtree.lib(TLV_TREE_DLL_asm_link.o)
                0x00010df8                TLV_TREE_DLL_InitFuncAndBranch
 .text          0x00010e08       0x98 C:/Program Files/TeliumSDK/SDK11.10.1.01/SDKT3/HW_TETRA/gnu_473/lib/Platform/libtlvtree.lib(TLV_TREE_DLL_link.o)
                0x00010e08                TLV_TREE_DLL_GetProcAddressWithoutExit
                0x00010e68                TLV_TREE_DLL_GetProcAddress
                0x00010e90                TLV_TREE_DLL_IsPresent
 .text          0x00010ea0       0x68 d:\ingenico\ingedev_8.6.0.10\toolchains\gnuarm47v7a\bin\../arm-islero-linux-gnueabi/sysroot/usr/lib/libc_nonshared.a(elf-init.oS)
                0x00010ea0                __libc_csu_init
                0x00010f04                __libc_csu_fini
 .text          0x00010f08        0x0 D:/Ingenico/IngeDev_8.6.0.10/toolchains/gnuArm47v7a/lib/gcc/arm-islero-linux-gnueabi/4.7.3/crtend.o
 .text          0x00010f08        0x0 D:/Ingenico/IngeDev_8.6.0.10/toolchains/gnuArm47v7a/arm-islero-linux-gnueabi/sysroot/usr/lib/crtn.o
 .text          0x00010f08        0x0 C:/Program Files/TeliumSDK/SDK11.10.1.01/SDKT3/HW_TETRA/gnu_473/startfiles/stapp_legacyexitpoint.o
 *(.gnu.warning)
 *(.glue_7t)
 .glue_7t       0x00000000        0x0 linker stubs
 *(.glue_7)
 .glue_7        0x00000000        0x0 linker stubs
 *(.vfp11_veneer)
 .vfp11_veneer  0x00000000        0x0 linker stubs
 *(.v4_bx)
 .v4_bx         0x00000000        0x0 linker stubs

.fini           0x00010f08        0x8
 *(.fini)
 .fini          0x00010f08        0x4 D:/Ingenico/IngeDev_8.6.0.10/toolchains/gnuArm47v7a/arm-islero-linux-gnueabi/sysroot/usr/lib/crti.o
                0x00010f08                _fini
 .fini          0x00010f0c        0x4 D:/Ingenico/IngeDev_8.6.0.10/toolchains/gnuArm47v7a/arm-islero-linux-gnueabi/sysroot/usr/lib/crtn.o
                0x00010f10                PROVIDE (__etext, .)
                0x00010f10                PROVIDE (_etext, .)
                0x00010f10                PROVIDE (etext, .)

.rodata         0x00010f10      0x578
 *(.rodata .rodata.* .gnu.linkonce.r.*)
 .rodata.cst4   0x00010f10        0x4 D:/Ingenico/IngeDev_8.6.0.10/toolchains/gnuArm47v7a/arm-islero-linux-gnueabi/sysroot/usr/lib/crt1.o
                0x00010f10                _IO_stdin_used
 .rodata        0x00010f14       0x1c C:/Program Files/TeliumSDK/SDK11.10.1.01/SDKT3/HW_TETRA/gnu_473/startfiles/stapp_legacyentrypoint.o
 .rodata.str1.4
                0x00010f30       0x46 C:/Program Files/TeliumSDK/SDK11.10.1.01/SDKT3/HW_TETRA/gnu_473/startfiles/stapp_legacyentrypoint.o
                                 0x48 (size before relaxing)
 *fill*         0x00010f76        0x2 00
 .rodata        0x00010f78       0xc0 Obj/GNU_ARM_DEBUG_TETRA/main.o
 .rodata        0x00011038       0x68 D:/Users/abmkhan/Ingenico_Workspace/TMSServiceImpl/Bin/GNU_ARM_DEBUG_TETRA/libTMSServiceImpl.a(TMSServiceImpl.o)
                0x0001103c                typeinfo name for ingenico::TMSService::TMSServiceImpl
 .rodata._ZTSN8ingenico7service17MessageMethodBindINS_10TMSService14TMSServiceImplEEE
                0x000110a0       0x4c D:/Users/abmkhan/Ingenico_Workspace/TMSServiceImpl/Bin/GNU_ARM_DEBUG_TETRA/libTMSServiceImpl.a(TMSServiceImpl.o)
                0x000110a0                typeinfo name for ingenico::service::MessageMethodBind<ingenico::TMSService::TMSServiceImpl>
 .rodata._ZTSN8ingenico7service15MessageBindableE
                0x000110ec       0x28 D:/Users/abmkhan/Ingenico_Workspace/TMSServiceImpl/Bin/GNU_ARM_DEBUG_TETRA/libTMSServiceImpl.a(TMSServiceImpl.o)
                0x000110ec                typeinfo name for ingenico::service::MessageBindable
 .rodata        0x00011114       0x30 D:/Users/abmkhan/Ingenico_Workspace/TMSServiceImpl/Bin/GNU_ARM_DEBUG_TETRA/libTMSServiceImpl.a(TMSServiceImplCustom.o)
                0x00011114                typeinfo name for ingenico::TMSService::TMSServiceImplCustom
 *fill*         0x00011144        0x4 00
 .rodata        0x00011148       0x78 D:/Users/abmkhan/Ingenico_Workspace/TMSServiceImpl/Bin/GNU_ARM_DEBUG_TETRA/libTMSServiceImpl.a(setParam.o)
 .rodata        0x000111c0       0x78 D:/Users/abmkhan/Ingenico_Workspace/TMSServiceImpl/Bin/GNU_ARM_DEBUG_TETRA/libTMSServiceImpl.a(getDefaultParam.o)
 .rodata        0x00011238       0x78 D:/Users/abmkhan/Ingenico_Workspace/TMSServiceImpl/Bin/GNU_ARM_DEBUG_TETRA/libTMSServiceImpl.a(getParam.o)
 .rodata        0x000112b0       0x58 D:/Users/abmkhan/Ingenico_Workspace/TMSServiceImpl/Bin/GNU_ARM_DEBUG_TETRA/libTMSServiceImpl.a(download.o)
                0x000112bc                typeinfo name for DownloadCall
 .rodata.str1.1
                0x00011308       0x49 C:/Program Files/TeliumSDK/SDK11.10.1.01/SDKT3/HW_TETRA/gnu_473/lib/Platform/libtmscall.lib(LIBTMSCALL_link.o)
 .rodata.str1.1
                0x00011351       0x43 C:/Program Files/TeliumSDK/SDK11.10.1.01/SDKT3/HW_TETRA/gnu_473/lib/Platform/libtmsdownload.lib(LIBTMSDL_link.o)
 .rodata.str1.1
                0x00011394       0x52 C:/Program Files/TeliumSDK/SDK11.10.1.01/SDKT3/HW_TETRA/gnu_473/lib/Platform/libtlvtree.lib(TLV_TREE_DLL_link.o)
 *fill*         0x000113e6        0x2 00
 .rodata        0x000113e8       0x18 C:/Program Files/TeliumSDK/SDK11.10.1.01/SDKT3/HW_TETRA/gnu_473/startfiles/stapp_legacyexitpoint.o
 .rodata.str1.4
                0x00011400       0x88 C:/Program Files/TeliumSDK/SDK11.10.1.01/SDKT3/HW_TETRA/gnu_473/startfiles/stapp_legacyexitpoint.o

.rodata1
 *(.rodata1)

.ARM.extab      0x00011488      0x824
 *(.ARM.extab* .gnu.linkonce.armextab.*)
 .ARM.extab     0x00011488        0x0 D:/Ingenico/IngeDev_8.6.0.10/toolchains/gnuArm47v7a/arm-islero-linux-gnueabi/sysroot/usr/lib/crt1.o
 .ARM.extab     0x00011488       0x60 Obj/GNU_ARM_DEBUG_TETRA/main.o
 .ARM.extab.text._ZNSt8auto_ptrIN8ingenico7service8ManifestEED2Ev
                0x000114e8        0xc Obj/GNU_ARM_DEBUG_TETRA/main.o
 .ARM.extab.text._ZNSt8auto_ptrIN8ingenico7service8ManifestEEcvSt12auto_ptr_refIT_EIS2_EEv
                0x000114f4        0x0 Obj/GNU_ARM_DEBUG_TETRA/main.o
 .ARM.extab.text._ZNSt8auto_ptrIN8ingenico7service8ManifestEEC2ESt12auto_ptr_refIS2_E
                0x000114f4        0x0 Obj/GNU_ARM_DEBUG_TETRA/main.o
 .ARM.extab.text._ZNKSt8auto_ptrIN8ingenico7service8ManifestEEptEv
                0x000114f4        0x0 Obj/GNU_ARM_DEBUG_TETRA/main.o
 .ARM.extab.text._ZNKSt8auto_ptrIN8ingenico7service8ManifestEEdeEv
                0x000114f4        0x0 Obj/GNU_ARM_DEBUG_TETRA/main.o
 .ARM.extab.text._ZNSt8auto_ptrIN8ingenico7service8ManifestEE7releaseEv
                0x000114f4        0x0 Obj/GNU_ARM_DEBUG_TETRA/main.o
 .ARM.extab.text._ZNSt12auto_ptr_refIN8ingenico7service8ManifestEEC2EPS2_
                0x000114f4        0x0 Obj/GNU_ARM_DEBUG_TETRA/main.o
 .ARM.extab.text._ZN8ingenico7service15MessageBindableD2Ev
                0x000114f4        0x0 D:/Users/abmkhan/Ingenico_Workspace/TMSServiceImpl/Bin/GNU_ARM_DEBUG_TETRA/libTMSServiceImpl.a(TMSServiceImpl.o)
 .ARM.extab.text._ZN8ingenico7service15MessageBindableD0Ev
                0x000114f4        0x0 D:/Users/abmkhan/Ingenico_Workspace/TMSServiceImpl/Bin/GNU_ARM_DEBUG_TETRA/libTMSServiceImpl.a(TMSServiceImpl.o)
 .ARM.extab.text._ZN8ingenico7service15MessageBindableC2Ev
                0x000114f4        0x0 D:/Users/abmkhan/Ingenico_Workspace/TMSServiceImpl/Bin/GNU_ARM_DEBUG_TETRA/libTMSServiceImpl.a(TMSServiceImpl.o)
 .ARM.extab     0x000114f4      0x2cc D:/Users/abmkhan/Ingenico_Workspace/TMSServiceImpl/Bin/GNU_ARM_DEBUG_TETRA/libTMSServiceImpl.a(TMSServiceImpl.o)
 .ARM.extab.text._ZN8ingenico7service12Interfacable4bindINS_10TMSService14TMSServiceImplEEEvyPT_MS5_FNS_2os5ErrorERNS0_4LinkEERKSs
                0x000117c0       0x1c D:/Users/abmkhan/Ingenico_Workspace/TMSServiceImpl/Bin/GNU_ARM_DEBUG_TETRA/libTMSServiceImpl.a(TMSServiceImpl.o)
 .ARM.extab.text._ZN8ingenico7service12Interfacable6unbindINS_10TMSService14TMSServiceImplEEEvyPT_MS5_FNS_2os5ErrorERNS0_4LinkEE
                0x000117dc       0x30 D:/Users/abmkhan/Ingenico_Workspace/TMSServiceImpl/Bin/GNU_ARM_DEBUG_TETRA/libTMSServiceImpl.a(TMSServiceImpl.o)
 .ARM.extab.text._ZNSt8auto_ptrIN8ingenico10TMSService15SetParamRequestEED2Ev