
Discarded input sections

 .note.GNU-stack
                0x00000000        0x0 D:/Ingenico/IngeDev_8.6.0.10/toolchains/gnuArm47v7a/arm-islero-linux-gnueabi/sysroot/usr/lib/crti.o
 .note.GNU-stack
                0x00000000        0x0 D:/Ingenico/IngeDev_8.6.0.10/toolchains/gnuArm47v7a/lib/gcc/arm-islero-linux-gnueabi/4.7.3/crtbeginS.o
 .group         0x00000000       0x10 Obj/GNU_ARM_DEBUG_TETRA/TimeAndDate.pb.o
 .group         0x00000000       0x10 Obj/GNU_ARM_DEBUG_TETRA/TimeAndDate.pb.o
 .group         0x00000000       0x10 Obj/GNU_ARM_DEBUG_TETRA/TimeAndDate.pb.o
 .group         0x00000000       0x10 Obj/GNU_ARM_DEBUG_TETRA/TimeAndDate.pb.o
 .group         0x00000000       0x10 Obj/GNU_ARM_DEBUG_TETRA/TimeAndDate.pb.o
 .group         0x00000000       0x10 Obj/GNU_ARM_DEBUG_TETRA/TimeAndDate.pb.o
 .group         0x00000000       0x10 Obj/GNU_ARM_DEBUG_TETRA/TimeAndDate.pb.o
 .group         0x00000000       0x10 Obj/GNU_ARM_DEBUG_TETRA/TimeAndDate.pb.o
 .group         0x00000000       0x10 Obj/GNU_ARM_DEBUG_TETRA/TimeAndDate.pb.o
 .group         0x00000000       0x10 Obj/GNU_ARM_DEBUG_TETRA/TimeAndDate.pb.o
 .group         0x00000000       0x10 Obj/GNU_ARM_DEBUG_TETRA/TimeAndDate.pb.o
 .group         0x00000000       0x10 Obj/GNU_ARM_DEBUG_TETRA/TimeAndDate.pb.o
 .group         0x00000000       0x10 Obj/GNU_ARM_DEBUG_TETRA/TimeAndDate.pb.o
 .group         0x00000000       0x10 Obj/GNU_ARM_DEBUG_TETRA/TimeAndDate.pb.o
 .group         0x00000000       0x10 Obj/GNU_ARM_DEBUG_TETRA/TimeAndDate.pb.o
 .group         0x00000000       0x10 Obj/GNU_ARM_DEBUG_TETRA/TimeAndDate.pb.o
 .group         0x00000000       0x10 Obj/GNU_ARM_DEBUG_TETRA/TimeAndDate.pb.o
 .group         0x00000000       0x10 Obj/GNU_ARM_DEBUG_TETRA/TimeAndDate.pb.o
 .group         0x00000000       0x10 Obj/GNU_ARM_DEBUG_TETRA/TimeAndDate.pb.o
 .group         0x00000000       0x10 Obj/GNU_ARM_DEBUG_TETRA/TimeAndDate.pb.o
 .group         0x00000000       0x10 Obj/GNU_ARM_DEBUG_TETRA/TimeAndDate.pb.o
 .group         0x00000000       0x10 Obj/GNU_ARM_DEBUG_TETRA/TimeAndDate.pb.o
 .group         0x00000000       0x10 Obj/GNU_ARM_DEBUG_TETRA/TimeAndDate.pb.o
 .group         0x00000000       0x10 Obj/GNU_ARM_DEBUG_TETRA/TimeAndDate.pb.o
 .group         0x00000000       0x10 Obj/GNU_ARM_DEBUG_TETRA/TimeAndDate.pb.o
 .group         0x00000000       0x10 Obj/GNU_ARM_DEBUG_TETRA/TimeAndDate.pb.o
 .group         0x00000000       0x10 Obj/GNU_ARM_DEBUG_TETRA/TimeAndDate.pb.o
 .group         0x00000000       0x10 Obj/GNU_ARM_DEBUG_TETRA/TimeAndDate.pb.o
 .group         0x00000000       0x10 Obj/GNU_ARM_DEBUG_TETRA/TimeAndDate.pb.o
 .group         0x00000000       0x10 Obj/GNU_ARM_DEBUG_TETRA/TimeAndDate.pb.o
 .group         0x00000000       0x10 Obj/GNU_ARM_DEBUG_TETRA/TimeAndDate.pb.o
 .group         0x00000000       0x10 Obj/GNU_ARM_DEBUG_TETRA/TimeAndDate.pb.o
 .group         0x00000000       0x10 Obj/GNU_ARM_DEBUG_TETRA/TimeAndDate.pb.o
 .group         0x00000000       0x10 Obj/GNU_ARM_DEBUG_TETRA/TimeAndDate.pb.o
 .group         0x00000000       0x10 Obj/GNU_ARM_DEBUG_TETRA/TimeAndDate.pb.o
 .group         0x00000000       0x10 Obj/GNU_ARM_DEBUG_TETRA/TimeAndDate.pb.o
 .group         0x00000000       0x10 Obj/GNU_ARM_DEBUG_TETRA/TimeAndDate.pb.o
 .group         0x00000000       0x10 Obj/GNU_ARM_DEBUG_TETRA/TimeAndDate.pb.o
 .group         0x00000000       0x10 Obj/GNU_ARM_DEBUG_TETRA/TimeAndDate.pb.o
 .group         0x00000000       0x10 Obj/GNU_ARM_DEBUG_TETRA/TimeAndDate.pb.o
 .group         0x00000000       0x10 Obj/GNU_ARM_DEBUG_TETRA/TimeAndDate.pb.o
 .group         0x00000000       0x10 Obj/GNU_ARM_DEBUG_TETRA/TimeAndDate.pb.o
 .group         0x00000000       0x10 Obj/GNU_ARM_DEBUG_TETRA/TimeAndDate.pb.o
 .group         0x00000000       0x10 Obj/GNU_ARM_DEBUG_TETRA/TimeAndDate.pb.o
 .group         0x00000000       0x10 Obj/GNU_ARM_DEBUG_TETRA/TimeAndDate.pb.o
 .group         0x00000000       0x10 Obj/GNU_ARM_DEBUG_TETRA/TimeAndDate.pb.o
 .group         0x00000000       0x10 Obj/GNU_ARM_DEBUG_TETRA/TimeAndDate.pb.o
 .group         0x00000000       0x10 Obj/GNU_ARM_DEBUG_TETRA/TimeAndDate.pb.o
 .group         0x00000000       0x10 Obj/GNU_ARM_DEBUG_TETRA/TimeAndDate.pb.o
 .group         0x00000000       0x10 Obj/GNU_ARM_DEBUG_TETRA/TimeAndDate.pb.o
 .group         0x00000000       0x10 Obj/GNU_ARM_DEBUG_TETRA/TimeAndDate.pb.o
 .group         0x00000000       0x10 Obj/GNU_ARM_DEBUG_TETRA/TimeAndDate.pb.o
 .group         0x00000000       0x10 Obj/GNU_ARM_DEBUG_TETRA/TimeAndDate.pb.o
 .group         0x00000000       0x10 Obj/GNU_ARM_DEBUG_TETRA/TimeAndDate.pb.o
 .group         0x00000000       0x10 Obj/GNU_ARM_DEBUG_TETRA/TimeAndDate.pb.o
 .group         0x00000000       0x10 Obj/GNU_ARM_DEBUG_TETRA/TimeAndDate.pb.o
 .group         0x00000000       0x10 Obj/GNU_ARM_DEBUG_TETRA/TimeAndDate.pb.o
 .group         0x00000000       0x10 Obj/GNU_ARM_DEBUG_TETRA/TimeAndDate.pb.o
[...]
Memory Configuration

Name             Origin             Length             Attributes
*default*        0x00000000         0xffffffff

Linker script and memory map

LOAD D:/Ingenico/IngeDev_8.6.0.10/toolchains/gnuArm47v7a/arm-islero-linux-gnueabi/sysroot/usr/lib/crti.o
LOAD D:/Ingenico/IngeDev_8.6.0.10/toolchains/gnuArm47v7a/lib/gcc/arm-islero-linux-gnueabi/4.7.3/crtbeginS.o
LOAD Obj/GNU_ARM_DEBUG_TETRA/TimeAndDate.pb.o
LOAD Obj/GNU_ARM_DEBUG_TETRA/DateAndTimeProxy.o
START GROUP
LOAD C:/Program Files/TeliumSDK/SDK11.10.1.01/SDKT3/HW_TETRA/gnu_473/lib/Platform/LIBGRAPHICLIB.LIB
LOAD C:/Program Files/TeliumSDK/SDK11.10.1.01/SDKT3/HW_TETRA/gnu_473/lib/Platform/LIBBATTERY.T3L
LOAD C:/Program Files/TeliumSDK/SDK11.10.1.01/SDKT3/HW_TETRA/gnu_473/lib/Platform/LIBBLIGHT.T3L
LOAD C:/Program Files/TeliumSDK/SDK11.10.1.01/SDKT3/HW_TETRA/gnu_473/lib/Platform/LIBBUZZER.T3L
LOAD C:/Program Files/TeliumSDK/SDK11.10.1.01/SDKT3/HW_TETRA/gnu_473/lib/Platform/LIBCAPTURE.T3L
LOAD C:/Program Files/TeliumSDK/SDK11.10.1.01/SDKT3/HW_TETRA/gnu_473/lib/Platform/LIBPPADTEXT.T3L
LOAD C:/Program Files/TeliumSDK/SDK11.10.1.01/SDKT3/HW_TETRA/gnu_473/lib/Platform/LIBGPS.T3L
LOAD C:/Program Files/TeliumSDK/SDK11.10.1.01/SDKT3/HW_TETRA/gnu_473/lib/Platform/LIBDESKTOP.T3L
LOAD C:/Program Files/TeliumSDK/SDK11.10.1.01/SDKT3/HW_TETRA/gnu_473/lib/Platform/libethernet.lib
LOAD C:/Program Files/TeliumSDK/SDK11.10.1.01/SDKT3/HW_TETRA/gnu_473/lib/Platform/LIBEXPLORER.T3L
LOAD C:/Program Files/TeliumSDK/SDK11.10.1.01/SDKT3/HW_TETRA/gnu_473/lib/Platform/libgprs.lib
LOAD C:/Program Files/TeliumSDK/SDK11.10.1.01/SDKT3/HW_TETRA/gnu_473/lib/Platform/libspmci.lib
LOAD C:/Program Files/TeliumSDK/SDK11.10.1.01/SDKT3/HW_TETRA/gnu_473/lib/Platform/libwifi.lib
LOAD C:/Program Files/TeliumSDK/SDK11.10.1.01/SDKT3/HW_TETRA/gnu_473/lib/Platform/LIBGRAPHICS.T3L
LOAD C:/Program Files/TeliumSDK/SDK11.10.1.01/SDKT3/HW_TETRA/gnu_473/lib/Platform/LIBACCELERO.T3L
LOAD C:/Program Files/TeliumSDK/SDK11.10.1.01/SDKT3/HW_TETRA/gnu_473/lib/Platform/LIBHEADER.T3L
LOAD C:/Program Files/TeliumSDK/SDK11.10.1.01/SDKT3/HW_TETRA/gnu_473/lib/Platform/LIBINACTIVI.T3L
LOAD C:/Program Files/TeliumSDK/SDK11.10.1.01/SDKT3/HW_TETRA/gnu_473/lib/Platform/liblinklayer.lib
LOAD C:/Program Files/TeliumSDK/SDK11.10.1.01/SDKT3/HW_TETRA/gnu_473/lib/Platform/libtmscall.lib
LOAD C:/Program Files/TeliumSDK/SDK11.10.1.01/SDKT3/HW_TETRA/gnu_473/lib/Platform/libtmsdownload.lib
LOAD C:/Program Files/TeliumSDK/SDK11.10.1.01/SDKT3/HW_TETRA/gnu_473/lib/Platform/libmodem.lib
LOAD C:/Program Files/TeliumSDK/SDK11.10.1.01/SDKT3/HW_TETRA/gnu_473/lib/Platform/LIBMONITOR.T3L
LOAD C:/Program Files/TeliumSDK/SDK11.10.1.01/SDKT3/HW_TETRA/gnu_473/lib/Platform/LIBOS.T3L
LOAD C:/Program Files/TeliumSDK/SDK11.10.1.01/SDKT3/HW_TETRA/gnu_473/lib/Platform/libpackip.lib
LOAD C:/Program Files/TeliumSDK/SDK11.10.1.01/SDKT3/HW_TETRA/gnu_473/lib/Platform/libprinter.lib
LOAD C:/Program Files/TeliumSDK/SDK11.10.1.01/SDKT3/HW_TETRA/gnu_473/lib/Platform/LIBPROTOBUF.T3L
LOAD C:/Program Files/TeliumSDK/SDK11.10.1.01/SDKT3/HW_TETRA/gnu_473/lib/Platform/LIBSCRSAVER.T3L
LOAD C:/Program Files/TeliumSDK/SDK11.10.1.01/SDKT3/HW_TETRA/gnu_473/lib/Platform/LIBSERVICE.T3L
LOAD C:/Program Files/TeliumSDK/SDK11.10.1.01/SDKT3/HW_TETRA/gnu_473/lib/Platform/libSecurity.lib
LOAD C:/Program Files/TeliumSDK/SDK11.10.1.01/SDKT3/HW_TETRA/gnu_473/lib/Platform/LIBSETTING.T3L
LOAD C:/Program Files/TeliumSDK/SDK11.10.1.01/SDKT3/HW_TETRA/gnu_473/lib/Platform/libsoftmgt.lib
LOAD C:/Program Files/TeliumSDK/SDK11.10.1.01/SDKT3/HW_TETRA/gnu_473/lib/Platform/LIBSVCDIRPX.T3L
LOAD C:/Program Files/TeliumSDK/SDK11.10.1.01/SDKT3/HW_TETRA/gnu_473/lib/Platform/LIBSVCDIRSK.T3L
LOAD C:/Program Files/TeliumSDK/SDK11.10.1.01/SDKT3/HW_TETRA/gnu_473/lib/Platform/libTrEngine.T3L
LOAD C:/Program Files/TeliumSDK/SDK11.10.1.01/SDKT3/HW_TETRA/gnu_473/lib/Platform/LIBVIRT_KB.T3L
LOAD C:/Program Files/TeliumSDK/SDK11.10.1.01/SDKT3/HW_TETRA/gnu_473/lib/Platform/LIBOSLAYER.LIB
LOAD C:/Program Files/TeliumSDK/SDK11.10.1.01/SDKT3/HW_TETRA/gnu_473/lib/Platform/libtlvtree.lib
LOAD C:/Program Files/TeliumSDK/SDK11.10.1.01/SDKT3/HW_TETRA/gnu_473/lib/Platform/SQLITELIB.a
LOAD C:/Program Files/TeliumSDK/SDK11.10.1.01/SDKT3/HW_TETRA/gnu_473/lib/Platform/LibBridge.T3L
LOAD C:/Program Files/TeliumSDK/SDK11.10.1.01/SDKT3/HW_TETRA/gnu_473/lib/Platform/libbluetooth.lib
LOAD C:/Program Files/TeliumSDK/SDK11.10.1.01/SDKT3/HW_TETRA/gnu_473/lib/Platform/DAL_Lib.a
LOAD C:/Program Files/TeliumSDK/SDK11.10.1.01/SDKT3/HW_TETRA/gnu_473/lib/Platform\libchip.a
LOAD C:/Program Files/TeliumSDK/SDK11.10.1.01/SDKT3/HW_TETRA/gnu_473/lib/Platform\libcless.a
LOAD C:/Program Files/TeliumSDK/SDK11.10.1.01/SDKT3/HW_TETRA/gnu_473/lib/Platform\libgtl.a
LOAD C:/Program Files/TeliumSDK/SDK11.10.1.01/SDKT3/HW_TETRA/gnu_473/lib/Platform\libled.a
LOAD C:/Program Files/TeliumSDK/SDK11.10.1.01/SDKT3/HW_TETRA/gnu_473/lib/Platform\libPpad.a
LOAD C:/Program Files/TeliumSDK/SDK11.10.1.01/SDKT3/HW_TETRA/gnu_473/lib/Platform\libswipe.a
LOAD C:/Program Files/TeliumSDK/SDK11.10.1.01/SDKT3/HW_TETRA/gnu_473/lib/Platform\libtransac.a
LOAD C:/Program Files/TeliumSDK/SDK11.10.1.01/SDKT3/HW_TETRA/gnu_473/lib/OS/libtelinux.so
LOAD d:\ingenico\ingedev_8.6.0.10\toolchains\gnuarm47v7a\bin\../arm-islero-linux-gnueabi/sysroot/usr/lib/libc.so
START GROUP
LOAD d:\ingenico\ingedev_8.6.0.10\toolchains\gnuarm47v7a\bin\../arm-islero-linux-gnueabi/sysroot/lib/libc.so.6
LOAD d:\ingenico\ingedev_8.6.0.10\toolchains\gnuarm47v7a\bin\../arm-islero-linux-gnueabi/sysroot/usr/lib/libc_nonshared.a
LOAD d:\ingenico\ingedev_8.6.0.10\toolchains\gnuarm47v7a\bin\../arm-islero-linux-gnueabi/sysroot/lib/ld-linux.so.3
END GROUP
START GROUP
LOAD d:\ingenico\ingedev_8.6.0.10\toolchains\gnuarm47v7a\bin\../arm-islero-linux-gnueabi/sysroot/lib/libc.so.6
LOAD d:\ingenico\ingedev_8.6.0.10\toolchains\gnuarm47v7a\bin\../arm-islero-linux-gnueabi/sysroot/usr/lib/libc_nonshared.a
LOAD d:\ingenico\ingedev_8.6.0.10\toolchains\gnuarm47v7a\bin\../arm-islero-linux-gnueabi/sysroot/lib/ld-linux.so.3
END GROUP
LOAD D:/Ingenico/IngeDev_8.6.0.10/toolchains/gnuArm47v7a/lib/gcc/arm-islero-linux-gnueabi/4.7.3\libgcc.a
LOAD D:/Ingenico/IngeDev_8.6.0.10/toolchains/gnuArm47v7a/arm-islero-linux-gnueabi/lib/libgcc_s.so
START GROUP
LOAD D:/Ingenico/IngeDev_8.6.0.10/toolchains/gnuArm47v7a/arm-islero-linux-gnueabi/lib\libgcc_s.so.1
LOAD D:/Ingenico/IngeDev_8.6.0.10/toolchains/gnuArm47v7a/lib/gcc/arm-islero-linux-gnueabi/4.7.3\libgcc.a
END GROUP
START GROUP
LOAD D:/Ingenico/IngeDev_8.6.0.10/toolchains/gnuArm47v7a/arm-islero-linux-gnueabi/lib\libgcc_s.so.1
LOAD D:/Ingenico/IngeDev_8.6.0.10/toolchains/gnuArm47v7a/lib/gcc/arm-islero-linux-gnueabi/4.7.3\libgcc.a
END GROUP
LOAD D:/Ingenico/IngeDev_8.6.0.10/toolchains/gnuArm47v7a/arm-islero-linux-gnueabi/lib/libstdc++.so
END GROUP
LOAD D:/Ingenico/IngeDev_8.6.0.10/toolchains/gnuArm47v7a/lib/gcc/arm-islero-linux-gnueabi/4.7.3/crtendS.o
LOAD D:/Ingenico/IngeDev_8.6.0.10/toolchains/gnuArm47v7a/arm-islero-linux-gnueabi/sysroot/usr/lib/crtn.o
                0x000000d4                . = (0x0 + SIZEOF_HEADERS)

.note.gnu.build-id
 *(.note.gnu.build-id)

.hash           0x000000d4     0x1444
 *(.hash)
 .hash          0x000000d4     0x1444 D:/Ingenico/IngeDev_8.6.0.10/toolchains/gnuArm47v7a/arm-islero-linux-gnueabi/sysroot/usr/lib/crti.o

.gnu.hash
 *(.gnu.hash)

.dynsym         0x00001518     0x3060
 *(.dynsym)
 .dynsym        0x00001518     0x3060 D:/Ingenico/IngeDev_8.6.0.10/toolchains/gnuArm47v7a/arm-islero-linux-gnueabi/sysroot/usr/lib/crti.o

.dynstr         0x00004578     0xb407
 *(.dynstr)
 .dynstr        0x00004578     0xb407 D:/Ingenico/IngeDev_8.6.0.10/toolchains/gnuArm47v7a/arm-islero-linux-gnueabi/sysroot/usr/lib/crti.o

.gnu.version    0x0000f980      0x60c
 *(.gnu.version)
 .gnu.version   0x0000f980      0x60c D:/Ingenico/IngeDev_8.6.0.10/toolchains/gnuArm47v7a/arm-islero-linux-gnueabi/sysroot/usr/lib/crti.o

.gnu.version_d  0x0000ff8c        0x0
 *(.gnu.version_d)
 .gnu.version_d
                0x00000000        0x0 D:/Ingenico/IngeDev_8.6.0.10/toolchains/gnuArm47v7a/arm-islero-linux-gnueabi/sysroot/usr/lib/crti.o

.gnu.version_r  0x0000ff8c       0xa0
 *(.gnu.version_r)
 .gnu.version_r
                0x0000ff8c       0xa0 D:/Ingenico/IngeDev_8.6.0.10/toolchains/gnuArm47v7a/arm-islero-linux-gnueabi/sysroot/usr/lib/crti.o

.rel.dyn        0x0001002c      0xd78
 *(.rel.init)
 *(.rel.text .rel.text.* .rel.gnu.linkonce.t.*)
 .rel.text      0x00000000        0x0 D:/Ingenico/IngeDev_8.6.0.10/toolchains/gnuArm47v7a/arm-islero-linux-gnueabi/sysroot/usr/lib/crti.o
 .rel.text._ZN8ingenico11dateAndTime24ISetDateResponseBindableD2Ev
                0x00000000        0x0 D:/Ingenico/IngeDev_8.6.0.10/toolchains/gnuArm47v7a/arm-islero-linux-gnueabi/sysroot/usr/lib/crti.o
 .rel.text._ZN8ingenico11dateAndTime24IGetDateResponseBindableD2Ev
                0x00000000        0x0 D:/Ingenico/IngeDev_8.6.0.10/toolchains/gnuArm47v7a/arm-islero-linux-gnueabi/sysroot/usr/lib/crti.o
 .rel.text._ZN8ingenico11dateAndTime21ITestResponseBindableD2Ev
                0x00000000        0x0 D:/Ingenico/IngeDev_8.6.0.10/toolchains/gnuArm47v7a/arm-islero-linux-gnueabi/sysroot/usr/lib/crti.o
 .rel.text._ZN8ingenico11dateAndTime24ISetTimeResponseBindableD2Ev
                0x00000000        0x0 D:/Ingenico/IngeDev_8.6.0.10/toolchains/gnuArm47v7a/arm-islero-linux-gnueabi/sysroot/usr/lib/crti.o
 .rel.text._ZN8ingenico11dateAndTime24ISetDateResponseBindableC2Ev
                0x00000000        0x0 D:/Ingenico/IngeDev_8.6.0.10/toolchains/gnuArm47v7a/arm-islero-linux-gnueabi/sysroot/usr/lib/crti.o
 .rel.text._ZN8ingenico11dateAndTime31SetDateResponseFunctionBindableC2EPFvRSsE
                0x00000000        0x0 D:/Ingenico/IngeDev_8.6.0.10/toolchains/gnuArm47v7a/arm-islero-linux-gnueabi/sysroot/usr/lib/crti.o
 .rel.text._ZN8ingenico11dateAndTime31SetDateResponseFunctionBindableD2Ev
                0x00000000        0x0 D:/Ingenico/IngeDev_8.6.0.10/toolchains/gnuArm47v7a/arm-islero-linux-gnueabi/sysroot/usr/lib/crti.o
 .rel.text._ZN8ingenico11dateAndTime31SetDateResponseFunctionBindableeqERKNS0_24ISetDateResponseBindableE
                0x00000000        0x0 D:/Ingenico/IngeDev_8.6.0.10/toolchains/gnuArm47v7a/arm-islero-linux-gnueabi/sysroot/usr/lib/crti.o
 .rel.text._ZN8ingenico11dateAndTime24IGetDateResponseBindableC2Ev
                0x00000000        0x0 D:/Ingenico/IngeDev_8.6.0.10/toolchains/gnuArm47v7a/arm-islero-linux-gnueabi/sysroot/usr/lib/crti.o
 .rel.text._ZN8ingenico11dateAndTime31GetDateResponseFunctionBindableC2EPFvRSsE
                0x00000000        0x0 D:/Ingenico/IngeDev_8.6.0.10/toolchains/gnuArm47v7a/arm-islero-linux-gnueabi/sysroot/usr/lib/crti.o
 .rel.text._ZN8ingenico11dateAndTime31GetDateResponseFunctionBindableD2Ev
                0x00000000        0x0 D:/Ingenico/IngeDev_8.6.0.10/toolchains/gnuArm47v7a/arm-islero-linux-gnueabi/sysroot/usr/lib/crti.o
 .rel.text._ZN8ingenico11dateAndTime31GetDateResponseFunctionBindableeqERKNS0_24IGetDateResponseBindableE
                0x00000000        0x0 D:/Ingenico/IngeDev_8.6.0.10/toolchains/gnuArm47v7a/arm-islero-linux-gnueabi/sysroot/usr/lib/crti.o
 .rel.text._ZN8ingenico11dateAndTime21ITestResponseBindableC2Ev
                0x00000000        0x0 D:/Ingenico/IngeDev_8.6.0.10/toolchains/gnuArm47v7a/arm-islero-linux-gnueabi/sysroot/usr/lib/crti.o
 .rel.text._ZN8ingenico11dateAndTime28TestResponseFunctionBindableC2EPFvvE
                0x00000000        0x0 D:/Ingenico/IngeDev_8.6.0.10/toolchains/gnuArm47v7a/arm-islero-linux-gnueabi/sysroot/usr/lib/crti.o
 .rel.text._ZN8ingenico11dateAndTime28TestResponseFunctionBindableD2Ev
                0x00000000        0x0 D:/Ingenico/IngeDev_8.6.0.10/toolchains/gnuArm47v7a/arm-islero-linux-gnueabi/sysroot/usr/lib/crti.o
 .rel.text._ZN8ingenico11dateAndTime28TestResponseFunctionBindableeqERKNS0_21ITestResponseBindableE
                0x00000000        0x0 D:/Ingenico/IngeDev_8.6.0.10/toolchains/gnuArm47v7a/arm-islero-linux-gnueabi/sysroot/usr/lib/crti.o
 .rel.text._ZN8ingenico11dateAndTime24ISetTimeResponseBindableC2Ev
                0x00000000        0x0 D:/Ingenico/IngeDev_8.6.0.10/toolchains/gnuArm47v7a/arm-islero-linux-gnueabi/sysroot/usr/lib/crti.o
 .rel.text._ZN8ingenico11dateAndTime31SetTimeResponseFunctionBindableC2EPFvRSsE
                0x00000000        0x0 D:/Ingenico/IngeDev_8.6.0.10/toolchains/gnuArm47v7a/arm-islero-linux-gnueabi/sysroot/usr/lib/crti.o
 .rel.text._ZN8ingenico11dateAndTime31SetTimeResponseFunctionBindableD2Ev
                0x00000000        0x0 D:/Ingenico/IngeDev_8.6.0.10/toolchains/gnuArm47v7a/arm-islero-linux-gnueabi/sysroot/usr/lib/crti.o
 .rel.text._ZN8ingenico11dateAndTime31SetTimeResponseFunctionBindableeqERKNS0_24ISetTimeResponseBindableE
                0x00000000        0x0 D:/Ingenico/IngeDev_8.6.0.10/toolchains/gnuArm47v7a/arm-islero-linux-gnueabi/sysroot/usr/lib/crti.o
 *(.rel.fini)
 *(.rel.rodata .rel.rodata.* .rel.gnu.linkonce.r.*)
 *(.rel.data.rel.ro* .rel.gnu.linkonce.d.rel.ro.*)
 .rel.data.rel.ro
                0x0001002c      0x928 D:/Ingenico/IngeDev_8.6.0.10/toolchains/gnuArm47v7a/arm-islero-linux-gnueabi/sysroot/usr/lib/crti.o
 .rel.data.rel.ro.local
                0x00010954       0x10 D:/Ingenico/IngeDev_8.6.0.10/toolchains/gnuArm47v7a/arm-islero-linux-gnueabi/sysroot/usr/lib/crti.o
 .rel.data.rel.ro._ZTVN8ingenico7service17MessageMethodBindINS_11dateAndTime16DateAndTimeProxyEEE
                0x00010964       0x38 D:/Ingenico/IngeDev_8.6.0.10/toolchains/gnuArm47v7a/arm-islero-linux-gnueabi/sysroot/usr/lib/crti.o
 .rel.data.rel.ro._ZTVN8ingenico11dateAndTime31SetTimeResponseFunctionBindableE
                0x0001099c       0x28 D:/Ingenico/IngeDev_8.6.0.10/toolchains/gnuArm47v7a/arm-islero-linux-gnueabi/sysroot/usr/lib/crti.o
 .rel.data.rel.ro._ZTVN8ingenico11dateAndTime28TestResponseFunctionBindableE
                0x000109c4       0x28 D:/Ingenico/IngeDev_8.6.0.10/toolchains/gnuArm47v7a/arm-islero-linux-gnueabi/sysroot/usr/lib/crti.o
 .rel.data.rel.ro._ZTVN8ingenico11dateAndTime31GetDateResponseFunctionBindableE
                0x000109ec       0x28 D:/Ingenico/IngeDev_8.6.0.10/toolchains/gnuArm47v7a/arm-islero-linux-gnueabi/sysroot/usr/lib/crti.o
 .rel.data.rel.ro._ZTVN8ingenico11dateAndTime31SetDateResponseFunctionBindableE
                0x00010a14       0x28 D:/Ingenico/IngeDev_8.6.0.10/toolchains/gnuArm47v7a/arm-islero-linux-gnueabi/sysroot/usr/lib/crti.o
 .rel.data.rel.ro._ZTVN8ingenico11dateAndTime24ISetTimeResponseBindableE
                0x00010a3c       0x28 D:/Ingenico/IngeDev_8.6.0.10/toolchains/gnuArm47v7a/arm-islero-linux-gnueabi/sysroot/usr/lib/crti.o
 .rel.data.rel.ro._ZTVN8ingenico11dateAndTime21ITestResponseBindableE
                0x00010a64       0x28 D:/Ingenico/IngeDev_8.6.0.10/toolchains/gnuArm47v7a/arm-islero-linux-gnueabi/sysroot/usr/lib/crti.o
 .rel.data.rel.ro._ZTVN8ingenico11dateAndTime24IGetDateResponseBindableE
                0x00010a8c       0x28 D:/Ingenico/IngeDev_8.6.0.10/toolchains/gnuArm47v7a/arm-islero-linux-gnueabi/sysroot/usr/lib/crti.o
 .rel.data.rel.ro._ZTVN8ingenico11dateAndTime24ISetDateResponseBindableE
                0x00010ab4       0x28 D:/Ingenico/IngeDev_8.6.0.10/toolchains/gnuArm47v7a/arm-islero-linux-gnueabi/sysroot/usr/lib/crti.o
 .rel.data.rel.ro._ZTVN8ingenico7service15MessageBindableE
                0x00010adc       0x38 D:/Ingenico/IngeDev_8.6.0.10/toolchains/gnuArm47v7a/arm-islero-linux-gnueabi/sysroot/usr/lib/crti.o
 .rel.data.rel.ro._ZTIN8ingenico7service17MessageMethodBindINS_11dateAndTime16DateAndTimeProxyEEE
                0x00010b14       0x18 D:/Ingenico/IngeDev_8.6.0.10/toolchains/gnuArm47v7a/arm-islero-linux-gnueabi/sysroot/usr/lib/crti.o
 .rel.data.rel.ro._ZTIN8ingenico11dateAndTime31SetTimeResponseFunctionBindableE
                0x00010b2c       0x18 D:/Ingenico/IngeDev_8.6.0.10/toolchains/gnuArm47v7a/arm-islero-linux-gnueabi/sysroot/usr/lib/crti.o
 .rel.data.rel.ro._ZTIN8ingenico11dateAndTime28TestResponseFunctionBindableE
                0x00010b44       0x18 D:/Ingenico/IngeDev_8.6.0.10/toolchains/gnuArm47v7a/arm-islero-linux-gnueabi/sysroot/usr/lib/crti.o
 .rel.data.rel.ro._ZTIN8ingenico11dateAndTime31GetDateResponseFunctionBindableE
                0x00010b5c       0x18 D:/Ingenico/IngeDev_8.6.0.10/toolchains/gnuArm47v7a/arm-islero-linux-gnueabi/sysroot/usr/lib/crti.o
 .rel.data.rel.ro._ZTIN8ingenico11dateAndTime31SetDateResponseFunctionBindableE
                0x00010b74       0x18 D:/Ingenico/IngeDev_8.6.0.10/toolchains/gnuArm47v7a/arm-islero-linux-gnueabi/sysroot/usr/lib/crti.o
 .rel.data.rel.ro._ZTIN8ingenico11dateAndTime24ISetTimeResponseBindableE
                0x00010b8c       0x10 D:/Ingenico/IngeDev_8.6.0.10/toolchains/gnuArm47v7a/arm-islero-linux-gnueabi/sysroot/usr/lib/crti.o
 .rel.data.rel.ro._ZTIN8ingenico11dateAndTime21ITestResponseBindableE
                0x00010b9c       0x10 D:/Ingenico/IngeDev_8.6.0.10/toolchains/gnuArm47v7a/arm-islero-linux-gnueabi/sysroot/usr/lib/crti.o
 .rel.data.rel.ro._ZTIN8ingenico11dateAndTime24IGetDateResponseBindableE
                0x00010bac       0x10 D:/Ingenico/IngeDev_8.6.0.10/toolchains/gnuArm47v7a/arm-islero-linux-gnueabi/sysroot/usr/lib/crti.o
 .rel.data.rel.ro._ZTIN8ingenico11dateAndTime24ISetDateResponseBindableE
                0x00010bbc       0x10 D:/Ingenico/IngeDev_8.6.0.10/toolchains/gnuArm47v7a/arm-islero-linux-gnueabi/sysroot/usr/lib/crti.o
 .rel.data.rel.ro._ZTIN8ingenico7service15MessageBindableE
                0x00010bcc       0x10 D:/Ingenico/IngeDev_8.6.0.10/toolchains/gnuArm47v7a/arm-islero-linux-gnueabi/sysroot/usr/lib/crti.o
 *(.rel.data .rel.data.* .rel.gnu.linkonce.d.*)
 .rel.data.rel  0x00010bdc        0x8 D:/Ingenico/IngeDev_8.6.0.10/toolchains/gnuArm47v7a/arm-islero-linux-gnueabi/sysroot/usr/lib/crti.o
 *(.rel.tdata .rel.tdata.* .rel.gnu.linkonce.td.*)
 *(.rel.tbss .rel.tbss.* .rel.gnu.linkonce.tb.*)
 *(.rel.ctors)
 *(.rel.dtors)
 *(.rel.got)
 .rel.got       0x00010be4      0x1a8 D:/Ingenico/IngeDev_8.6.0.10/toolchains/gnuArm47v7a/arm-islero-linux-gnueabi/sysroot/usr/lib/crti.o
 *(.rel.bss .rel.bss.* .rel.gnu.linkonce.b.*)
 *(.rel.iplt)
 .rel.init_array
                0x00010d8c       0x10 D:/Ingenico/IngeDev_8.6.0.10/toolchains/gnuArm47v7a/arm-islero-linux-gnueabi/sysroot/usr/lib/crti.o
 .rel.fini_array
                0x00010d9c        0x8 D:/Ingenico/IngeDev_8.6.0.10/toolchains/gnuArm47v7a/arm-islero-linux-gnueabi/sysroot/usr/lib/crti.o

.rela.dyn
 *(.rela.init)
 *(.rela.text .rela.text.* .rela.gnu.linkonce.t.*)
 *(.rela.fini)
 *(.rela.rodata .rela.rodata.* .rela.gnu.linkonce.r.*)
 *(.rela.data .rela.data.* .rela.gnu.linkonce.d.*)
 *(.rela.tdata .rela.tdata.* .rela.gnu.linkonce.td.*)
 *(.rela.tbss .rela.tbss.* .rela.gnu.linkonce.tb.*)
 *(.rela.ctors)
 *(.rela.dtors)
 *(.rela.got)
 *(.rela.bss .rela.bss.* .rela.gnu.linkonce.b.*)
 *(.rela.iplt)

.rel.plt        0x00010da4      0xc60
 *(.rel.plt)
 .rel.plt       0x00010da4      0xc60 D:/Ingenico/IngeDev_8.6.0.10/toolchains/gnuArm47v7a/arm-islero-linux-gnueabi/sysroot/usr/lib/crti.o

.rela.plt
 *(.rela.plt)

.init           0x00011a04        0xc
 *(.init)
 .init          0x00011a04        0x8 D:/Ingenico/IngeDev_8.6.0.10/toolchains/gnuArm47v7a/arm-islero-linux-gnueabi/sysroot/usr/lib/crti.o
                0x00011a04                _init
 .init          0x00011a0c        0x4 D:/Ingenico/IngeDev_8.6.0.10/toolchains/gnuArm47v7a/arm-islero-linux-gnueabi/sysroot/usr/lib/crtn.o

.plt            0x00011a10     0x12a4
 *(.plt)
 .plt           0x00011a10     0x12a4 D:/Ingenico/IngeDev_8.6.0.10/toolchains/gnuArm47v7a/arm-islero-linux-gnueabi/sysroot/usr/lib/crti.o

.iplt
 *(.iplt)

.text           0x00012cb8    0x1078c
 *(.text.unlikely .text.*_unlikely)
 *(.text.exit .text.exit.*)
 *(.text.startup .text.startup.*)
 *(.text.hot .text.hot.*)
 *(.text .stub .text.* .gnu.linkonce.t.*)
 .text          0x00012cb8       0x24 D:/Ingenico/IngeDev_8.6.0.10/toolchains/gnuArm47v7a/arm-islero-linux-gnueabi/sysroot/usr/lib/crti.o
 .text          0x00012cdc      0x16c D:/Ingenico/IngeDev_8.6.0.10/toolchains/gnuArm47v7a/lib/gcc/arm-islero-linux-gnueabi/4.7.3/crtbeginS.o
 .text          0x00012e48     0x9008 Obj/GNU_ARM_DEBUG_TETRA/TimeAndDate.pb.o
                0x00012e48                ingenico::dateAndTime::protobuf_AssignDesc_TimeAndDate_2eproto()
                0x000134ac                ingenico::dateAndTime::protobuf_ShutdownFile_TimeAndDate_2eproto()
                0x00013760                ingenico::dateAndTime::protobuf_AddDesc_TimeAndDate_2eproto()
                0x00013988                ingenico::dateAndTime::GetDateRequest::operator=(ingenico::dateAndTime::GetDateRequest const&)
                0x000139cc                ingenico::dateAndTime::GetDateRequest::unknown_fields() const
                0x00013a08                ingenico::dateAndTime::GetDateRequest::mutable_unknown_fields()
                0x00013a44                ingenico::dateAndTime::GetDateRequest::getMessageType() const
                0x00013a88                ingenico::dateAndTime::GetDateRequest::getMessageTypeStatic()
                0x00013ac8                ingenico::dateAndTime::GetDateRequest::GetDateRequest()
                0x00013ac8                ingenico::dateAndTime::GetDateRequest::GetDateRequest()
                0x00013b40                ingenico::dateAndTime::GetDateRequest::InitAsDefaultInstance()
                0x00013b74                ingenico::dateAndTime::GetDateRequest::GetDateRequest(ingenico::dateAndTime::GetDateRequest const&)
                0x00013b74                ingenico::dateAndTime::GetDateRequest::GetDateRequest(ingenico::dateAndTime::GetDateRequest const&)
                0x00013bf8                ingenico::dateAndTime::GetDateRequest::SharedCtor()
                0x00013c40                ingenico::dateAndTime::GetDateRequest::~GetDateRequest()
                0x00013c40                ingenico::dateAndTime::GetDateRequest::~GetDateRequest()
                0x00013cc8                ingenico::dateAndTime::GetDateRequest::~GetDateRequest()
                0x00013d0c                ingenico::dateAndTime::GetDateRequest::SharedDtor()
                0x00013d40                ingenico::dateAndTime::GetDateRequest::GetCachedSize() const
                0x00013d7c                ingenico::dateAndTime::GetDateRequest::SetCachedSize(int) const
                0x00013db8                ingenico::dateAndTime::GetDateRequest::descriptor()
                0x00013dfc                ingenico::dateAndTime::GetDateRequest::default_instance()
                0x00013e48                ingenico::dateAndTime::GetDateRequest::newOne()
                0x00013e9c                ingenico::dateAndTime::GetDateRequest::newOne(ingenico::dateAndTime::GetDateRequest const&)
                0x00013ef4                ingenico::dateAndTime::GetDateRequest::instantiate()
                0x00013f70                ingenico::dateAndTime::GetDateRequest::instantiate(ingenico::dateAndTime::GetDateRequest const&)
                0x00013ff0                ingenico::dateAndTime::GetDateRequest::New() const
                0x00014044                ingenico::dateAndTime::GetDateRequest::Clear()
                0x00014094                ingenico::dateAndTime::GetDateRequest::MergePartialFromCodedStream(google::protobuf::io::CodedInputStream*)
                0x00014174                ingenico::dateAndTime::GetDateRequest::SerializeWithCachedSizes(google::protobuf::io::CodedOutputStream*) const
                0x000141d4                ingenico::dateAndTime::GetDateRequest::SerializeWithCachedSizesToArray(unsigned char*) const
                0x0001423c                ingenico::dateAndTime::GetDateRequest::ByteSize() const
                0x000142b0                ingenico::dateAndTime::GetDateRequest::MergeFrom(google::protobuf::Message const&)
                0x00014380                ingenico::dateAndTime::GetDateRequest::MergeFrom(ingenico::dateAndTime::GetDateRequest const&)
                0x00014444                ingenico::dateAndTime::GetDateRequest::CopyFrom(google::protobuf::Message const&)
                0x000144a0                ingenico::dateAndTime::GetDateRequest::CopyFrom(ingenico::dateAndTime::GetDateRequest const&)
                0x000144f8                ingenico::dateAndTime::GetDateRequest::IsInitialized() const
                0x00014530                ingenico::dateAndTime::GetDateRequest::Swap(ingenico::dateAndTime::GetDateRequest*)
                0x00014594                ingenico::dateAndTime::GetDateRequest::GetMetadata() const
                0x000145f0                ingenico::dateAndTime::GetDateResponse::operator=(ingenico::dateAndTime::GetDateResponse const&)
                0x00014634                ingenico::dateAndTime::GetDateResponse::unknown_fields() const
                0x00014670                ingenico::dateAndTime::GetDateResponse::mutable_unknown_fields()
                0x000146ac                ingenico::dateAndTime::GetDateResponse::getMessageType() const
                0x000146f0                ingenico::dateAndTime::GetDateResponse::getMessageTypeStatic()
                0x00014730                ingenico::dateAndTime::GetDateResponse::GetDateResponse()
                0x00014730                ingenico::dateAndTime::GetDateResponse::GetDateResponse()
                0x000147a8                ingenico::dateAndTime::GetDateResponse::InitAsDefaultInstance()
                0x000147dc                ingenico::dateAndTime::GetDateResponse::GetDateResponse(ingenico::dateAndTime::GetDateResponse const&)
                0x000147dc                ingenico::dateAndTime::GetDateResponse::GetDateResponse(ingenico::dateAndTime::GetDateResponse const&)
                0x00014860                ingenico::dateAndTime::GetDateResponse::SharedCtor()
                0x000148b4                ingenico::dateAndTime::GetDateResponse::~GetDateResponse()
                0x000148b4                ingenico::dateAndTime::GetDateResponse::~GetDateResponse()
                0x0001493c                ingenico::dateAndTime::GetDateResponse::~GetDateResponse()
                0x00014980                ingenico::dateAndTime::GetDateResponse::SharedDtor()
                0x000149d8                ingenico::dateAndTime::GetDateResponse::GetCachedSize() const
                0x00014a14                ingenico::dateAndTime::GetDateResponse::SetCachedSize(int) const
                0x00014a50                ingenico::dateAndTime::GetDateResponse::descriptor()
                0x00014a94                ingenico::dateAndTime::GetDateResponse::default_instance()
                0x00014ae0                ingenico::dateAndTime::GetDateResponse::newOne()
                0x00014b34                ingenico::dateAndTime::GetDateResponse::newOne(ingenico::dateAndTime::GetDateResponse const&)
                0x00014b8c                ingenico::dateAndTime::GetDateResponse::instantiate()
                0x00014c08                ingenico::dateAndTime::GetDateResponse::instantiate(ingenico::dateAndTime::GetDateResponse const&)
                0x00014c88                ingenico::dateAndTime::GetDateResponse::New() const
                0x00014cdc                ingenico::dateAndTime::GetDateResponse::Clear()
                0x00014d5c                ingenico::dateAndTime::GetDateResponse::MergePartialFromCodedStream(google::protobuf::io::CodedInputStream*)
                0x00014ec0                ingenico::dateAndTime::GetDateResponse::SerializeWithCachedSizes(google::protobuf::io::CodedOutputStream*) const
                0x00014f6c                ingenico::dateAndTime::GetDateResponse::SerializeWithCachedSizesToArray(unsigned char*) const
                0x000150a4                ingenico::dateAndTime::GetDateResponse::ByteSize() const
                0x00015144                ingenico::dateAndTime::GetDateResponse::MergeFrom(google::protobuf::Message const&)
                0x00015214                ingenico::dateAndTime::GetDateResponse::MergeFrom(ingenico::dateAndTime::GetDateResponse const&)
                0x00015300                ingenico::dateAndTime::GetDateResponse::CopyFrom(google::protobuf::Message const&)
                0x0001535c                ingenico::dateAndTime::GetDateResponse::CopyFrom(ingenico::dateAndTime::GetDateResponse const&)
                0x000153b4                ingenico::dateAndTime::GetDateResponse::IsInitialized() const
                0x000153fc                ingenico::dateAndTime::GetDateResponse::Swap(ingenico::dateAndTime::GetDateResponse*)
                0x00015484                ingenico::dateAndTime::GetDateResponse::GetMetadata() const
                0x000154e0                ingenico::dateAndTime::SetDateResponse::operator=(ingenico::dateAndTime::SetDateResponse const&)
                0x00015524                ingenico::dateAndTime::SetDateResponse::unknown_fields() const
                0x00015560                ingenico::dateAndTime::SetDateResponse::mutable_unknown_fields()
                0x0001559c                ingenico::dateAndTime::SetDateResponse::getMessageType() const
                0x000155e0                ingenico::dateAndTime::SetDateResponse::getMessageTypeStatic()
                0x00015620                ingenico::dateAndTime::SetDateResponse::SetDateResponse()
                0x00015620                ingenico::dateAndTime::SetDateResponse::SetDateResponse()
                0x00015698                ingenico::dateAndTime::SetDateResponse::InitAsDefaultInstance()
                0x000156cc                ingenico::dateAndTime::SetDateResponse::SetDateResponse(ingenico::dateAndTime::SetDateResponse const&)
                0x000156cc                ingenico::dateAndTime::SetDateResponse::SetDateResponse(ingenico::dateAndTime::SetDateResponse const&)
                0x00015750                ingenico::dateAndTime::SetDateResponse::SharedCtor()
                0x000157a4                ingenico::dateAndTime::SetDateResponse::~SetDateResponse()
                0x000157a4                ingenico::dateAndTime::SetDateResponse::~SetDateResponse()
                0x0001582c                ingenico::dateAndTime::SetDateResponse::~SetDateResponse()
                0x00015870                ingenico::dateAndTime::SetDateResponse::SharedDtor()
                0x000158c8                ingenico::dateAndTime::SetDateResponse::GetCachedSize() const
                0x00015904                ingenico::dateAndTime::SetDateResponse::SetCachedSize(int) const
                0x00015940                ingenico::dateAndTime::SetDateResponse::descriptor()
                0x00015984                ingenico::dateAndTime::SetDateResponse::default_instance()
                0x000159d0                ingenico::dateAndTime::SetDateResponse::newOne()
                0x00015a24                ingenico::dateAndTime::SetDateResponse::newOne(ingenico::dateAndTime::SetDateResponse const&)
                0x00015a7c                ingenico::dateAndTime::SetDateResponse::instantiate()
                0x00015af8                ingenico::dateAndTime::SetDateResponse::instantiate(ingenico::dateAndTime::SetDateResponse const&)
                0x00015b78                ingenico::dateAndTime::SetDateResponse::New() const
                0x00015bcc                ingenico::dateAndTime::SetDateResponse::Clear()
                0x00015c4c                ingenico::dateAndTime::SetDateResponse::MergePartialFromCodedStream(google::protobuf::io::CodedInputStream*)
                0x00015db0                ingenico::dateAndTime::SetDateResponse::SerializeWithCachedSizes(google::protobuf::io::CodedOutputStream*) const
                0x00015e5c                ingenico::dateAndTime::SetDateResponse::SerializeWithCachedSizesToArray(unsigned char*) const
                0x00015f94                ingenico::dateAndTime::SetDateResponse::ByteSize() const
                0x00016034                ingenico::dateAndTime::SetDateResponse::MergeFrom(google::protobuf::Message const&)
                0x00016104                ingenico::dateAndTime::SetDateResponse::MergeFrom(ingenico::dateAndTime::SetDateResponse const&)
                0x000161f0                ingenico::dateAndTime::SetDateResponse::CopyFrom(google::protobuf::Message const&)
                0x0001624c                ingenico::dateAndTime::SetDateResponse::CopyFrom(ingenico::dateAndTime::SetDateResponse const&)
                0x000162a4                ingenico::dateAndTime::SetDateResponse::IsInitialized() const
                0x000162ec                ingenico::dateAndTime::SetDateResponse::Swap(ingenico::dateAndTime::SetDateResponse*)
                0x00016374                ingenico::dateAndTime::SetDateResponse::GetMetadata() const
                0x000163d0                ingenico::dateAndTime::SetDateRequest::operator=(ingenico::dateAndTime::SetDateRequest const&)
                0x00016414                ingenico::dateAndTime::SetDateRequest::unknown_fields() const
                0x00016450                ingenico::dateAndTime::SetDateRequest::mutable_unknown_fields()
                0x0001648c                ingenico::dateAndTime::SetDateRequest::getMessageType() const
                0x000164d0                ingenico::dateAndTime::SetDateRequest::getMessageTypeStatic()
                0x00016510                ingenico::dateAndTime::SetDateRequest::SetDateRequest()
                0x00016510                ingenico::dateAndTime::SetDateRequest::SetDateRequest()
                0x00016588                ingenico::dateAndTime::SetDateRequest::InitAsDefaultInstance()
                0x000165bc                ingenico::dateAndTime::SetDateRequest::SetDateRequest(ingenico::dateAndTime::SetDateRequest const&)
                0x000165bc                ingenico::dateAndTime::SetDateRequest::SetDateRequest(ingenico::dateAndTime::SetDateRequest const&)
                0x00016640                ingenico::dateAndTime::SetDateRequest::SharedCtor()
                0x00016694                ingenico::dateAndTime::SetDateRequest::~SetDateRequest()
                0x00016694                ingenico::dateAndTime::SetDateRequest::~SetDateRequest()
                0x0001671c                ingenico::dateAndTime::SetDateRequest::~SetDateRequest()
                0x00016760                ingenico::dateAndTime::SetDateRequest::SharedDtor()
                0x000167b8                ingenico::dateAndTime::SetDateRequest::GetCachedSize() const
                0x000167f4                ingenico::dateAndTime::SetDateRequest::SetCachedSize(int) const
                0x00016830                ingenico::dateAndTime::SetDateRequest::descriptor()
                0x00016874                ingenico::dateAndTime::SetDateRequest::default_instance()
                0x000168c0                ingenico::dateAndTime::SetDateRequest::newOne()
                0x00016914                ingenico::dateAndTime::SetDateRequest::newOne(ingenico::dateAndTime::SetDateRequest const&)
                0x0001696c                ingenico::dateAndTime::SetDateRequest::instantiate()
                0x000169e8                ingenico::dateAndTime::SetDateRequest::instantiate(ingenico::dateAndTime::SetDateRequest const&)
                0x00016a68                ingenico::dateAndTime::SetDateRequest::New() const
                0x00016abc                ingenico::dateAndTime::SetDateRequest::Clear()
                0x00016b3c                ingenico::dateAndTime::SetDateRequest::MergePartialFromCodedStream(google::protobuf::io::CodedInputStream*)
                0x00016ca0                ingenico::dateAndTime::SetDateRequest::SerializeWithCachedSizes(google::protobuf::io::CodedOutputStream*) const
                0x00016d4c                ingenico::dateAndTime::SetDateRequest::SerializeWithCachedSizesToArray(unsigned char*) const
                0x00016e84                ingenico::dateAndTime::SetDateRequest::ByteSize() const
                0x00016f24                ingenico::dateAndTime::SetDateRequest::MergeFrom(google::protobuf::Message const&)
                0x00016ff4                ingenico::dateAndTime::SetDateRequest::MergeFrom(ingenico::dateAndTime::SetDateRequest const&)
                0x000170e0                ingenico::dateAndTime::SetDateRequest::CopyFrom(google::protobuf::Message const&)
                0x0001713c                ingenico::dateAndTime::SetDateRequest::CopyFrom(ingenico::dateAndTime::SetDateRequest const&)
                0x00017194                ingenico::dateAndTime::SetDateRequest::IsInitialized() const
                0x000171dc                ingenico::dateAndTime::SetDateRequest::Swap(ingenico::dateAndTime::SetDateRequest*)
                0x00017264                ingenico::dateAndTime::SetDateRequest::GetMetadata() const
                0x000172c0                ingenico::dateAndTime::SetTimeResponse::operator=(ingenico::dateAndTime::SetTimeResponse const&)
                0x00017304                ingenico::dateAndTime::SetTimeResponse::unknown_fields() const
                0x00017340                ingenico::dateAndTime::SetTimeResponse::mutable_unknown_fields()
                0x0001737c                ingenico::dateAndTime::SetTimeResponse::getMessageType() const
                0x000173c0                ingenico::dateAndTime::SetTimeResponse::getMessageTypeStatic()
                0x00017400                ingenico::dateAndTime::SetTimeResponse::SetTimeResponse()
                0x00017400                ingenico::dateAndTime::SetTimeResponse::SetTimeResponse()
                0x00017478                ingenico::dateAndTime::SetTimeResponse::InitAsDefaultInstance()
                0x000174ac                ingenico::dateAndTime::SetTimeResponse::SetTimeResponse(ingenico::dateAndTime::SetTimeResponse const&)
                0x000174ac                ingenico::dateAndTime::SetTimeResponse::SetTimeResponse(ingenico::dateAndTime::SetTimeResponse const&)
                0x00017530                ingenico::dateAndTime::SetTimeResponse::SharedCtor()
                0x00017584                ingenico::dateAndTime::SetTimeResponse::~SetTimeResponse()
                0x00017584                ingenico::dateAndTime::SetTimeResponse::~SetTimeResponse()
                0x0001760c                ingenico::dateAndTime::SetTimeResponse::~SetTimeResponse()
                0x00017650                ingenico::dateAndTime::SetTimeResponse::SharedDtor()
                0x000176a8                ingenico::dateAndTime::SetTimeResponse::GetCachedSize() const
                0x000176e4                ingenico::dateAndTime::SetTimeResponse::SetCachedSize(int) const
                0x00017720                ingenico::dateAndTime::SetTimeResponse::descriptor()
                0x00017764                ingenico::dateAndTime::SetTimeResponse::default_instance()
                0x000177b0                ingenico::dateAndTime::SetTimeResponse::newOne()
                0x00017804                ingenico::dateAndTime::SetTimeResponse::newOne(ingenico::dateAndTime::SetTimeResponse const&)
                0x0001785c                ingenico::dateAndTime::SetTimeResponse::instantiate()
                0x000178d8                ingenico::dateAndTime::SetTimeResponse::instantiate(ingenico::dateAndTime::SetTimeResponse const&)
                0x00017958                ingenico::dateAndTime::SetTimeResponse::New() const
                0x000179ac                ingenico::dateAndTime::SetTimeResponse::Clear()
                0x00017a2c                ingenico::dateAndTime::SetTimeResponse::MergePartialFromCodedStream(google::protobuf::io::CodedInputStream*)
                0x00017b90                ingenico::dateAndTime::SetTimeResponse::SerializeWithCachedSizes(google::protobuf::io::CodedOutputStream*) const
                0x00017c3c                ingenico::dateAndTime::SetTimeResponse::SerializeWithCachedSizesToArray(unsigned char*) const
                0x00017d74                ingenico::dateAndTime::SetTimeResponse::ByteSize() const
                0x00017e14                ingenico::dateAndTime::SetTimeResponse::MergeFrom(google::protobuf::Message const&)
                0x00017ee4                ingenico::dateAndTime::SetTimeResponse::MergeFrom(ingenico::dateAndTime::SetTimeResponse const&)
                0x00017fd0                ingenico::dateAndTime::SetTimeResponse::CopyFrom(google::protobuf::Message const&)
                0x0001802c                ingenico::dateAndTime::SetTimeResponse::CopyFrom(ingenico::dateAndTime::SetTimeResponse const&)
                0x00018084                ingenico::dateAndTime::SetTimeResponse::IsInitialized() const
                0x000180cc                ingenico::dateAndTime::SetTimeResponse::Swap(ingenico::dateAndTime::SetTimeResponse*)
                0x00018154                ingenico::dateAndTime::SetTimeResponse::GetMetadata() const
                0x000181b0                ingenico::dateAndTime::SetTimeRequest::operator=(ingenico::dateAndTime::SetTimeRequest const&)
                0x000181f4                ingenico::dateAndTime::SetTimeRequest::unknown_fields() const
                0x00018230                ingenico::dateAndTime::SetTimeRequest::mutable_unknown_fields()
                0x0001826c                ingenico::dateAndTime::SetTimeRequest::getMessageType() const
                0x000182b0                ingenico::dateAndTime::SetTimeRequest::getMessageTypeStatic()
                0x000182f0                ingenico::dateAndTime::SetTimeRequest::SetTimeRequest()
                0x000182f0                ingenico::dateAndTime::SetTimeRequest::SetTimeRequest()
                0x00018368                ingenico::dateAndTime::SetTimeRequest::InitAsDefaultInstance()
                0x0001839c                ingenico::dateAndTime::SetTimeRequest::SetTimeRequest(ingenico::dateAndTime::SetTimeRequest const&)
                0x0001839c                ingenico::dateAndTime::SetTimeRequest::SetTimeRequest(ingenico::dateAndTime::SetTimeRequest const&)
                0x00018420                ingenico::dateAndTime::SetTimeRequest::SharedCtor()
                0x00018474                ingenico::dateAndTime::SetTimeRequest::~SetTimeRequest()
                0x00018474                ingenico::dateAndTime::SetTimeRequest::~SetTimeRequest()
                0x000184fc                ingenico::dateAndTime::SetTimeRequest::~SetTimeRequest()
                0x00018540                ingenico::dateAndTime::SetTimeRequest::SharedDtor()
                0x00018598                ingenico::dateAndTime::SetTimeRequest::GetCachedSize() const
                0x000185d4                ingenico::dateAndTime::SetTimeRequest::SetCachedSize(int) const
                0x00018610                ingenico::dateAndTime::SetTimeRequest::descriptor()
                0x00018654                ingenico::dateAndTime::SetTimeRequest::default_instance()
                0x000186a0                ingenico::dateAndTime::SetTimeRequest::newOne()
                0x000186f4                ingenico::dateAndTime::SetTimeRequest::newOne(ingenico::dateAndTime::SetTimeRequest const&)
                0x0001874c                ingenico::dateAndTime::SetTimeRequest::instantiate()
                0x000187c8                ingenico::dateAndTime::SetTimeRequest::instantiate(ingenico::dateAndTime::SetTimeRequest const&)
                0x00018848                ingenico::dateAndTime::SetTimeRequest::New() const
                0x0001889c                ingenico::dateAndTime::SetTimeRequest::Clear()
                0x0001891c                ingenico::dateAndTime::SetTimeRequest::MergePartialFromCodedStream(google::protobuf::io::CodedInputStream*)
                0x00018a80                ingenico::dateAndTime::SetTimeRequest::SerializeWithCachedSizes(google::protobuf::io::CodedOutputStream*) const
                0x00018b2c                ingenico::dateAndTime::SetTimeRequest::SerializeWithCachedSizesToArray(unsigned char*) const
                0x00018c64                ingenico::dateAndTime::SetTimeRequest::ByteSize() const
                0x00018d04                ingenico::dateAndTime::SetTimeRequest::MergeFrom(google::protobuf::Message const&)
                0x00018dd4                ingenico::dateAndTime::SetTimeRequest::MergeFrom(ingenico::dateAndTime::SetTimeRequest const&)
                0x00018ec0                ingenico::dateAndTime::SetTimeRequest::CopyFrom(google::protobuf::Message const&)
                0x00018f1c                ingenico::dateAndTime::SetTimeRequest::CopyFrom(ingenico::dateAndTime::SetTimeRequest const&)
                0x00018f74                ingenico::dateAndTime::SetTimeRequest::IsInitialized() const
                0x00018fbc                ingenico::dateAndTime::SetTimeRequest::Swap(ingenico::dateAndTime::SetTimeRequest*)
                0x00019044                ingenico::dateAndTime::SetTimeRequest::GetMetadata() const
                0x000190a0                ingenico::dateAndTime::TestResponse::operator=(ingenico::dateAndTime::TestResponse const&)
                0x000190e4                ingenico::dateAndTime::TestResponse::unknown_fields() const
                0x00019120                ingenico::dateAndTime::TestResponse::mutable_unknown_fields()
                0x0001915c                ingenico::dateAndTime::TestResponse::getMessageType() const
                0x000191a0                ingenico::dateAndTime::TestResponse::getMessageTypeStatic()
                0x000191e0                ingenico::dateAndTime::TestResponse::TestResponse()
                0x000191e0                ingenico::dateAndTime::TestResponse::TestResponse()
                0x00019258                ingenico::dateAndTime::TestResponse::InitAsDefaultInstance()
                0x0001928c                ingenico::dateAndTime::TestResponse::TestResponse(ingenico::dateAndTime::TestResponse const&)
                0x0001928c                ingenico::dateAndTime::TestResponse::TestResponse(ingenico::dateAndTime::TestResponse const&)
                0x00019310                ingenico::dateAndTime::TestResponse::SharedCtor()
                0x00019358                ingenico::dateAndTime::TestResponse::~TestResponse()
                0x00019358                ingenico::dateAndTime::TestResponse::~TestResponse()
                0x000193e0                ingenico::dateAndTime::TestResponse::~TestResponse()
                0x00019424                ingenico::dateAndTime::TestResponse::SharedDtor()
                0x00019458                ingenico::dateAndTime::TestResponse::GetCachedSize() const
                0x00019494                ingenico::dateAndTime::TestResponse::SetCachedSize(int) const
                0x000194d0                ingenico::dateAndTime::TestResponse::descriptor()
                0x00019514                ingenico::dateAndTime::TestResponse::default_instance()
                0x00019560                ingenico::dateAndTime::TestResponse::newOne()
                0x000195b4                ingenico::dateAndTime::TestResponse::newOne(ingenico::dateAndTime::TestResponse const&)
                0x0001960c                ingenico::dateAndTime::TestResponse::instantiate()
                0x00019688                ingenico::dateAndTime::TestResponse::instantiate(ingenico::dateAndTime::TestResponse const&)
                0x00019708                ingenico::dateAndTime::TestResponse::New() const
                0x0001975c                ingenico::dateAndTime::TestResponse::Clear()
                0x000197ac                ingenico::dateAndTime::TestResponse::MergePartialFromCodedStream(google::protobuf::io::CodedInputStream*)
                0x0001988c                ingenico::dateAndTime::TestResponse::SerializeWithCachedSizes(google::protobuf::io::CodedOutputStream*) const
                0x000198ec                ingenico::dateAndTime::TestResponse::SerializeWithCachedSizesToArray(unsigned char*) const
                0x00019954                ingenico::dateAndTime::TestResponse::ByteSize() const
                0x000199c8                ingenico::dateAndTime::TestResponse::MergeFrom(google::protobuf::Message const&)
                0x00019a98                ingenico::dateAndTime::TestResponse::MergeFrom(ingenico::dateAndTime::TestResponse const&)
                0x00019b5c                ingenico::dateAndTime::TestResponse::CopyFrom(google::protobuf::Message const&)
                0x00019bb8                ingenico::dateAndTime::TestResponse::CopyFrom(ingenico::dateAndTime::TestResponse const&)
                0x00019c10                ingenico::dateAndTime::TestResponse::IsInitialized() const
                0x00019c48                ingenico::dateAndTime::TestResponse::Swap(ingenico::dateAndTime::TestResponse*)
                0x00019cac                ingenico::dateAndTime::TestResponse::GetMetadata() const
                0x00019d08                ingenico::dateAndTime::TestRequest::operator=(ingenico::dateAndTime::TestRequest const&)
                0x00019d4c                ingenico::dateAndTime::TestRequest::unknown_fields() const
                0x00019d88                ingenico::dateAndTime::TestRequest::mutable_unknown_fields()
                0x00019dc4                ingenico::dateAndTime::TestRequest::getMessageType() const
                0x00019e08                ingenico::dateAndTime::TestRequest::getMessageTypeStatic()
                0x00019e48                ingenico::dateAndTime::TestRequest::TestRequest()
                0x00019e48                ingenico::dateAndTime::TestRequest::TestRequest()
                0x00019ec0                ingenico::dateAndTime::TestRequest::InitAsDefaultInstance()
                0x00019ef4                ingenico::dateAndTime::TestRequest::TestRequest(ingenico::dateAndTime::TestRequest const&)
                0x00019ef4                ingenico::dateAndTime::TestRequest::TestRequest(ingenico::dateAndTime::TestRequest const&)
                0x00019f78                ingenico::dateAndTime::TestRequest::SharedCtor()
                0x00019fc0                ingenico::dateAndTime::TestRequest::~TestRequest()
                0x00019fc0                ingenico::dateAndTime::TestRequest::~TestRequest()
                0x0001a048                ingenico::dateAndTime::TestRequest::~TestRequest()
                0x0001a08c                ingenico::dateAndTime::TestRequest::SharedDtor()
                0x0001a0c0                ingenico::dateAndTime::TestRequest::GetCachedSize() const
                0x0001a0fc                ingenico::dateAndTime::TestRequest::SetCachedSize(int) const
                0x0001a138                ingenico::dateAndTime::TestRequest::descriptor()
                0x0001a17c                ingenico::dateAndTime::TestRequest::default_instance()
                0x0001a1c8                ingenico::dateAndTime::TestRequest::newOne()
                0x0001a21c                ingenico::dateAndTime::TestRequest::newOne(ingenico::dateAndTime::TestRequest const&)
                0x0001a274                ingenico::dateAndTime::TestRequest::instantiate()
                0x0001a2f0                ingenico::dateAndTime::TestRequest::instantiate(ingenico::dateAndTime::TestRequest const&)
                0x0001a370                ingenico::dateAndTime::TestRequest::New() const
                0x0001a3c4                ingenico::dateAndTime::TestRequest::Clear()
                0x0001a414                ingenico::dateAndTime::TestRequest::MergePartialFromCodedStream(google::protobuf::io::CodedInputStream*)
                0x0001a4f4                ingenico::dateAndTime::TestRequest::SerializeWithCachedSizes(google::protobuf::io::CodedOutputStream*) const
                0x0001a554                ingenico::dateAndTime::TestRequest::SerializeWithCachedSizesToArray(unsigned char*) const
                0x0001a5bc                ingenico::dateAndTime::TestRequest::ByteSize() const
                0x0001a630                ingenico::dateAndTime::TestRequest::MergeFrom(google::protobuf::Message const&)
                0x0001a700                ingenico::dateAndTime::TestRequest::MergeFrom(ingenico::dateAndTime::TestRequest const&)
                0x0001a7c4                ingenico::dateAndTime::TestRequest::CopyFrom(google::protobuf::Message const&)
                0x0001a820                ingenico::dateAndTime::TestRequest::CopyFrom(ingenico::dateAndTime::TestRequest const&)
                0x0001a878                ingenico::dateAndTime::TestRequest::IsInitialized() const
                0x0001a8b0                ingenico::dateAndTime::TestRequest::Swap(ingenico::dateAndTime::TestRequest*)
                0x0001a914                ingenico::dateAndTime::TestRequest::GetMetadata() const
                0x0001a970                ingenico::dateAndTime::GetDateResponse::has_resultofgetdate() const
                0x0001a9b8                ingenico::dateAndTime::GetDateResponse::set_has_resultofgetdate()
                0x0001a9f8                ingenico::dateAndTime::GetDateResponse::clear_has_resultofgetdate()
                0x0001aa38                ingenico::dateAndTime::GetDateResponse::clear_resultofgetdate()
                0x0001aa8c                ingenico::dateAndTime::GetDateResponse::resultofgetdate() const
                0x0001aac8                ingenico::dateAndTime::GetDateResponse::set_resultofgetdate(std::string const&)
                0x0001ab40                ingenico::dateAndTime::GetDateResponse::set_resultofgetdate(char const*)
                0x0001abb8                ingenico::dateAndTime::GetDateResponse::set_resultofgetdate(char const*, unsigned int)
                0x0001ac34                ingenico::dateAndTime::GetDateResponse::mutable_resultofgetdate()
                0x0001aca4                ingenico::dateAndTime::GetDateResponse::release_resultofgetdate()
                0x0001ad04                ingenico::dateAndTime::GetDateResponse::set_allocated_resultofgetdate(std::string*)
                0x0001ad80                ingenico::dateAndTime::SetDateResponse::has_datechanged() const
                0x0001adc8                ingenico::dateAndTime::SetDateResponse::set_has_datechanged()
                0x0001ae08                ingenico::dateAndTime::SetDateResponse::clear_has_datechanged()
                0x0001ae48                ingenico::dateAndTime::SetDateResponse::clear_datechanged()
                0x0001ae9c                ingenico::dateAndTime::SetDateResponse::datechanged() const
                0x0001aed8                ingenico::dateAndTime::SetDateResponse::set_datechanged(std::string const&)
                0x0001af50                ingenico::dateAndTime::SetDateResponse::set_datechanged(char const*)
                0x0001afc8                ingenico::dateAndTime::SetDateResponse::set_datechanged(char const*, unsigned int)
                0x0001b044                ingenico::dateAndTime::SetDateResponse::mutable_datechanged()
                0x0001b0b4                ingenico::dateAndTime::SetDateResponse::release_datechanged()
                0x0001b114                ingenico::dateAndTime::SetDateResponse::set_allocated_datechanged(std::string*)
                0x0001b190                ingenico::dateAndTime::SetDateRequest::has_datestring() const
                0x0001b1d8                ingenico::dateAndTime::SetDateRequest::set_has_datestring()
                0x0001b218                ingenico::dateAndTime::SetDateRequest::clear_has_datestring()
                0x0001b258                ingenico::dateAndTime::SetDateRequest::clear_datestring()
                0x0001b2ac                ingenico::dateAndTime::SetDateRequest::datestring() const
                0x0001b2e8                ingenico::dateAndTime::SetDateRequest::set_datestring(std::string const&)
                0x0001b360                ingenico::dateAndTime::SetDateRequest::set_datestring(char const*)
                0x0001b3d8                ingenico::dateAndTime::SetDateRequest::set_datestring(char const*, unsigned int)
                0x0001b454                ingenico::dateAndTime::SetDateRequest::mutable_datestring()
                0x0001b4c4                ingenico::dateAndTime::SetDateRequest::release_datestring()
                0x0001b524                ingenico::dateAndTime::SetDateRequest::set_allocated_datestring(std::string*)
                0x0001b5a0                ingenico::dateAndTime::SetTimeResponse::has_timechanged() const
                0x0001b5e8                ingenico::dateAndTime::SetTimeResponse::set_has_timechanged()
                0x0001b628                ingenico::dateAndTime::SetTimeResponse::clear_has_timechanged()
                0x0001b668                ingenico::dateAndTime::SetTimeResponse::clear_timechanged()
                0x0001b6bc                ingenico::dateAndTime::SetTimeResponse::timechanged() const
                0x0001b6f8                ingenico::dateAndTime::SetTimeResponse::set_timechanged(std::string const&)
                0x0001b770                ingenico::dateAndTime::SetTimeResponse::set_timechanged(char const*)
                0x0001b7e8                ingenico::dateAndTime::SetTimeResponse::set_timechanged(char const*, unsigned int)
                0x0001b864                ingenico::dateAndTime::SetTimeResponse::mutable_timechanged()
                0x0001b8d4                ingenico::dateAndTime::SetTimeResponse::release_timechanged()
                0x0001b934                ingenico::dateAndTime::SetTimeResponse::set_allocated_timechanged(std::string*)
                0x0001b9b0                ingenico::dateAndTime::SetTimeRequest::has_timestring() const
                0x0001b9f8                ingenico::dateAndTime::SetTimeRequest::set_has_timestring()
                0x0001ba38                ingenico::dateAndTime::SetTimeRequest::clear_has_timestring()
                0x0001ba78                ingenico::dateAndTime::SetTimeRequest::clear_timestring()
                0x0001bacc                ingenico::dateAndTime::SetTimeRequest::timestring() const
                0x0001bb08                ingenico::dateAndTime::SetTimeRequest::set_timestring(std::string const&)
                0x0001bb80                ingenico::dateAndTime::SetTimeRequest::set_timestring(char const*)
                0x0001bbf8                ingenico::dateAndTime::SetTimeRequest::set_timestring(char const*, unsigned int)
                0x0001bc74                ingenico::dateAndTime::SetTimeRequest::mutable_timestring()
                0x0001bce4                ingenico::dateAndTime::SetTimeRequest::release_timestring()
                0x0001bd44                ingenico::dateAndTime::SetTimeRequest::set_allocated_timestring(std::string*)
 .text._ZN6google8protobuf7ClosureC2Ev
                0x0001be50       0x48 Obj/GNU_ARM_DEBUG_TETRA/TimeAndDate.pb.o
                0x0001be50                google::protobuf::Closure::Closure()
                0x0001be50                google::protobuf::Closure::Closure()
 .text._ZN6google8protobuf8internal16FunctionClosure0C2EPFvvEb
                0x0001be98       0x60 Obj/GNU_ARM_DEBUG_TETRA/TimeAndDate.pb.o
                0x0001be98                google::protobuf::internal::FunctionClosure0::FunctionClosure0(void (*)(), bool)
                0x0001be98                google::protobuf::internal::FunctionClosure0::FunctionClosure0(void (*)(), bool)
 .text._ZNK6google8protobuf14FileDescriptor12message_typeEi
                0x0001bef8       0x44 Obj/GNU_ARM_DEBUG_TETRA/TimeAndDate.pb.o
                0x0001bef8                google::protobuf::FileDescriptor::message_type(int) const
 .text._ZNK6google8protobuf7Message13GetReflectionEv
                0x0001bf3c       0x4c Obj/GNU_ARM_DEBUG_TETRA/TimeAndDate.pb.o
                0x0001bf3c                google::protobuf::Message::GetReflection() const
 .text._ZN6google8protobuf15UnknownFieldSet5ClearEv
                0x0001bf88       0x44 Obj/GNU_ARM_DEBUG_TETRA/TimeAndDate.pb.o
                0x0001bf88                google::protobuf::UnknownFieldSet::Clear()
 .text._ZNK6google8protobuf15UnknownFieldSet5emptyEv
                0x0001bfcc       0x54 Obj/GNU_ARM_DEBUG_TETRA/TimeAndDate.pb.o
                0x0001bfcc                google::protobuf::UnknownFieldSet::empty() const
 .text._ZN6google8protobuf15UnknownFieldSet4SwapEPS1_
                0x0001c020       0x44 Obj/GNU_ARM_DEBUG_TETRA/TimeAndDate.pb.o
                0x0001c020                google::protobuf::UnknownFieldSet::Swap(google::protobuf::UnknownFieldSet*)
 .text._ZN6google8protobuf8internal13MemoryBarrierEv
                0x0001c064       0x40 Obj/GNU_ARM_DEBUG_TETRA/TimeAndDate.pb.o
                0x0001c064                google::protobuf::internal::MemoryBarrier()
 .text._ZN6google8protobuf8internal12Acquire_LoadEPVKi
                0x0001c0a4       0x44 Obj/GNU_ARM_DEBUG_TETRA/TimeAndDate.pb.o
                0x0001c0a4                google::protobuf::internal::Acquire_Load(int const volatile*)
 .text._ZN6google8protobuf14GoogleOnceInitEPiPFvvE
                0x0001c0e8       0x84 Obj/GNU_ARM_DEBUG_TETRA/TimeAndDate.pb.o
                0x0001c0e8                google::protobuf::GoogleOnceInit(int*, void (*)())
 .text._ZN6google8protobuf2io16CodedInputStream11ExpectAtEndEv
                0x0001c16c       0x68 Obj/GNU_ARM_DEBUG_TETRA/TimeAndDate.pb.o
                0x0001c16c                google::protobuf::io::CodedInputStream::ExpectAtEnd()
 .text._ZN6google8protobuf2io17CodedOutputStream20WriteVarint32ToArrayEjPh
                0x0001c1d4       0x58 Obj/GNU_ARM_DEBUG_TETRA/TimeAndDate.pb.o
                0x0001c1d4                google::protobuf::io::CodedOutputStream::WriteVarint32ToArray(unsigned int, unsigned char*)
 .text._ZN6google8protobuf2io17CodedOutputStream12VarintSize32Ej
                0x0001c22c       0x48 Obj/GNU_ARM_DEBUG_TETRA/TimeAndDate.pb.o
                0x0001c22c                google::protobuf::io::CodedOutputStream::VarintSize32(unsigned int)
 .text._ZN6google8protobuf2io17CodedOutputStream18WriteStringToArrayERKSsPh
                0x0001c274       0x58 Obj/GNU_ARM_DEBUG_TETRA/TimeAndDate.pb.o
                0x0001c274                google::protobuf::io::CodedOutputStream::WriteStringToArray(std::string const&, unsigned char*)
 .text._ZN6google8protobuf2io16CodedInputStream7AdvanceEi
                0x0001c2cc       0x44 Obj/GNU_ARM_DEBUG_TETRA/TimeAndDate.pb.o
                0x0001c2cc                google::protobuf::io::CodedInputStream::Advance(int)
 .text._ZN6google8protobuf8internal14WireFormatLite7MakeTagEiNS2_8WireTypeE
                0x0001c310       0x40 Obj/GNU_ARM_DEBUG_TETRA/TimeAndDate.pb.o
                0x0001c310                google::protobuf::internal::WireFormatLite::MakeTag(int, google::protobuf::internal::WireFormatLite::WireType)
 .text._ZN6google8protobuf8internal14WireFormatLite14GetTagWireTypeEj
                0x0001c350       0x3c Obj/GNU_ARM_DEBUG_TETRA/TimeAndDate.pb.o
                0x0001c350                google::protobuf::internal::WireFormatLite::GetTagWireType(unsigned int)
 .text._ZN6google8protobuf8internal14WireFormatLite17GetTagFieldNumberEj
                0x0001c38c       0x3c Obj/GNU_ARM_DEBUG_TETRA/TimeAndDate.pb.o
                0x0001c38c                google::protobuf::internal::WireFormatLite::GetTagFieldNumber(unsigned int)
 .text._ZN6google8protobuf8internal14WireFormatLite10StringSizeERKSs
                0x0001c3c8       0x54 Obj/GNU_ARM_DEBUG_TETRA/TimeAndDate.pb.o
                0x0001c3c8                google::protobuf::internal::WireFormatLite::StringSize(std::string const&)
 .text._ZN6google8protobuf8internal10WireFormat16VerifyUTF8StringEPKciNS2_9OperationE
                0x0001c41c       0x44 Obj/GNU_ARM_DEBUG_TETRA/TimeAndDate.pb.o
                0x0001c41c                google::protobuf::internal::WireFormat::VerifyUTF8String(char const*, int, google::protobuf::internal::WireFormat::Operation)
 .text._ZN8ingenico11dateAndTime47StaticDescriptorInitializer_TimeAndDate_2eprotoC2Ev
                0x0001c460       0x3c Obj/GNU_ARM_DEBUG_TETRA/TimeAndDate.pb.o
                0x0001c460                ingenico::dateAndTime::StaticDescriptorInitializer_TimeAndDate_2eproto::StaticDescriptorInitializer_TimeAndDate_2eproto()
                0x0001c460                ingenico::dateAndTime::StaticDescriptorInitializer_TimeAndDate_2eproto::StaticDescriptorInitializer_TimeAndDate_2eproto()
 .text._ZNKSt6vectorIN6google8protobuf12UnknownFieldESaIS2_EE5emptyEv
                0x0001c49c       0x64 Obj/GNU_ARM_DEBUG_TETRA/TimeAndDate.pb.o
                0x0001c49c                std::vector<google::protobuf::UnknownField, std::allocator<google::protobuf::UnknownField> >::empty() const
 .text._ZSt4swapIPSt6vectorIN6google8protobuf12UnknownFieldESaIS3_EEEvRT_S8_
                0x0001c500       0x4c Obj/GNU_ARM_DEBUG_TETRA/TimeAndDate.pb.o
                0x0001c500                void std::swap<std::vector<google::protobuf::UnknownField, std::allocator<google::protobuf::UnknownField> >*>(std::vector<google::protobuf::UnknownField, std::allocator<google::protobuf::UnknownField> >*&, std::vector<google::protobuf::UnknownField, std::allocator<google::protobuf::UnknownField> >*&)
 .text._ZNSt8auto_ptrIN8ingenico11dateAndTime14GetDateRequestEEC2EPS2_
                0x0001c54c       0x40 Obj/GNU_ARM_DEBUG_TETRA/TimeAndDate.pb.o
                0x0001c54c                std::auto_ptr<ingenico::dateAndTime::GetDateRequest>::auto_ptr(ingenico::dateAndTime::GetDateRequest*)
                0x0001c54c                std::auto_ptr<ingenico::dateAndTime::GetDateRequest>::auto_ptr(ingenico::dateAndTime::GetDateRequest*)
 .text._ZNSt8auto_ptrIN8ingenico11dateAndTime14GetDateRequestEED2Ev
                0x0001c58c       0x54 Obj/GNU_ARM_DEBUG_TETRA/TimeAndDate.pb.o
                0x0001c58c                std::auto_ptr<ingenico::dateAndTime::GetDateRequest>::~auto_ptr()
                0x0001c58c                std::auto_ptr<ingenico::dateAndTime::GetDateRequest>::~auto_ptr()
 .text._ZNSt8auto_ptrIN8ingenico11dateAndTime14GetDateRequestEEcvSt12auto_ptr_refIT_EIS2_EEv
                0x0001c5e0       0x64 Obj/GNU_ARM_DEBUG_TETRA/TimeAndDate.pb.o
                0x0001c5e0                _ZNSt8auto_ptrIN8ingenico11dateAndTime14GetDateRequestEEcvSt12auto_ptr_refIT_EIS2_EEv
 .text._ZNSt8auto_ptrIN8ingenico11dateAndTime14GetDateRequestEEC2ESt12auto_ptr_refIS2_E
                0x0001c644       0x40 Obj/GNU_ARM_DEBUG_TETRA/TimeAndDate.pb.o
                0x0001c644                std::auto_ptr<ingenico::dateAndTime::GetDateRequest>::auto_ptr(std::auto_ptr_ref<ingenico::dateAndTime::GetDateRequest>)
                0x0001c644                std::auto_ptr<ingenico::dateAndTime::GetDateRequest>::auto_ptr(std::auto_ptr_ref<ingenico::dateAndTime::GetDateRequest>)
 .text._ZN6google8protobuf8internal25dynamic_cast_if_availableIPKN8ingenico11dateAndTime14GetDateRequestEPKNS0_7MessageEEET_T0_
                0x0001c684       0x60 Obj/GNU_ARM_DEBUG_TETRA/TimeAndDate.pb.o
                0x0001c684                ingenico::dateAndTime::GetDateRequest const* google::protobuf::internal::dynamic_cast_if_available<ingenico::dateAndTime::GetDateRequest const*, google::protobuf::Message const*>(google::protobuf::Message const*)
 .text._ZSt4swapIiEvRT_S1_
                0x0001c6e4       0x4c Obj/GNU_ARM_DEBUG_TETRA/TimeAndDate.pb.o
                0x0001c6e4                void std::swap<int>(int&, int&)
 .text._ZNSt8auto_ptrIN8ingenico11dateAndTime15GetDateResponseEEC2EPS2_
                0x0001c730       0x40 Obj/GNU_ARM_DEBUG_TETRA/TimeAndDate.pb.o
                0x0001c730                std::auto_ptr<ingenico::dateAndTime::GetDateResponse>::auto_ptr(ingenico::dateAndTime::GetDateResponse*)
                0x0001c730                std::auto_ptr<ingenico::dateAndTime::GetDateResponse>::auto_ptr(ingenico::dateAndTime::GetDateResponse*)
 .text._ZNSt8auto_ptrIN8ingenico11dateAndTime15GetDateResponseEED2Ev
                0x0001c770       0x54 Obj/GNU_ARM_DEBUG_TETRA/TimeAndDate.pb.o
                0x0001c770                std::auto_ptr<ingenico::dateAndTime::GetDateResponse>::~auto_ptr()
                0x0001c770                std::auto_ptr<ingenico::dateAndTime::GetDateResponse>::~auto_ptr()
 .text._ZNSt8auto_ptrIN8ingenico11dateAndTime15GetDateResponseEEcvSt12auto_ptr_refIT_EIS2_EEv
                0x0001c7c4       0x64 Obj/GNU_ARM_DEBUG_TETRA/TimeAndDate.pb.o
                0x0001c7c4                _ZNSt8auto_ptrIN8ingenico11dateAndTime15GetDateResponseEEcvSt12auto_ptr_refIT_EIS2_EEv
 .text._ZNSt8auto_ptrIN8ingenico11dateAndTime15GetDateResponseEEC2ESt12auto_ptr_refIS2_E
                0x0001c828       0x40 Obj/GNU_ARM_DEBUG_TETRA/TimeAndDate.pb.o
                0x0001c828                std::auto_ptr<ingenico::dateAndTime::GetDateResponse>::auto_ptr(std::auto_ptr_ref<ingenico::dateAndTime::GetDateResponse>)
                0x0001c828                std::auto_ptr<ingenico::dateAndTime::GetDateResponse>::auto_ptr(std::auto_ptr_ref<ingenico::dateAndTime::GetDateResponse>)
 .text._ZN6google8protobuf8internal25dynamic_cast_if_availableIPKN8ingenico11dateAndTime15GetDateResponseEPKNS0_7MessageEEET_T0_
                0x0001c868       0x60 Obj/GNU_ARM_DEBUG_TETRA/TimeAndDate.pb.o
                0x0001c868                ingenico::dateAndTime::GetDateResponse const* google::protobuf::internal::dynamic_cast_if_available<ingenico::dateAndTime::GetDateResponse const*, google::protobuf::Message const*>(google::protobuf::Message const*)
 .text._ZSt4swapIPSsEvRT_S2_
                0x0001c8c8       0x4c Obj/GNU_ARM_DEBUG_TETRA/TimeAndDate.pb.o
                0x0001c8c8                void std::swap<std::string*>(std::string*&, std::string*&)
 .text._ZSt4swapIjEvRT_S1_
                0x0001c914       0x4c Obj/GNU_ARM_DEBUG_TETRA/TimeAndDate.pb.o
                0x0001c914                void std::swap<unsigned int>(unsigned int&, unsigned int&)
 .text._ZNSt8auto_ptrIN8ingenico11dateAndTime15SetDateResponseEEC2EPS2_
                0x0001c960       0x40 Obj/GNU_ARM_DEBUG_TETRA/TimeAndDate.pb.o
                0x0001c960                std::auto_ptr<ingenico::dateAndTime::SetDateResponse>::auto_ptr(ingenico::dateAndTime::SetDateResponse*)
                0x0001c960                std::auto_ptr<ingenico::dateAndTime::SetDateResponse>::auto_ptr(ingenico::dateAndTime::SetDateResponse*)
 .text._ZNSt8auto_ptrIN8ingenico11dateAndTime15SetDateResponseEED2Ev
                0x0001c9a0       0x54 Obj/GNU_ARM_DEBUG_TETRA/TimeAndDate.pb.o
                0x0001c9a0                std::auto_ptr<ingenico::dateAndTime::SetDateResponse>::~auto_ptr()
                0x0001c9a0                std::auto_ptr<ingenico::dateAndTime::SetDateResponse>::~auto_ptr()
 .text._ZNSt8auto_ptrIN8ingenico11dateAndTime15SetDateResponseEEcvSt12auto_ptr_refIT_EIS2_EEv
                0x0001c9f4       0x64 Obj/GNU_ARM_DEBUG_TETRA/TimeAndDate.pb.o
                0x0001c9f4                _ZNSt8auto_ptrIN8ingenico11dateAndTime15SetDateResponseEEcvSt12auto_ptr_refIT_EIS2_EEv
 .text._ZNSt8auto_ptrIN8ingenico11dateAndTime15SetDateResponseEEC2ESt12auto_ptr_refIS2_E
                0x0001ca58       0x40 Obj/GNU_ARM_DEBUG_TETRA/TimeAndDate.pb.o
                0x0001ca58                std::auto_ptr<ingenico::dateAndTime::SetDateResponse>::auto_ptr(std::auto_ptr_ref<ingenico::dateAndTime::SetDateResponse>)
                0x0001ca58                std::auto_ptr<ingenico::dateAndTime::SetDateResponse>::auto_ptr(std::auto_ptr_ref<ingenico::dateAndTime::SetDateResponse>)
 .text._ZN6google8protobuf8internal25dynamic_cast_if_availableIPKN8ingenico11dateAndTime15SetDateResponseEPKNS0_7MessageEEET_T0_
                0x0001ca98       0x60 Obj/GNU_ARM_DEBUG_TETRA/TimeAndDate.pb.o
                0x0001ca98                ingenico::dateAndTime::SetDateResponse const* google::protobuf::internal::dynamic_cast_if_available<ingenico::dateAndTime::SetDateResponse const*, google::protobuf::Message const*>(google::protobuf::Message const*)
 .text._ZNSt8auto_ptrIN8ingenico11dateAndTime14SetDateRequestEEC2EPS2_
                0x0001caf8       0x40 Obj/GNU_ARM_DEBUG_TETRA/TimeAndDate.pb.o
                0x0001caf8                std::auto_ptr<ingenico::dateAndTime::SetDateRequest>::auto_ptr(ingenico::dateAndTime::SetDateRequest*)
                0x0001caf8                std::auto_ptr<ingenico::dateAndTime::SetDateRequest>::auto_ptr(ingenico::dateAndTime::SetDateRequest*)
 .text._ZNSt8auto_ptrIN8ingenico11dateAndTime14SetDateRequestEED2Ev
                0x0001cb38       0x54 Obj/GNU_ARM_DEBUG_TETRA/TimeAndDate.pb.o
                0x0001cb38                std::auto_ptr<ingenico::dateAndTime::SetDateRequest>::~auto_ptr()
                0x0001cb38                std::auto_ptr<ingenico::dateAndTime::SetDateRequest>::~auto_ptr()
 .text._ZNSt8auto_ptrIN8ingenico11dateAndTime14SetDateRequestEEcvSt12auto_ptr_refIT_EIS2_EEv
                0x0001cb8c       0x64 Obj/GNU_ARM_DEBUG_TETRA/TimeAndDate.pb.o
                0x0001cb8c                _ZNSt8auto_ptrIN8ingenico11dateAndTime14SetDateRequestEEcvSt12auto_ptr_refIT_EIS2_EEv
 .text._ZNSt8auto_ptrIN8ingenico11dateAndTime14SetDateRequestEEC2ESt12auto_ptr_refIS2_E
                0x0001cbf0       0x40 Obj/GNU_ARM_DEBUG_TETRA/TimeAndDate.pb.o
                0x0001cbf0                std::auto_ptr<ingenico::dateAndTime::SetDateRequest>::auto_ptr(std::auto_ptr_ref<ingenico::dateAndTime::SetDateRequest>)
                0x0001cbf0                std::auto_ptr<ingenico::dateAndTime::SetDateRequest>::auto_ptr(std::auto_ptr_ref<ingenico::dateAndTime::SetDateRequest>)
 .text._ZN6google8protobuf8internal25dynamic_cast_if_availableIPKN8ingenico11dateAndTime14SetDateRequestEPKNS0_7MessageEEET_T0_
                0x0001cc30       0x60 Obj/GNU_ARM_DEBUG_TETRA/TimeAndDate.pb.o
                0x0001cc30                ingenico::dateAndTime::SetDateRequest const* google::protobuf::internal::dynamic_cast_if_available<ingenico::dateAndTime::SetDateRequest const*, google::protobuf::Message const*>(google::protobuf::Message const*)
 .text._ZNSt8auto_ptrIN8ingenico11dateAndTime15SetTimeResponseEEC2EPS2_
                0x0001cc90       0x40 Obj/GNU_ARM_DEBUG_TETRA/TimeAndDate.pb.o
                0x0001cc90                std::auto_ptr<ingenico::dateAndTime::SetTimeResponse>::auto_ptr(ingenico::dateAndTime::SetTimeResponse*)
                0x0001cc90                std::auto_ptr<ingenico::dateAndTime::SetTimeResponse>::auto_ptr(ingenico::dateAndTime::SetTimeResponse*)
 .text._ZNSt8auto_ptrIN8ingenico11dateAndTime15SetTimeResponseEED2Ev
                0x0001ccd0       0x54 Obj/GNU_ARM_DEBUG_TETRA/TimeAndDate.pb.o
                0x0001ccd0                std::auto_ptr<ingenico::dateAndTime::SetTimeResponse>::~auto_ptr()
                0x0001ccd0                std::auto_ptr<ingenico::dateAndTime::SetTimeResponse>::~auto_ptr()
 .text._ZNSt8auto_ptrIN8ingenico11dateAndTime15SetTimeResponseEEcvSt12auto_ptr_refIT_EIS2_EEv
                0x0001cd24       0x64 Obj/GNU_ARM_DEBUG_TETRA/TimeAndDate.pb.o
                0x0001cd24                _ZNSt8auto_ptrIN8ingenico11dateAndTime15SetTimeResponseEEcvSt12auto_ptr_refIT_EIS2_EEv
 .text._ZNSt8auto_ptrIN8ingenico11dateAndTime15SetTimeResponseEEC2ESt12auto_ptr_refIS2_E
                0x0001cd88       0x40 Obj/GNU_ARM_DEBUG_TETRA/TimeAndDate.pb.o
                0x0001cd88                std::auto_ptr<ingenico::dateAndTime::SetTimeResponse>::auto_ptr(std::auto_ptr_ref<ingenico::dateAndTime::SetTimeResponse>)
                0x0001cd88                std::auto_ptr<ingenico::dateAndTime::SetTimeResponse>::auto_ptr(std::auto_ptr_ref<ingenico::dateAndTime::SetTimeResponse>)
 .text._ZN6google8protobuf8internal25dynamic_cast_if_availableIPKN8ingenico11dateAndTime15SetTimeResponseEPKNS0_7MessageEEET_T0_
                0x0001cdc8       0x60 Obj/GNU_ARM_DEBUG_TETRA/TimeAndDate.pb.o
                0x0001cdc8                ingenico::dateAndTime::SetTimeResponse const* google::protobuf::internal::dynamic_cast_if_available<ingenico::dateAndTime::SetTimeResponse const*, google::protobuf::Message const*>(google::protobuf::Message const*)
 .text._ZNSt8auto_ptrIN8ingenico11dateAndTime14SetTimeRequestEEC2EPS2_
                0x0001ce28       0x40 Obj/GNU_ARM_DEBUG_TETRA/TimeAndDate.pb.o
                0x0001ce28                std::auto_ptr<ingenico::dateAndTime::SetTimeRequest>::auto_ptr(ingenico::dateAndTime::SetTimeRequest*)
                0x0001ce28                std::auto_ptr<ingenico::dateAndTime::SetTimeRequest>::auto_ptr(ingenico::dateAndTime::SetTimeRequest*)
 .text._ZNSt8auto_ptrIN8ingenico11dateAndTime14SetTimeRequestEED2Ev
                0x0001ce68       0x54 Obj/GNU_ARM_DEBUG_TETRA/TimeAndDate.pb.o
                0x0001ce68                std::auto_ptr<ingenico::dateAndTime::SetTimeRequest>::~auto_ptr()
                0x0001ce68                std::auto_ptr<ingenico::dateAndTime::SetTimeRequest>::~auto_ptr()
 .text._ZNSt8auto_ptrIN8ingenico11dateAndTime14SetTimeRequestEEcvSt12auto_ptr_refIT_EIS2_EEv
                0x0001cebc       0x64 Obj/GNU_ARM_DEBUG_TETRA/TimeAndDate.pb.o
                0x0001cebc                _ZNSt8auto_ptrIN8ingenico11dateAndTime14SetTimeRequestEEcvSt12auto_ptr_refIT_EIS2_EEv
 .text._ZNSt8auto_ptrIN8ingenico11dateAndTime14SetTimeRequestEEC2ESt12auto_ptr_refIS2_E
                0x0001cf20       0x40 Obj/GNU_ARM_DEBUG_TETRA/TimeAndDate.pb.o
                0x0001cf20                std::auto_ptr<ingenico::dateAndTime::SetTimeRequest>::auto_ptr(std::auto_ptr_ref<ingenico::dateAndTime::SetTimeRequest>)
                0x0001cf20                std::auto_ptr<ingenico::dateAndTime::SetTimeRequest>::auto_ptr(std::auto_ptr_ref<ingenico::dateAndTime::SetTimeRequest>)
 .text._ZN6google8protobuf8internal25dynamic_cast_if_availableIPKN8ingenico11dateAndTime14SetTimeRequestEPKNS0_7MessageEEET_T0_
                0x0001cf60       0x60 Obj/GNU_ARM_DEBUG_TETRA/TimeAndDate.pb.o
                0x0001cf60                ingenico::dateAndTime::SetTimeRequest const* google::protobuf::internal::dynamic_cast_if_available<ingenico::dateAndTime::SetTimeRequest const*, google::protobuf::Message const*>(google::protobuf::Message const*)
 .text._ZNSt8auto_ptrIN8ingenico11dateAndTime12TestResponseEEC2EPS2_
                0x0001cfc0       0x40 Obj/GNU_ARM_DEBUG_TETRA/TimeAndDate.pb.o
                0x0001cfc0                std::auto_ptr<ingenico::dateAndTime::TestResponse>::auto_ptr(ingenico::dateAndTime::TestResponse*)
                0x0001cfc0                std::auto_ptr<ingenico::dateAndTime::TestResponse>::auto_ptr(ingenico::dateAndTime::TestResponse*)
 .text._ZNSt8auto_ptrIN8ingenico11dateAndTime12TestResponseEED2Ev
                0x0001d000       0x54 Obj/GNU_ARM_DEBUG_TETRA/TimeAndDate.pb.o
                0x0001d000                std::auto_ptr<ingenico::dateAndTime::TestResponse>::~auto_ptr()
                0x0001d000                std::auto_ptr<ingenico::dateAndTime::TestResponse>::~auto_ptr()
 .text._ZNSt8auto_ptrIN8ingenico11dateAndTime12TestResponseEEcvSt12auto_ptr_refIT_EIS2_EEv
                0x0001d054       0x64 Obj/GNU_ARM_DEBUG_TETRA/TimeAndDate.pb.o
                0x0001d054                _ZNSt8auto_ptrIN8ingenico11dateAndTime12TestResponseEEcvSt12auto_ptr_refIT_EIS2_EEv
 .text._ZNSt8auto_ptrIN8ingenico11dateAndTime12TestResponseEEC2ESt12auto_ptr_refIS2_E
                0x0001d0b8       0x40 Obj/GNU_ARM_DEBUG_TETRA/TimeAndDate.pb.o
                0x0001d0b8                std::auto_ptr<ingenico::dateAndTime::TestResponse>::auto_ptr(std::auto_ptr_ref<ingenico::dateAndTime::TestResponse>)
                0x0001d0b8                std::auto_ptr<ingenico::dateAndTime::TestResponse>::auto_ptr(std::auto_ptr_ref<ingenico::dateAndTime::TestResponse>)
 .text._ZN6google8protobuf8internal25dynamic_cast_if_availableIPKN8ingenico11dateAndTime12TestResponseEPKNS0_7MessageEEET_T0_
                0x0001d0f8       0x60 Obj/GNU_ARM_DEBUG_TETRA/TimeAndDate.pb.o
                0x0001d0f8                ingenico::dateAndTime::TestResponse const* google::protobuf::internal::dynamic_cast_if_available<ingenico::dateAndTime::TestResponse const*, google::protobuf::Message const*>(google::protobuf::Message const*)
 .text._ZNSt8auto_ptrIN8ingenico11dateAndTime11TestRequestEEC2EPS2_
                0x0001d158       0x40 Obj/GNU_ARM_DEBUG_TETRA/TimeAndDate.pb.o
                0x0001d158                std::auto_ptr<ingenico::dateAndTime::TestRequest>::auto_ptr(ingenico::dateAndTime::TestRequest*)
                0x0001d158                std::auto_ptr<ingenico::dateAndTime::TestRequest>::auto_ptr(ingenico::dateAndTime::TestRequest*)
 .text._ZNSt8auto_ptrIN8ingenico11dateAndTime11TestRequestEED2Ev
                0x0001d198       0x54 Obj/GNU_ARM_DEBUG_TETRA/TimeAndDate.pb.o
                0x0001d198                std::auto_ptr<ingenico::dateAndTime::TestRequest>::~auto_ptr()
                0x0001d198                std::auto_ptr<ingenico::dateAndTime::TestRequest>::~auto_ptr()
 .text._ZNSt8auto_ptrIN8ingenico11dateAndTime11TestRequestEEcvSt12auto_ptr_refIT_EIS2_EEv
                0x0001d1ec       0x64 Obj/GNU_ARM_DEBUG_TETRA/TimeAndDate.pb.o
                0x0001d1ec                _ZNSt8auto_ptrIN8ingenico11dateAndTime11TestRequestEEcvSt12auto_ptr_refIT_EIS2_EEv
 .text._ZNSt8auto_ptrIN8ingenico11dateAndTime11TestRequestEEC2ESt12auto_ptr_refIS2_E
                0x0001d250       0x40 Obj/GNU_ARM_DEBUG_TETRA/TimeAndDate.pb.o
                0x0001d250                std::auto_ptr<ingenico::dateAndTime::TestRequest>::auto_ptr(std::auto_ptr_ref<ingenico::dateAndTime::TestRequest>)
                0x0001d250                std::auto_ptr<ingenico::dateAndTime::TestRequest>::auto_ptr(std::auto_ptr_ref<ingenico::dateAndTime::TestRequest>)
 .text._ZN6google8protobuf8internal25dynamic_cast_if_availableIPKN8ingenico11dateAndTime11TestRequestEPKNS0_7MessageEEET_T0_
                0x0001d290       0x60 Obj/GNU_ARM_DEBUG_TETRA/TimeAndDate.pb.o
                0x0001d290                ingenico::dateAndTime::TestRequest const* google::protobuf::internal::dynamic_cast_if_available<ingenico::dateAndTime::TestRequest const*, google::protobuf::Message const*>(google::protobuf::Message const*)
 .text._ZNKSt6vectorIN6google8protobuf12UnknownFieldESaIS2_EE3endEv
                0x0001d2f0       0x54 Obj/GNU_ARM_DEBUG_TETRA/TimeAndDate.pb.o
                0x0001d2f0                std::vector<google::protobuf::UnknownField, std::allocator<google::protobuf::UnknownField> >::end() const
 .text._ZNKSt6vectorIN6google8protobuf12UnknownFieldESaIS2_EE5beginEv
                0x0001d344       0x54 Obj/GNU_ARM_DEBUG_TETRA/TimeAndDate.pb.o
                0x0001d344                std::vector<google::protobuf::UnknownField, std::allocator<google::protobuf::UnknownField> >::begin() const
 .text._ZN9__gnu_cxxeqIPKN6google8protobuf12UnknownFieldESt6vectorIS3_SaIS3_EEEEbRKNS_17__normal_iteratorIT_T0_EESE_
                0x0001d398       0x58 Obj/GNU_ARM_DEBUG_TETRA/TimeAndDate.pb.o
                0x0001d398                bool __gnu_cxx::operator==<google::protobuf::UnknownField const*, std::vector<google::protobuf::UnknownField, std::allocator<google::protobuf::UnknownField> > >(__gnu_cxx::__normal_iterator<google::protobuf::UnknownField const*, std::vector<google::protobuf::UnknownField, std::allocator<google::protobuf::UnknownField> > > const&, __gnu_cxx::__normal_iterator<google::protobuf::UnknownField const*, std::vector<google::protobuf::UnknownField, std::allocator<google::protobuf::UnknownField> > > const&)
 .text._ZNSt8auto_ptrIN8ingenico11dateAndTime14GetDateRequestEE7releaseEv
                0x0001d3f0       0x44 Obj/GNU_ARM_DEBUG_TETRA/TimeAndDate.pb.o
                0x0001d3f0                std::auto_ptr<ingenico::dateAndTime::GetDateRequest>::release()
 .text._ZNSt12auto_ptr_refIN8ingenico11dateAndTime14GetDateRequestEEC2EPS2_
                0x0001d434       0x40 Obj/GNU_ARM_DEBUG_TETRA/TimeAndDate.pb.o
                0x0001d434                std::auto_ptr_ref<ingenico::dateAndTime::GetDateRequest>::auto_ptr_ref(ingenico::dateAndTime::GetDateRequest*)
                0x0001d434                std::auto_ptr_ref<ingenico::dateAndTime::GetDateRequest>::auto_ptr_ref(ingenico::dateAndTime::GetDateRequest*)
 .text._ZNSt8auto_ptrIN8ingenico11dateAndTime15GetDateResponseEE7releaseEv
                0x0001d474       0x44 Obj/GNU_ARM_DEBUG_TETRA/TimeAndDate.pb.o
                0x0001d474                std::auto_ptr<ingenico::dateAndTime::GetDateResponse>::release()
 .text._ZNSt12auto_ptr_refIN8ingenico11dateAndTime15GetDateResponseEEC2EPS2_
                0x0001d4b8       0x40 Obj/GNU_ARM_DEBUG_TETRA/TimeAndDate.pb.o
                0x0001d4b8                std::auto_ptr_ref<ingenico::dateAndTime::GetDateResponse>::auto_ptr_ref(ingenico::dateAndTime::GetDateResponse*)
                0x0001d4b8                std::auto_ptr_ref<ingenico::dateAndTime::GetDateResponse>::auto_ptr_ref(ingenico::dateAndTime::GetDateResponse*)
 .text._ZNSt8auto_ptrIN8ingenico11dateAndTime15SetDateResponseEE7releaseEv
                0x0001d4f8       0x44 Obj/GNU_ARM_DEBUG_TETRA/TimeAndDate.pb.o
                0x0001d4f8                std::auto_ptr<ingenico::dateAndTime::SetDateResponse>::release()
 .text._ZNSt12auto_ptr_refIN8ingenico11dateAndTime15SetDateResponseEEC2EPS2_
                0x0001d53c       0x40 Obj/GNU_ARM_DEBUG_TETRA/TimeAndDate.pb.o
                0x0001d53c                std::auto_ptr_ref<ingenico::dateAndTime::SetDateResponse>::auto_ptr_ref(ingenico::dateAndTime::SetDateResponse*)
                0x0001d53c                std::auto_ptr_ref<ingenico::dateAndTime::SetDateResponse>::auto_ptr_ref(ingenico::dateAndTime::SetDateResponse*)
 .text._ZNSt8auto_ptrIN8ingenico11dateAndTime14SetDateRequestEE7releaseEv
                0x0001d57c       0x44 Obj/GNU_ARM_DEBUG_TETRA/TimeAndDate.pb.o
                0x0001d57c                std::auto_ptr<ingenico::dateAndTime::SetDateRequest>::release()
 .text._ZNSt12auto_ptr_refIN8ingenico11dateAndTime14SetDateRequestEEC2EPS2_
                0x0001d5c0       0x40 Obj/GNU_ARM_DEBUG_TETRA/TimeAndDate.pb.o
                0x0001d5c0                std::auto_ptr_ref<ingenico::dateAndTime::SetDateRequest>::auto_ptr_ref(ingenico::dateAndTime::SetDateRequest*)
                0x0001d5c0                std::auto_ptr_ref<ingenico::dateAndTime::SetDateRequest>::auto_ptr_ref(ingenico::dateAndTime::SetDateRequest*)
 .text._ZNSt8auto_ptrIN8ingenico11dateAndTime15SetTimeResponseEE7releaseEv
                0x0001d600       0x44 Obj/GNU_ARM_DEBUG_TETRA/TimeAndDate.pb.o
                0x0001d600                std::auto_ptr<ingenico::dateAndTime::SetTimeResponse>::release()
 .text._ZNSt12auto_ptr_refIN8ingenico11dateAndTime15SetTimeResponseEEC2EPS2_
                0x0001d644       0x40 Obj/GNU_ARM_DEBUG_TETRA/TimeAndDate.pb.o
                0x0001d644                std::auto_ptr_ref<ingenico::dateAndTime::SetTimeResponse>::auto_ptr_ref(ingenico::dateAndTime::SetTimeResponse*)
                0x0001d644                std::auto_ptr_ref<ingenico::dateAndTime::SetTimeResponse>::auto_ptr_ref(ingenico::dateAndTime::SetTimeResponse*)
 .text._ZNSt8auto_ptrIN8ingenico11dateAndTime14SetTimeRequestEE7releaseEv
                0x0001d684       0x44 Obj/GNU_ARM_DEBUG_TETRA/TimeAndDate.pb.o
                0x0001d684                std::auto_ptr<ingenico::dateAndTime::SetTimeRequest>::release()
 .text._ZNSt12auto_ptr_refIN8ingenico11dateAndTime14SetTimeRequestEEC2EPS2_
                0x0001d6c8       0x40 Obj/GNU_ARM_DEBUG_TETRA/TimeAndDate.pb.o
                0x0001d6c8                std::auto_ptr_ref<ingenico::dateAndTime::SetTimeRequest>::auto_ptr_ref(ingenico::dateAndTime::SetTimeRequest*)
                0x0001d6c8                std::auto_ptr_ref<ingenico::dateAndTime::SetTimeRequest>::auto_ptr_ref(ingenico::dateAndTime::SetTimeRequest*)
 .text._ZNSt8auto_ptrIN8ingenico11dateAndTime12TestResponseEE7releaseEv
                0x0001d708       0x44 Obj/GNU_ARM_DEBUG_TETRA/TimeAndDate.pb.o
                0x0001d708                std::auto_ptr<ingenico::dateAndTime::TestResponse>::release()
 .text._ZNSt12auto_ptr_refIN8ingenico11dateAndTime12TestResponseEEC2EPS2_
                0x0001d74c       0x40 Obj/GNU_ARM_DEBUG_TETRA/TimeAndDate.pb.o
                0x0001d74c                std::auto_ptr_ref<ingenico::dateAndTime::TestResponse>::auto_ptr_ref(ingenico::dateAndTime::TestResponse*)
                0x0001d74c                std::auto_ptr_ref<ingenico::dateAndTime::TestResponse>::auto_ptr_ref(ingenico::dateAndTime::TestResponse*)
 .text._ZNSt8auto_ptrIN8ingenico11dateAndTime11TestRequestEE7releaseEv
                0x0001d78c       0x44 Obj/GNU_ARM_DEBUG_TETRA/TimeAndDate.pb.o
                0x0001d78c                std::auto_ptr<ingenico::dateAndTime::TestRequest>::release()
 .text._ZNSt12auto_ptr_refIN8ingenico11dateAndTime11TestRequestEEC2EPS2_
                0x0001d7d0       0x40 Obj/GNU_ARM_DEBUG_TETRA/TimeAndDate.pb.o
                0x0001d7d0                std::auto_ptr_ref<ingenico::dateAndTime::TestRequest>::auto_ptr_ref(ingenico::dateAndTime::TestRequest*)
                0x0001d7d0                std::auto_ptr_ref<ingenico::dateAndTime::TestRequest>::auto_ptr_ref(ingenico::dateAndTime::TestRequest*)
 .text._ZN9__gnu_cxx17__normal_iteratorIPKN6google8protobuf12UnknownFieldESt6vectorIS3_SaIS3_EEEC2ERKS5_
                0x0001d810       0x44 Obj/GNU_ARM_DEBUG_TETRA/TimeAndDate.pb.o
                0x0001d810                __gnu_cxx::__normal_iterator<google::protobuf::UnknownField const*, std::vector<google::protobuf::UnknownField, std::allocator<google::protobuf::UnknownField> > >::__normal_iterator(google::protobuf::UnknownField const* const&)
                0x0001d810                __gnu_cxx::__normal_iterator<google::protobuf::UnknownField const*, std::vector<google::protobuf::UnknownField, std::allocator<google::protobuf::UnknownField> > >::__normal_iterator(google::protobuf::UnknownField const* const&)
 .text._ZNK9__gnu_cxx17__normal_iteratorIPKN6google8protobuf12UnknownFieldESt6vectorIS3_SaIS3_EEE4baseEv
                0x0001d854       0x38 Obj/GNU_ARM_DEBUG_TETRA/TimeAndDate.pb.o
                0x0001d854                __gnu_cxx::__normal_iterator<google::protobuf::UnknownField const*, std::vector<google::protobuf::UnknownField, std::allocator<google::protobuf::UnknownField> > >::base() const
 .text          0x0001d88c     0x1bd4 Obj/GNU_ARM_DEBUG_TETRA/DateAndTimeProxy.o
                0x0001d88c                ingenico::dateAndTime::DateAndTimeProxy::DateAndTimeProxy()
                0x0001d88c                ingenico::dateAndTime::DateAndTimeProxy::DateAndTimeProxy()
                0x0001db18                ingenico::dateAndTime::DateAndTimeProxy::DateAndTimeProxy(ingenico::dateAndTime::DateAndTimeProxy const&)
                0x0001db18                ingenico::dateAndTime::DateAndTimeProxy::DateAndTimeProxy(ingenico::dateAndTime::DateAndTimeProxy const&)
                0x0001dbbc                ingenico::dateAndTime::DateAndTimeProxy::operator=(ingenico::dateAndTime::DateAndTimeProxy const&)
                0x0001dbf8                ingenico::dateAndTime::DateAndTimeProxy::~DateAndTimeProxy()
                0x0001dbf8                ingenico::dateAndTime::DateAndTimeProxy::~DateAndTimeProxy()
                0x0001dee4                ingenico::dateAndTime::DateAndTimeProxy::~DateAndTimeProxy()
                0x0001df28                ingenico::dateAndTime::DateAndTimeProxy::getServiceClass() const
                0x0001df9c                ingenico::dateAndTime::DateAndTimeProxy::getReservationProxy() const
                0x0001dfd8                ingenico::dateAndTime::DateAndTimeProxy::setDate(std::string const&, std::string&)
                0x0001e130                ingenico::dateAndTime::DateAndTimeProxy::sendSetDateRequest(std::string const&)
                0x0001e204                ingenico::dateAndTime::DateAndTimeProxy::registerSetDateResponse(void (*)(std::string&))
                0x0001e25c                ingenico::dateAndTime::DateAndTimeProxy::unregisterSetDateResponse(void (*)(std::string&))
                0x0001e2b4                ingenico::dateAndTime::DateAndTimeProxy::internalBindSetDateResponse(ingenico::dateAndTime::ISetDateResponseBindable*)
                0x0001e2fc                ingenico::dateAndTime::DateAndTimeProxy::internalUnbindSetDateResponse(ingenico::dateAndTime::ISetDateResponseBindable*)
                0x0001e3d4                ingenico::dateAndTime::DateAndTimeProxy::receiveSetDateResponse(ingenico::service::Link&)
                0x0001e524                ingenico::dateAndTime::DateAndTimeProxy::getDate(std::string&)
                0x0001e668                ingenico::dateAndTime::DateAndTimeProxy::sendGetDateRequest()
                0x0001e724                ingenico::dateAndTime::DateAndTimeProxy::registerGetDateResponse(void (*)(std::string&))
                0x0001e77c                ingenico::dateAndTime::DateAndTimeProxy::unregisterGetDateResponse(void (*)(std::string&))
                0x0001e7d4                ingenico::dateAndTime::DateAndTimeProxy::internalBindGetDateResponse(ingenico::dateAndTime::IGetDateResponseBindable*)
                0x0001e81c                ingenico::dateAndTime::DateAndTimeProxy::internalUnbindGetDateResponse(ingenico::dateAndTime::IGetDateResponseBindable*)
                0x0001e8f8                ingenico::dateAndTime::DateAndTimeProxy::receiveGetDateResponse(ingenico::service::Link&)
                0x0001ea4c                ingenico::dateAndTime::DateAndTimeProxy::test()
                0x0001eb6c                ingenico::dateAndTime::DateAndTimeProxy::sendTestRequest()
                0x0001ec28                ingenico::dateAndTime::DateAndTimeProxy::registerTestResponse(void (*)())
                0x0001ec80                ingenico::dateAndTime::DateAndTimeProxy::unregisterTestResponse(void (*)())
                0x0001ecd8                ingenico::dateAndTime::DateAndTimeProxy::internalBindTestResponse(ingenico::dateAndTime::ITestResponseBindable*)
                0x0001ed20                ingenico::dateAndTime::DateAndTimeProxy::internalUnbindTestResponse(ingenico::dateAndTime::ITestResponseBindable*)
                0x0001edfc                ingenico::dateAndTime::DateAndTimeProxy::receiveTestResponse(ingenico::service::Link&)
                0x0001ef0c                ingenico::dateAndTime::DateAndTimeProxy::setTime(std::string const&, std::string&)
                0x0001f064                ingenico::dateAndTime::DateAndTimeProxy::sendSetTimeRequest(std::string const&)